Archive member included to satisfy reference by file (symbol)

E:\stm32f030f4p6\build\lib\libSTM32F030F4P6.a(startup_stm32f030x6.s.obj)
                              (Reset_Handler)
E:\stm32f030f4p6\build\lib\libSTM32F030F4P6.a(system_stm32f0xx.c.obj)
                              E:\stm32f030f4p6\build\lib\libSTM32F030F4P6.a(startup_stm32f030x6.s.obj) (SystemInit)
E:\stm32f030f4p6\build\lib\libSTM32F030F4P6.a(stm32f0xx_gpio.c.obj)
                              CMakeFiles/STM32F030F4P6.elf.dir/Source/led.c.obj (GPIO_Init)
E:\stm32f030f4p6\build\lib\libSTM32F030F4P6.a(stm32f0xx_misc.c.obj)
                              CMakeFiles/STM32F030F4P6.elf.dir/Source/uart.c.obj (NVIC_Init)
E:\stm32f030f4p6\build\lib\libSTM32F030F4P6.a(stm32f0xx_rcc.c.obj)
                              CMakeFiles/STM32F030F4P6.elf.dir/Source/led.c.obj (RCC_AHBPeriphClockCmd)
E:\stm32f030f4p6\build\lib\libSTM32F030F4P6.a(stm32f0xx_usart.c.obj)
                              CMakeFiles/STM32F030F4P6.elf.dir/Source/uart.c.obj (USART_DeInit)
E:\stm32f030f4p6\build\lib\libSTM32F030F4P6.a(port.c.obj)
                              CMakeFiles/STM32F030F4P6.elf.dir/Source/uart.c.obj (vPortEnterCritical)
E:\stm32f030f4p6\build\lib\libSTM32F030F4P6.a(portasm.c.obj)
                              E:\stm32f030f4p6\build\lib\libSTM32F030F4P6.a(port.c.obj) (vRestoreContextOfFirstTask)
E:\stm32f030f4p6\build\lib\libSTM32F030F4P6.a(queue.c.obj)
                              CMakeFiles/STM32F030F4P6.elf.dir/Source/modbus.c.obj (xQueueGenericCreate)
E:\stm32f030f4p6\build\lib\libSTM32F030F4P6.a(stream_buffer.c.obj)
                              CMakeFiles/STM32F030F4P6.elf.dir/Source/uart.c.obj (xStreamBufferGenericCreate)
E:\stm32f030f4p6\build\lib\libSTM32F030F4P6.a(tasks.c.obj)
                              CMakeFiles/STM32F030F4P6.elf.dir/Source/led.c.obj (xTaskCreate)
E:\stm32f030f4p6\build\lib\libSTM32F030F4P6.a(list.c.obj)
                              E:\stm32f030f4p6\build\lib\libSTM32F030F4P6.a(queue.c.obj) (vListInitialise)
E:\stm32f030f4p6\build\lib\libSTM32F030F4P6.a(heap_4.c.obj)
                              E:\stm32f030f4p6\build\lib\libSTM32F030F4P6.a(queue.c.obj) (pvPortMalloc)
e:/tools/gcc-arm-none-eabi-10.3-2021.10/bin/../lib/gcc/arm-none-eabi/10.3.1/thumb/v6-m/nofp\libgcc.a(_udivsi3.o)
                              CMakeFiles/STM32F030F4P6.elf.dir/main.c.obj (__aeabi_uidiv)
e:/tools/gcc-arm-none-eabi-10.3-2021.10/bin/../lib/gcc/arm-none-eabi/10.3.1/thumb/v6-m/nofp\libgcc.a(_dvmd_tls.o)
                              e:/tools/gcc-arm-none-eabi-10.3-2021.10/bin/../lib/gcc/arm-none-eabi/10.3.1/thumb/v6-m/nofp\libgcc.a(_udivsi3.o) (__aeabi_idiv0)
e:/tools/gcc-arm-none-eabi-10.3-2021.10/bin/../lib/gcc/arm-none-eabi/10.3.1/../../../../arm-none-eabi/lib/thumb/v6-m/nofp\libg_nano.a(lib_a-exit.o)
                              e:/tools/gcc-arm-none-eabi-10.3-2021.10/bin/../lib/gcc/arm-none-eabi/10.3.1/../../../../arm-none-eabi/lib/thumb/v6-m/nofp/rdimon-crt0.o (exit)
e:/tools/gcc-arm-none-eabi-10.3-2021.10/bin/../lib/gcc/arm-none-eabi/10.3.1/../../../../arm-none-eabi/lib/thumb/v6-m/nofp\libg_nano.a(lib_a-impure.o)
                              e:/tools/gcc-arm-none-eabi-10.3-2021.10/bin/../lib/gcc/arm-none-eabi/10.3.1/../../../../arm-none-eabi/lib/thumb/v6-m/nofp\libg_nano.a(lib_a-exit.o) (_global_impure_ptr)
e:/tools/gcc-arm-none-eabi-10.3-2021.10/bin/../lib/gcc/arm-none-eabi/10.3.1/../../../../arm-none-eabi/lib/thumb/v6-m/nofp\libg_nano.a(lib_a-init.o)
                              e:/tools/gcc-arm-none-eabi-10.3-2021.10/bin/../lib/gcc/arm-none-eabi/10.3.1/../../../../arm-none-eabi/lib/thumb/v6-m/nofp/rdimon-crt0.o (__libc_init_array)
e:/tools/gcc-arm-none-eabi-10.3-2021.10/bin/../lib/gcc/arm-none-eabi/10.3.1/../../../../arm-none-eabi/lib/thumb/v6-m/nofp\libg_nano.a(lib_a-memcpy-stub.o)
                              CMakeFiles/STM32F030F4P6.elf.dir/Source/modbus.c.obj (memcpy)
e:/tools/gcc-arm-none-eabi-10.3-2021.10/bin/../lib/gcc/arm-none-eabi/10.3.1/../../../../arm-none-eabi/lib/thumb/v6-m/nofp\libg_nano.a(lib_a-memset.o)
                              e:/tools/gcc-arm-none-eabi-10.3-2021.10/bin/../lib/gcc/arm-none-eabi/10.3.1/../../../../arm-none-eabi/lib/thumb/v6-m/nofp/rdimon-crt0.o (memset)
e:/tools/gcc-arm-none-eabi-10.3-2021.10/bin/../lib/gcc/arm-none-eabi/10.3.1/../../../../arm-none-eabi/lib/thumb/v6-m/nofp\librdimon_nano.a(rdimon-syscalls.o)
                              e:/tools/gcc-arm-none-eabi-10.3-2021.10/bin/../lib/gcc/arm-none-eabi/10.3.1/../../../../arm-none-eabi/lib/thumb/v6-m/nofp/rdimon-crt0.o (initialise_monitor_handles)
e:/tools/gcc-arm-none-eabi-10.3-2021.10/bin/../lib/gcc/arm-none-eabi/10.3.1/../../../../arm-none-eabi/lib/thumb/v6-m/nofp\librdimon_nano.a(rdimon-_exit.o)
                              e:/tools/gcc-arm-none-eabi-10.3-2021.10/bin/../lib/gcc/arm-none-eabi/10.3.1/../../../../arm-none-eabi/lib/thumb/v6-m/nofp\libg_nano.a(lib_a-exit.o) (_exit)
[...]
Memory Configuration

Name             Origin             Length             Attributes
RAM              0x20000000         0x00001000         xrw
FLASH            0x08000000         0x00004000         xr
*default*        0x00000000         0xffffffff

Linker script and memory map

LOAD e:/tools/gcc-arm-none-eabi-10.3-2021.10/bin/../lib/gcc/arm-none-eabi/10.3.1/thumb/v6-m/nofp/crti.o
LOAD e:/tools/gcc-arm-none-eabi-10.3-2021.10/bin/../lib/gcc/arm-none-eabi/10.3.1/thumb/v6-m/nofp/crtbegin.o
LOAD e:/tools/gcc-arm-none-eabi-10.3-2021.10/bin/../lib/gcc/arm-none-eabi/10.3.1/../../../../arm-none-eabi/lib/thumb/v6-m/nofp/rdimon-crt0.o
LOAD CMakeFiles/STM32F030F4P6.elf.dir/main.c.obj
LOAD CMakeFiles/STM32F030F4P6.elf.dir/Source/led.c.obj
LOAD CMakeFiles/STM32F030F4P6.elf.dir/Source/modbus.c.obj
LOAD CMakeFiles/STM32F030F4P6.elf.dir/Source/uart.c.obj
LOAD E:\stm32f030f4p6\build\lib\libSTM32F030F4P6.a
START GROUP
LOAD e:/tools/gcc-arm-none-eabi-10.3-2021.10/bin/../lib/gcc/arm-none-eabi/10.3.1/thumb/v6-m/nofp\libgcc.a
LOAD e:/tools/gcc-arm-none-eabi-10.3-2021.10/bin/../lib/gcc/arm-none-eabi/10.3.1/../../../../arm-none-eabi/lib/thumb/v6-m/nofp\libg_nano.a
LOAD e:/tools/gcc-arm-none-eabi-10.3-2021.10/bin/../lib/gcc/arm-none-eabi/10.3.1/../../../../arm-none-eabi/lib/thumb/v6-m/nofp\libc_nano.a
END GROUP
START GROUP
LOAD e:/tools/gcc-arm-none-eabi-10.3-2021.10/bin/../lib/gcc/arm-none-eabi/10.3.1/thumb/v6-m/nofp\libgcc.a
LOAD e:/tools/gcc-arm-none-eabi-10.3-2021.10/bin/../lib/gcc/arm-none-eabi/10.3.1/../../../../arm-none-eabi/lib/thumb/v6-m/nofp\libc_nano.a
LOAD e:/tools/gcc-arm-none-eabi-10.3-2021.10/bin/../lib/gcc/arm-none-eabi/10.3.1/../../../../arm-none-eabi/lib/thumb/v6-m/nofp\librdimon_nano.a
END GROUP
START GROUP
LOAD e:/tools/gcc-arm-none-eabi-10.3-2021.10/bin/../lib/gcc/arm-none-eabi/10.3.1/thumb/v6-m/nofp\libgcc.a
LOAD e:/tools/gcc-arm-none-eabi-10.3-2021.10/bin/../lib/gcc/arm-none-eabi/10.3.1/../../../../arm-none-eabi/lib/thumb/v6-m/nofp\libc_nano.a
LOAD e:/tools/gcc-arm-none-eabi-10.3-2021.10/bin/../lib/gcc/arm-none-eabi/10.3.1/../../../../arm-none-eabi/lib/thumb/v6-m/nofp\librdimon_nano.a
LOAD e:/tools/gcc-arm-none-eabi-10.3-2021.10/bin/../lib/gcc/arm-none-eabi/10.3.1/../../../../arm-none-eabi/lib/thumb/v6-m/nofp\libnosys.a
END GROUP
START GROUP
LOAD e:/tools/gcc-arm-none-eabi-10.3-2021.10/bin/../lib/gcc/arm-none-eabi/10.3.1/thumb/v6-m/nofp\libgcc.a
LOAD e:/tools/gcc-arm-none-eabi-10.3-2021.10/bin/../lib/gcc/arm-none-eabi/10.3.1/../../../../arm-none-eabi/lib/thumb/v6-m/nofp\libc_nano.a
LOAD e:/tools/gcc-arm-none-eabi-10.3-2021.10/bin/../lib/gcc/arm-none-eabi/10.3.1/../../../../arm-none-eabi/lib/thumb/v6-m/nofp\libnosys.a
END GROUP
LOAD e:/tools/gcc-arm-none-eabi-10.3-2021.10/bin/../lib/gcc/arm-none-eabi/10.3.1/thumb/v6-m/nofp/crtend.o
LOAD e:/tools/gcc-arm-none-eabi-10.3-2021.10/bin/../lib/gcc/arm-none-eabi/10.3.1/thumb/v6-m/nofp/crtn.o
                0x20001000                _estack = (ORIGIN (RAM) + LENGTH (RAM))
                0x00000200                _Min_Heap_Size = 0x200
                0x00000400                _Min_Stack_Size = 0x400

.isr_vector     0x08000000       0xc0
                0x08000000                . = ALIGN (0x4)
 *(.isr_vector)
 .isr_vector    0x08000000       0xc0 E:\stm32f030f4p6\build\lib\libSTM32F030F4P6.a(startup_stm32f030x6.s.obj)
                0x08000000                g_pfnVectors
                0x080000c0                . = ALIGN (0x4)

.text           0x080000c0     0x2eb8
                0x080000c0                . = ALIGN (0x4)
 *(.text)
 .text          0x080000c0       0x48 e:/tools/gcc-arm-none-eabi-10.3-2021.10/bin/../lib/gcc/arm-none-eabi/10.3.1/thumb/v6-m/nofp/crtbegin.o
 .text          0x08000108      0x114 e:/tools/gcc-arm-none-eabi-10.3-2021.10/bin/../lib/gcc/arm-none-eabi/10.3.1/thumb/v6-m/nofp\libgcc.a(_udivsi3.o)
                0x08000108                __aeabi_uidiv
                0x08000108                __udivsi3
                0x08000214                __aeabi_uidivmod
 .text          0x0800021c        0x4 e:/tools/gcc-arm-none-eabi-10.3-2021.10/bin/../lib/gcc/arm-none-eabi/10.3.1/thumb/v6-m/nofp\libgcc.a(_dvmd_tls.o)
                0x0800021c                __aeabi_idiv0
                0x0800021c                __aeabi_ldiv0
 *(.text*)
 .text.main     0x08000220       0x5c CMakeFiles/STM32F030F4P6.elf.dir/main.c.obj
                0x08000220                main
 .text.led_task
                0x0800027c       0x28 CMakeFiles/STM32F030F4P6.elf.dir/Source/led.c.obj
 .text.led_init
                0x080002a4       0x48 CMakeFiles/STM32F030F4P6.elf.dir/Source/led.c.obj
                0x080002a4                led_init
 .text.crc16    0x080002ec       0x3c CMakeFiles/STM32F030F4P6.elf.dir/Source/modbus.c.obj
 .text.modbus_get_reg
                0x08000328       0x34 CMakeFiles/STM32F030F4P6.elf.dir/Source/modbus.c.obj
 .text.modbus_get_val
                0x0800035c       0x34 CMakeFiles/STM32F030F4P6.elf.dir/Source/modbus.c.obj
 .text.modbus_set_out
                0x08000390       0x58 CMakeFiles/STM32F030F4P6.elf.dir/Source/modbus.c.obj
 .text.modbus_set_reg
                0x080003e8       0x20 CMakeFiles/STM32F030F4P6.elf.dir/Source/modbus.c.obj
 .text.modbus_set_out_mult
                0x08000408       0x6c CMakeFiles/STM32F030F4P6.elf.dir/Source/modbus.c.obj
 .text.modbus_set_reg_mult
                0x08000474       0x64 CMakeFiles/STM32F030F4P6.elf.dir/Source/modbus.c.obj
 .text.modbus_get_out
                0x080004d8       0x74 CMakeFiles/STM32F030F4P6.elf.dir/Source/modbus.c.obj
 .text.modbus_get_in
                0x0800054c       0x64 CMakeFiles/STM32F030F4P6.elf.dir/Source/modbus.c.obj
 .text.modbus_task
                0x080005b0       0xec CMakeFiles/STM32F030F4P6.elf.dir/Source/modbus.c.obj
 .text.uart_rcv_override
                0x0800069c      0x100 CMakeFiles/STM32F030F4P6.elf.dir/Source/modbus.c.obj
                0x0800069c                uart_rcv_override
 .text.modbus_init
                0x0800079c       0x5c CMakeFiles/STM32F030F4P6.elf.dir/Source/modbus.c.obj
                0x0800079c                modbus_init
 .text.uart_task
                0x080007f8       0x68 CMakeFiles/STM32F030F4P6.elf.dir/Source/uart.c.obj
 .text.USART1_IRQHandler
                0x08000860       0xd4 CMakeFiles/STM32F030F4P6.elf.dir/Source/uart.c.obj
                0x08000860                USART1_IRQHandler
 .text.uart_init
                0x08000934      0x118 CMakeFiles/STM32F030F4P6.elf.dir/Source/uart.c.obj
                0x08000934                uart_init
 .text.uart_snd
                0x08000a4c       0x34 CMakeFiles/STM32F030F4P6.elf.dir/Source/uart.c.obj
                0x08000a4c                uart_snd
 .text.Reset_Handler
                0x08000a80       0x50 E:\stm32f030f4p6\build\lib\libSTM32F030F4P6.a(startup_stm32f030x6.s.obj)
                0x08000a80                Reset_Handler
 .text.Default_Handler
                0x08000ad0        0x2 E:\stm32f030f4p6\build\lib\libSTM32F030F4P6.a(startup_stm32f030x6.s.obj)
                0x08000ad0                TIM1_CC_IRQHandler
                0x08000ad0                HardFault_Handler
                0x08000ad0                NMI_Handler
                0x08000ad0                I2C1_IRQHandler
                0x08000ad0                SPI1_IRQHandler
                0x08000ad0                EXTI2_3_IRQHandler
                0x08000ad0                ADC1_IRQHandler
                0x08000ad0                TIM17_IRQHandler
                0x08000ad0                RTC_IRQHandler
                0x08000ad0                TIM16_IRQHandler
                0x08000ad0                TIM3_IRQHandler
                0x08000ad0                EXTI4_15_IRQHandler
                0x08000ad0                RCC_IRQHandler
                0x08000ad0                DMA1_Channel1_IRQHandler
                0x08000ad0                Default_Handler
                0x08000ad0                TIM14_IRQHandler
                0x08000ad0                DMA1_Channel4_5_IRQHandler
                0x08000ad0                EXTI0_1_IRQHandler
                0x08000ad0                WWDG_IRQHandler
                0x08000ad0                DMA1_Channel2_3_IRQHandler
                0x08000ad0                FLASH_IRQHandler
                0x08000ad0                TIM1_BRK_UP_TRG_COM_IRQHandler
 *fill*         0x08000ad2        0x2 
 .text.SetSysClock
                0x08000ad4       0xb4 E:\stm32f030f4p6\build\lib\libSTM32F030F4P6.a(system_stm32f0xx.c.obj)
 .text.SystemInit
                0x08000b88       0x64 E:\stm32f030f4p6\build\lib\libSTM32F030F4P6.a(system_stm32f0xx.c.obj)
                0x08000b88                SystemInit
 .text.SystemCoreClockUpdate
                0x08000bec       0x98 E:\stm32f030f4p6\build\lib\libSTM32F030F4P6.a(system_stm32f0xx.c.obj)
                0x08000bec                SystemCoreClockUpdate
 .text.GPIO_Init
                0x08000c84       0x84 E:\stm32f030f4p6\build\lib\libSTM32F030F4P6.a(stm32f0xx_gpio.c.obj)
                0x08000c84                GPIO_Init
 .text.GPIO_SetBits
                0x08000d08        0x4 E:\stm32f030f4p6\build\lib\libSTM32F030F4P6.a(stm32f0xx_gpio.c.obj)
                0x08000d08                GPIO_SetBits
 .text.GPIO_ResetBits
                0x08000d0c        0x4 E:\stm32f030f4p6\build\lib\libSTM32F030F4P6.a(stm32f0xx_gpio.c.obj)
                0x08000d0c                GPIO_ResetBits
 .text.GPIO_PinAFConfig
                0x08000d10       0x24 E:\stm32f030f4p6\build\lib\libSTM32F030F4P6.a(stm32f0xx_gpio.c.obj)
                0x08000d10                GPIO_PinAFConfig
 .text.NVIC_Init
                0x08000d34       0x54 E:\stm32f030f4p6\build\lib\libSTM32F030F4P6.a(stm32f0xx_misc.c.obj)
                0x08000d34                NVIC_Init
 .text.SysTick_CLKSourceConfig
                0x08000d88       0x20 E:\stm32f030f4p6\build\lib\libSTM32F030F4P6.a(stm32f0xx_misc.c.obj)
                0x08000d88                SysTick_CLKSourceConfig
 .text.RCC_GetClocksFreq
                0x08000da8      0x1fc E:\stm32f030f4p6\build\lib\libSTM32F030F4P6.a(stm32f0xx_rcc.c.obj)
                0x08000da8                RCC_GetClocksFreq
 .text.RCC_AHBPeriphClockCmd
                0x08000fa4       0x1c E:\stm32f030f4p6\build\lib\libSTM32F030F4P6.a(stm32f0xx_rcc.c.obj)
                0x08000fa4                RCC_AHBPeriphClockCmd
 .text.RCC_APB2PeriphClockCmd
                0x08000fc0       0x1c E:\stm32f030f4p6\build\lib\libSTM32F030F4P6.a(stm32f0xx_rcc.c.obj)
                0x08000fc0                RCC_APB2PeriphClockCmd
 .text.RCC_APB2PeriphResetCmd
                0x08000fdc       0x1c E:\stm32f030f4p6\build\lib\libSTM32F030F4P6.a(stm32f0xx_rcc.c.obj)
                0x08000fdc                RCC_APB2PeriphResetCmd
 .text.RCC_APB1PeriphResetCmd
                0x08000ff8       0x1c E:\stm32f030f4p6\build\lib\libSTM32F030F4P6.a(stm32f0xx_rcc.c.obj)
                0x08000ff8                RCC_APB1PeriphResetCmd
 .text.USART_DeInit
                0x08001014       0xf8 E:\stm32f030f4p6\build\lib\libSTM32F030F4P6.a(stm32f0xx_usart.c.obj)
                0x08001014                USART_DeInit
 .text.USART_Init
                0x0800110c       0xe0 E:\stm32f030f4p6\build\lib\libSTM32F030F4P6.a(stm32f0xx_usart.c.obj)
                0x0800110c                USART_Init
 .text.USART_Cmd
                0x080011ec       0x18 E:\stm32f030f4p6\build\lib\libSTM32F030F4P6.a(stm32f0xx_usart.c.obj)
                0x080011ec                USART_Cmd
 .text.USART_SendData
                0x08001204        0x8 E:\stm32f030f4p6\build\lib\libSTM32F030F4P6.a(stm32f0xx_usart.c.obj)
                0x08001204                USART_SendData
 .text.USART_ReceiveData
                0x0800120c        0x8 E:\stm32f030f4p6\build\lib\libSTM32F030F4P6.a(stm32f0xx_usart.c.obj)
                0x0800120c                USART_ReceiveData
 .text.USART_ITConfig
                0x08001214       0x36 E:\stm32f030f4p6\build\lib\libSTM32F030F4P6.a(stm32f0xx_usart.c.obj)
                0x08001214                USART_ITConfig
 .text.USART_GetITStatus
                0x0800124a       0x44 E:\stm32f030f4p6\build\lib\libSTM32F030F4P6.a(stm32f0xx_usart.c.obj)
                0x0800124a                USART_GetITStatus
 .text.USART_ClearITPendingBit
                0x0800128e        0xa E:\stm32f030f4p6\build\lib\libSTM32F030F4P6.a(stm32f0xx_usart.c.obj)
                0x0800128e                USART_ClearITPendingBit
 .text.prvTaskExitError
                0x08001298       0x24 E:\stm32f030f4p6\build\lib\libSTM32F030F4P6.a(port.c.obj)
 .text.vPortSetupTimerInterrupt
                0x080012bc       0x28 E:\stm32f030f4p6\build\lib\libSTM32F030F4P6.a(port.c.obj)
                0x080012bc                vPortSetupTimerInterrupt
 .text.vPortYield
                0x080012e4       0x18 E:\stm32f030f4p6\build\lib\libSTM32F030F4P6.a(port.c.obj)
                0x080012e4                vPortYield
 .text.vPortEnterCritical
                0x080012fc       0x18 E:\stm32f030f4p6\build\lib\libSTM32F030F4P6.a(port.c.obj)
                0x080012fc                vPortEnterCritical
 .text.vPortExitCritical
                0x08001314       0x24 E:\stm32f030f4p6\build\lib\libSTM32F030F4P6.a(port.c.obj)
                0x08001314                vPortExitCritical
 .text.SysTick_Handler
                0x08001338       0x24 E:\stm32f030f4p6\build\lib\libSTM32F030F4P6.a(port.c.obj)
                0x08001338                SysTick_Handler
 .text.vPortSVCHandler_C
                0x0800135c       0x16 E:\stm32f030f4p6\build\lib\libSTM32F030F4P6.a(port.c.obj)
                0x0800135c                vPortSVCHandler_C
 *fill*         0x08001372        0x2 
 .text.pxPortInitialiseStack
                0x08001374       0xa0 E:\stm32f030f4p6\build\lib\libSTM32F030F4P6.a(port.c.obj)
                0x08001374                pxPortInitialiseStack
 .text.xPortStartScheduler
                0x08001414       0x6c E:\stm32f030f4p6\build\lib\libSTM32F030F4P6.a(port.c.obj)
                0x08001414                xPortStartScheduler
 .text.vRestoreContextOfFirstTask
                0x08001480       0x24 E:\stm32f030f4p6\build\lib\libSTM32F030F4P6.a(portasm.c.obj)
                0x08001480                vRestoreContextOfFirstTask
 *fill*         0x080014a4        0xc 
 .text.vStartFirstTask
                0x080014b0       0x10 E:\stm32f030f4p6\build\lib\libSTM32F030F4P6.a(portasm.c.obj)
                0x080014b0                vStartFirstTask
 .text.ulSetInterruptMask
                0x080014c0        0x8 E:\stm32f030f4p6\build\lib\libSTM32F030F4P6.a(portasm.c.obj)
                0x080014c0                ulSetInterruptMask
 .text.vClearInterruptMask
                0x080014c8        0x6 E:\stm32f030f4p6\build\lib\libSTM32F030F4P6.a(portasm.c.obj)
                0x080014c8                vClearInterruptMask
 *fill*         0x080014ce        0x2 
 .text.PendSV_Handler
                0x080014d0       0x44 E:\stm32f030f4p6\build\lib\libSTM32F030F4P6.a(portasm.c.obj)
                0x080014d0                PendSV_Handler
 *fill*         0x08001514        0xc 
 .text.SVC_Handler
                0x08001520       0x20 E:\stm32f030f4p6\build\lib\libSTM32F030F4P6.a(portasm.c.obj)
                0x08001520                SVC_Handler
 .text.prvIsQueueFull
                0x08001540       0x1e E:\stm32f030f4p6\build\lib\libSTM32F030F4P6.a(queue.c.obj)
 .text.prvIsQueueEmpty
                0x0800155e       0x1c E:\stm32f030f4p6\build\lib\libSTM32F030F4P6.a(queue.c.obj)
 .text.prvCopyDataToQueue
                0x0800157a       0x60 E:\stm32f030f4p6\build\lib\libSTM32F030F4P6.a(queue.c.obj)
 .text.prvCopyDataFromQueue
                0x080015da       0x24 E:\stm32f030f4p6\build\lib\libSTM32F030F4P6.a(queue.c.obj)
 .text.prvUnlockQueue
                0x080015fe       0x72 E:\stm32f030f4p6\build\lib\libSTM32F030F4P6.a(queue.c.obj)
 .text.xQueueGenericReset
                0x08001670       0xb4 E:\stm32f030f4p6\build\lib\libSTM32F030F4P6.a(queue.c.obj)
                0x08001670                xQueueGenericReset
 .text.prvInitialiseNewQueue
                0x08001724       0x1c E:\stm32f030f4p6\build\lib\libSTM32F030F4P6.a(queue.c.obj)
 .text.xQueueGenericCreate
                0x08001740       0x7c E:\stm32f030f4p6\build\lib\libSTM32F030F4P6.a(queue.c.obj)
                0x08001740                xQueueGenericCreate
 .text.xQueueGenericSend
                0x080017bc      0x11a E:\stm32f030f4p6\build\lib\libSTM32F030F4P6.a(queue.c.obj)
                0x080017bc                xQueueGenericSend
 .text.xQueueReceive
                0x080018d6      0x108 E:\stm32f030f4p6\build\lib\libSTM32F030F4P6.a(queue.c.obj)
                0x080018d6                xQueueReceive
 .text.prvBytesInBuffer
                0x080019de       0x12 E:\stm32f030f4p6\build\lib\libSTM32F030F4P6.a(stream_buffer.c.obj)
 .text.prvInitialiseNewStreamBuffer
                0x080019f0       0x3c E:\stm32f030f4p6\build\lib\libSTM32F030F4P6.a(stream_buffer.c.obj)
 .text.prvWriteBytesToBuffer
                0x08001a2c       0x5c E:\stm32f030f4p6\build\lib\libSTM32F030F4P6.a(stream_buffer.c.obj)
 .text.prvWriteMessageToBuffer
                0x08001a88       0x4c E:\stm32f030f4p6\build\lib\libSTM32F030F4P6.a(stream_buffer.c.obj)
 .text.prvReadBytesFromBuffer
                0x08001ad4       0x5c E:\stm32f030f4p6\build\lib\libSTM32F030F4P6.a(stream_buffer.c.obj)
 .text.prvReadMessageFromBuffer
                0x08001b30       0x4c E:\stm32f030f4p6\build\lib\libSTM32F030F4P6.a(stream_buffer.c.obj)
 .text.xStreamBufferGenericCreate
                0x08001b7c       0x7a E:\stm32f030f4p6\build\lib\libSTM32F030F4P6.a(stream_buffer.c.obj)
                0x08001b7c                xStreamBufferGenericCreate
 .text.xStreamBufferSpacesAvailable
                0x08001bf6       0x26 E:\stm32f030f4p6\build\lib\libSTM32F030F4P6.a(stream_buffer.c.obj)
                0x08001bf6                xStreamBufferSpacesAvailable
 .text.xStreamBufferSend
                0x08001c1c       0xfe E:\stm32f030f4p6\build\lib\libSTM32F030F4P6.a(stream_buffer.c.obj)
                0x08001c1c                xStreamBufferSend
 .text.xStreamBufferSendFromISR
                0x08001d1a       0x7c E:\stm32f030f4p6\build\lib\libSTM32F030F4P6.a(stream_buffer.c.obj)
                0x08001d1a                xStreamBufferSendFromISR
 .text.xStreamBufferReceive
                0x08001d96       0xd4 E:\stm32f030f4p6\build\lib\libSTM32F030F4P6.a(stream_buffer.c.obj)
                0x08001d96                xStreamBufferReceive
 .text.xStreamBufferReceiveFromISR
                0x08001e6a       0x74 E:\stm32f030f4p6\build\lib\libSTM32F030F4P6.a(stream_buffer.c.obj)
                0x08001e6a                xStreamBufferReceiveFromISR
 *fill*         0x08001ede        0x2 
 .text.prvResetNextTaskUnblockTime
                0x08001ee0       0x2c E:\stm32f030f4p6\build\lib\libSTM32F030F4P6.a(tasks.c.obj)
 .text.prvInitialiseNewTask
                0x08001f0c       0x90 E:\stm32f030f4p6\build\lib\libSTM32F030F4P6.a(tasks.c.obj)
 .text.prvCreateStaticTask
                0x08001f9c       0x68 E:\stm32f030f4p6\build\lib\libSTM32F030F4P6.a(tasks.c.obj)
 .text.prvIdleTask
                0x08002004       0x14 E:\stm32f030f4p6\build\lib\libSTM32F030F4P6.a(tasks.c.obj)
 .text.prvInitialiseTaskLists
                0x08002018       0x54 E:\stm32f030f4p6\build\lib\libSTM32F030F4P6.a(tasks.c.obj)
 .text.prvAddNewTaskToReadyList
                0x0800206c       0xc4 E:\stm32f030f4p6\build\lib\libSTM32F030F4P6.a(tasks.c.obj)
 .text.prvCreateTask
                0x08002130       0x5e E:\stm32f030f4p6\build\lib\libSTM32F030F4P6.a(tasks.c.obj)
 *fill*         0x0800218e        0x2 
 .text.prvAddCurrentTaskToDelayedList
                0x08002190       0x6c E:\stm32f030f4p6\build\lib\libSTM32F030F4P6.a(tasks.c.obj)
 .text.xTaskCreateStatic
                0x080021fc       0x2a E:\stm32f030f4p6\build\lib\libSTM32F030F4P6.a(tasks.c.obj)
                0x080021fc                xTaskCreateStatic
 .text.xTaskCreate
                0x08002226       0x24 E:\stm32f030f4p6\build\lib\libSTM32F030F4P6.a(tasks.c.obj)
                0x08002226                xTaskCreate
 *fill*         0x0800224a        0x2 
 .text.vTaskSuspendAll
                0x0800224c       0x10 E:\stm32f030f4p6\build\lib\libSTM32F030F4P6.a(tasks.c.obj)
                0x0800224c                vTaskSuspendAll
 .text.xTaskIncrementTick
                0x0800225c      0x150 E:\stm32f030f4p6\build\lib\libSTM32F030F4P6.a(tasks.c.obj)
                0x0800225c                xTaskIncrementTick
 .text.xTaskResumeAll
                0x080023ac      0x144 E:\stm32f030f4p6\build\lib\libSTM32F030F4P6.a(tasks.c.obj)
                0x080023ac                xTaskResumeAll
 .text.vTaskDelay
                0x080024f0       0x30 E:\stm32f030f4p6\build\lib\libSTM32F030F4P6.a(tasks.c.obj)
                0x080024f0                vTaskDelay
 .text.vTaskSwitchContext
                0x08002520       0x88 E:\stm32f030f4p6\build\lib\libSTM32F030F4P6.a(tasks.c.obj)
                0x08002520                vTaskSwitchContext
 .text.vTaskPlaceOnEventList
                0x080025a8       0x24 E:\stm32f030f4p6\build\lib\libSTM32F030F4P6.a(tasks.c.obj)
                0x080025a8                vTaskPlaceOnEventList
 .text.xTaskRemoveFromEventList
                0x080025cc       0xe8 E:\stm32f030f4p6\build\lib\libSTM32F030F4P6.a(tasks.c.obj)
                0x080025cc                xTaskRemoveFromEventList
 .text.vTaskSetTimeOutState
                0x080026b4       0x28 E:\stm32f030f4p6\build\lib\libSTM32F030F4P6.a(tasks.c.obj)
                0x080026b4                vTaskSetTimeOutState
 .text.vTaskInternalSetTimeOutState
                0x080026dc       0x18 E:\stm32f030f4p6\build\lib\libSTM32F030F4P6.a(tasks.c.obj)
                0x080026dc                vTaskInternalSetTimeOutState
 .text.xTaskCheckForTimeOut
                0x080026f4       0x64 E:\stm32f030f4p6\build\lib\libSTM32F030F4P6.a(tasks.c.obj)
                0x080026f4                xTaskCheckForTimeOut
 .text.vTaskMissedYield
                0x08002758        0xc E:\stm32f030f4p6\build\lib\libSTM32F030F4P6.a(tasks.c.obj)
                0x08002758                vTaskMissedYield
 .text.xTaskGetCurrentTaskHandle
                0x08002764        0xc E:\stm32f030f4p6\build\lib\libSTM32F030F4P6.a(tasks.c.obj)
                0x08002764                xTaskGetCurrentTaskHandle
 .text.xTaskGenericNotifyWait
                0x08002770       0xd0 E:\stm32f030f4p6\build\lib\libSTM32F030F4P6.a(tasks.c.obj)
                0x08002770                xTaskGenericNotifyWait
 .text.xTaskGenericNotify
                0x08002840      0x144 E:\stm32f030f4p6\build\lib\libSTM32F030F4P6.a(tasks.c.obj)
                0x08002840                xTaskGenericNotify
 .text.xTaskGenericNotifyFromISR
                0x08002984      0x180 E:\stm32f030f4p6\build\lib\libSTM32F030F4P6.a(tasks.c.obj)
                0x08002984                xTaskGenericNotifyFromISR
 .text.xTaskGenericNotifyStateClear
                0x08002b04       0x40 E:\stm32f030f4p6\build\lib\libSTM32F030F4P6.a(tasks.c.obj)
                0x08002b04                xTaskGenericNotifyStateClear
 .text.vApplicationGetIdleTaskMemory
                0x08002b44       0x18 E:\stm32f030f4p6\build\lib\libSTM32F030F4P6.a(tasks.c.obj)
                0x08002b44                vApplicationGetIdleTaskMemory
 .text.prvCreateIdleTasks
                0x08002b5c       0x6c E:\stm32f030f4p6\build\lib\libSTM32F030F4P6.a(tasks.c.obj)
 .text.vTaskStartScheduler
                0x08002bc8       0x44 E:\stm32f030f4p6\build\lib\libSTM32F030F4P6.a(tasks.c.obj)
                0x08002bc8                vTaskStartScheduler
 .text.vListInitialise
                0x08002c0c       0x16 E:\stm32f030f4p6\build\lib\libSTM32F030F4P6.a(list.c.obj)
                0x08002c0c                vListInitialise
 .text.vListInitialiseItem
                0x08002c22        0x6 E:\stm32f030f4p6\build\lib\libSTM32F030F4P6.a(list.c.obj)
                0x08002c22                vListInitialiseItem
 .text.vListInsert
                0x08002c28       0x2e E:\stm32f030f4p6\build\lib\libSTM32F030F4P6.a(list.c.obj)
                0x08002c28                vListInsert
 .text.uxListRemove
                0x08002c56       0x24 E:\stm32f030f4p6\build\lib\libSTM32F030F4P6.a(list.c.obj)
                0x08002c56                uxListRemove
 *fill*         0x08002c7a        0x2 
 .text.prvHeapInit
                0x08002c7c       0x58 E:\stm32f030f4p6\build\lib\libSTM32F030F4P6.a(heap_4.c.obj)
 .text.prvInsertBlockIntoFreeList
                0x08002cd4       0x70 E:\stm32f030f4p6\build\lib\libSTM32F030F4P6.a(heap_4.c.obj)
 .text.pvPortMalloc
                0x08002d44      0x12c E:\stm32f030f4p6\build\lib\libSTM32F030F4P6.a(heap_4.c.obj)
                0x08002d44                pvPortMalloc
 .text.vPortFree
                0x08002e70       0x84 E:\stm32f030f4p6\build\lib\libSTM32F030F4P6.a(heap_4.c.obj)
                0x08002e70                vPortFree
 .text.__libc_init_array
                0x08002ef4       0x48 e:/tools/gcc-arm-none-eabi-10.3-2021.10/bin/../lib/gcc/arm-none-eabi/10.3.1/../../../../arm-none-eabi/lib/thumb/v6-m/nofp\libg_nano.a(lib_a-init.o)
                0x08002ef4                __libc_init_array
 .text.memcpy   0x08002f3c       0x12 e:/tools/gcc-arm-none-eabi-10.3-2021.10/bin/../lib/gcc/arm-none-eabi/10.3.1/../../../../arm-none-eabi/lib/thumb/v6-m/nofp\libg_nano.a(lib_a-memcpy-stub.o)
                0x08002f3c                memcpy
 .text.memset   0x08002f4e       0x10 e:/tools/gcc-arm-none-eabi-10.3-2021.10/bin/../lib/gcc/arm-none-eabi/10.3.1/../../../../arm-none-eabi/lib/thumb/v6-m/nofp\libg_nano.a(lib_a-memset.o)
                0x08002f4e                memset
 *(.glue_7)
 .glue_7        0x08002f5e        0x0 linker stubs
 *(.glue_7t)
 .glue_7t       0x08002f5e        0x0 linker stubs
 *(.eh_frame)
 *fill*         0x08002f5e        0x2 
 .eh_frame      0x08002f60        0x0 e:/tools/gcc-arm-none-eabi-10.3-2021.10/bin/../lib/gcc/arm-none-eabi/10.3.1/thumb/v6-m/nofp/crtbegin.o
 *(.init)
 .init          0x08002f60        0x4 e:/tools/gcc-arm-none-eabi-10.3-2021.10/bin/../lib/gcc/arm-none-eabi/10.3.1/thumb/v6-m/nofp/crti.o
                0x08002f60                _init
 .init          0x08002f64        0x8 e:/tools/gcc-arm-none-eabi-10.3-2021.10/bin/../lib/gcc/arm-none-eabi/10.3.1/thumb/v6-m/nofp/crtn.o
 *(.fini)
 .fini          0x08002f6c        0x4 e:/tools/gcc-arm-none-eabi-10.3-2021.10/bin/../lib/gcc/arm-none-eabi/10.3.1/thumb/v6-m/nofp/crti.o
                0x08002f6c                _fini
 .fini          0x08002f70        0x8 e:/tools/gcc-arm-none-eabi-10.3-2021.10/bin/../lib/gcc/arm-none-eabi/10.3.1/thumb/v6-m/nofp/crtn.o
                0x08002f78                . = ALIGN (0x4)
                0x08002f78                _etext = .

.vfp11_veneer   0x08002f78        0x0
 .vfp11_veneer  0x08002f78        0x0 linker stubs

.v4_bx          0x08002f78        0x0
 .v4_bx         0x08002f78        0x0 linker stubs

.iplt           0x08002f78        0x0
 .iplt          0x08002f78        0x0 e:/tools/gcc-arm-none-eabi-10.3-2021.10/bin/../lib/gcc/arm-none-eabi/10.3.1/thumb/v6-m/nofp/crtbegin.o

.rodata         0x08002f78       0xa4
                0x08002f78                . = ALIGN (0x4)
 *(.rodata)
 *(.rodata*)
 .rodata.led_init.str1.4
                0x08002f78        0x9 CMakeFiles/STM32F030F4P6.elf.dir/Source/led.c.obj
 *fill*         0x08002f81        0x3 
 .rodata.modbus_task
                0x08002f84       0x44 CMakeFiles/STM32F030F4P6.elf.dir/Source/modbus.c.obj
 .rodata.modbus_init.str1.4
                0x08002fc8        0xc CMakeFiles/STM32F030F4P6.elf.dir/Source/modbus.c.obj
 .rodata.out_pin.0
                0x08002fd4        0xc CMakeFiles/STM32F030F4P6.elf.dir/Source/modbus.c.obj
 .rodata.uart_init.str1.4
                0x08002fe0        0xa CMakeFiles/STM32F030F4P6.elf.dir/Source/uart.c.obj
 *fill*         0x08002fea        0x2 
 .rodata.xTaskGenericNotify
                0x08002fec       0x14 E:\stm32f030f4p6\build\lib\libSTM32F030F4P6.a(tasks.c.obj)
 .rodata.xTaskGenericNotifyFromISR
                0x08003000       0x14 E:\stm32f030f4p6\build\lib\libSTM32F030F4P6.a(tasks.c.obj)
 .rodata.prvCreateIdleTasks.str1.4
                0x08003014        0x5 E:\stm32f030f4p6\build\lib\libSTM32F030F4P6.a(tasks.c.obj)
                0x0800301c                . = ALIGN (0x4)
 *fill*         0x08003019        0x3 

.rel.dyn        0x0800301c        0x0
 .rel.iplt      0x0800301c        0x0 e:/tools/gcc-arm-none-eabi-10.3-2021.10/bin/../lib/gcc/arm-none-eabi/10.3.1/thumb/v6-m/nofp/crtbegin.o

.ARM.extab
 *(.ARM.extab* .gnu.linkonce.armextab.*)

.ARM            0x0800301c        0x0
                0x0800301c                __exidx_start = .
 *(.ARM.exidx*)
                0x0800301c                __exidx_end = .

.preinit_array  0x0800301c        0x0
                0x0800301c                PROVIDE (__preinit_array_start = .)
 *(.preinit_array*)
                0x0800301c                PROVIDE (__preinit_array_end = .)

.init_array     0x0800301c        0x4
                0x0800301c                PROVIDE (__init_array_start = .)
 *(SORT_BY_NAME(.init_array.*))
 *(.init_array*)
 .init_array    0x0800301c        0x4 e:/tools/gcc-arm-none-eabi-10.3-2021.10/bin/../lib/gcc/arm-none-eabi/10.3.1/thumb/v6-m/nofp/crtbegin.o
                0x08003020                PROVIDE (__init_array_end = .)

.fini_array     0x08003020        0x4
                [!provide]                PROVIDE (__fini_array_start = .)
 *(SORT_BY_NAME(.fini_array.*))
 *(.fini_array*)
 .fini_array    0x08003020        0x4 e:/tools/gcc-arm-none-eabi-10.3-2021.10/bin/../lib/gcc/arm-none-eabi/10.3.1/thumb/v6-m/nofp/crtbegin.o
                [!provide]                PROVIDE (__fini_array_end = .)
                0x08003024                _sidata = LOADADDR (.data)

.data           0x20000000       0x2c load address 0x08003024
                0x20000000                . = ALIGN (0x4)
                0x20000000                _sdata = .
 *(.data)
 *(.data*)
 .data.AHBPrescTable
                0x20000000       0x10 E:\stm32f030f4p6\build\lib\libSTM32F030F4P6.a(system_stm32f0xx.c.obj)
                0x20000000                AHBPrescTable
 .data.SystemCoreClock
                0x20000010        0x4 E:\stm32f030f4p6\build\lib\libSTM32F030F4P6.a(system_stm32f0xx.c.obj)
                0x20000010                SystemCoreClock
 .data.APBAHBPrescTable
                0x20000014       0x10 E:\stm32f030f4p6\build\lib\libSTM32F030F4P6.a(stm32f0xx_rcc.c.obj)
 .data.ulCriticalNesting
                0x20000024        0x4 E:\stm32f030f4p6\build\lib\libSTM32F030F4P6.a(port.c.obj)
 .data.uxTopUsedPriority
                0x20000028        0x4 E:\stm32f030f4p6\build\lib\libSTM32F030F4P6.a(tasks.c.obj)
                0x2000002c                . = ALIGN (0x4)
                0x2000002c                _edata = .

.igot.plt       0x2000002c        0x0 load address 0x08003050
 .igot.plt      0x2000002c        0x0 e:/tools/gcc-arm-none-eabi-10.3-2021.10/bin/../lib/gcc/arm-none-eabi/10.3.1/thumb/v6-m/nofp/crtbegin.o
                0x2000002c                . = ALIGN (0x4)

.bss            0x2000002c      0x974 load address 0x08003050
                0x2000002c                _sbss = .
                0x2000002c                __bss_start__ = _sbss
 *(.bss)
 .bss           0x2000002c       0x1c e:/tools/gcc-arm-none-eabi-10.3-2021.10/bin/../lib/gcc/arm-none-eabi/10.3.1/thumb/v6-m/nofp/crtbegin.o
 *(.bss*)
 .bss.reg_out   0x20000048        0x4 CMakeFiles/STM32F030F4P6.elf.dir/Source/modbus.c.obj
 .bss.xQueue    0x2000004c        0x4 CMakeFiles/STM32F030F4P6.elf.dir/Source/modbus.c.obj
 .bss.xStreamBufferRcv
                0x20000050        0x4 CMakeFiles/STM32F030F4P6.elf.dir/Source/uart.c.obj
 .bss.xStreamBufferSnd
                0x20000054        0x4 CMakeFiles/STM32F030F4P6.elf.dir/Source/uart.c.obj
 .bss.pxCurrentTCB
                0x20000058        0x4 E:\stm32f030f4p6\build\lib\libSTM32F030F4P6.a(tasks.c.obj)
                0x20000058                pxCurrentTCB
 .bss.pxDelayedTaskList
                0x2000005c        0x4 E:\stm32f030f4p6\build\lib\libSTM32F030F4P6.a(tasks.c.obj)
 .bss.pxOverflowDelayedTaskList
                0x20000060        0x4 E:\stm32f030f4p6\build\lib\libSTM32F030F4P6.a(tasks.c.obj)
 .bss.pxReadyTasksLists
                0x20000064       0x50 E:\stm32f030f4p6\build\lib\libSTM32F030F4P6.a(tasks.c.obj)
 .bss.uxCurrentNumberOfTasks
                0x200000b4        0x4 E:\stm32f030f4p6\build\lib\libSTM32F030F4P6.a(tasks.c.obj)
 .bss.uxIdleTaskStack.2
                0x200000b8       0x80 E:\stm32f030f4p6\build\lib\libSTM32F030F4P6.a(tasks.c.obj)
 .bss.uxSchedulerSuspended
                0x20000138        0x4 E:\stm32f030f4p6\build\lib\libSTM32F030F4P6.a(tasks.c.obj)
 .bss.uxTaskNumber
                0x2000013c        0x4 E:\stm32f030f4p6\build\lib\libSTM32F030F4P6.a(tasks.c.obj)
 .bss.uxTopReadyPriority
                0x20000140        0x4 E:\stm32f030f4p6\build\lib\libSTM32F030F4P6.a(tasks.c.obj)
 .bss.xDelayedTaskList1
                0x20000144       0x14 E:\stm32f030f4p6\build\lib\libSTM32F030F4P6.a(tasks.c.obj)
 .bss.xDelayedTaskList2
                0x20000158       0x14 E:\stm32f030f4p6\build\lib\libSTM32F030F4P6.a(tasks.c.obj)
 .bss.xIdleTaskHandles
                0x2000016c        0x4 E:\stm32f030f4p6\build\lib\libSTM32F030F4P6.a(tasks.c.obj)
 .bss.xIdleTaskTCB.3
                0x20000170       0x4c E:\stm32f030f4p6\build\lib\libSTM32F030F4P6.a(tasks.c.obj)
 .bss.xNextTaskUnblockTime
                0x200001bc        0x4 E:\stm32f030f4p6\build\lib\libSTM32F030F4P6.a(tasks.c.obj)
 .bss.xNumOfOverflows
                0x200001c0        0x4 E:\stm32f030f4p6\build\lib\libSTM32F030F4P6.a(tasks.c.obj)
 .bss.xPendedTicks
                0x200001c4        0x4 E:\stm32f030f4p6\build\lib\libSTM32F030F4P6.a(tasks.c.obj)
 .bss.xPendingReadyList
                0x200001c8       0x14 E:\stm32f030f4p6\build\lib\libSTM32F030F4P6.a(tasks.c.obj)
 .bss.xSchedulerRunning
                0x200001dc        0x4 E:\stm32f030f4p6\build\lib\libSTM32F030F4P6.a(tasks.c.obj)
 .bss.xTickCount
                0x200001e0        0x4 E:\stm32f030f4p6\build\lib\libSTM32F030F4P6.a(tasks.c.obj)
 .bss.xYieldPendings
                0x200001e4        0x4 E:\stm32f030f4p6\build\lib\libSTM32F030F4P6.a(tasks.c.obj)
 .bss.pxEnd     0x200001e8        0x4 E:\stm32f030f4p6\build\lib\libSTM32F030F4P6.a(heap_4.c.obj)
 .bss.ucHeap    0x200001ec      0x79c E:\stm32f030f4p6\build\lib\libSTM32F030F4P6.a(heap_4.c.obj)
 .bss.xFreeBytesRemaining
                0x20000988        0x4 E:\stm32f030f4p6\build\lib\libSTM32F030F4P6.a(heap_4.c.obj)
 .bss.xMinimumEverFreeBytesRemaining
                0x2000098c        0x4 E:\stm32f030f4p6\build\lib\libSTM32F030F4P6.a(heap_4.c.obj)
 .bss.xNumberOfSuccessfulAllocations
                0x20000990        0x4 E:\stm32f030f4p6\build\lib\libSTM32F030F4P6.a(heap_4.c.obj)
 .bss.xNumberOfSuccessfulFrees
                0x20000994        0x4 E:\stm32f030f4p6\build\lib\libSTM32F030F4P6.a(heap_4.c.obj)
 .bss.xStart    0x20000998        0x8 E:\stm32f030f4p6\build\lib\libSTM32F030F4P6.a(heap_4.c.obj)
 *(COMMON)
                0x200009a0                . = ALIGN (0x4)
                0x200009a0                _ebss = .
                0x200009a0                __bss_end__ = _ebss

._user_heap_stack
                0x200009a0      0x600 load address 0x08003050
                0x200009a0                . = ALIGN (0x8)
                0x200009a0                PROVIDE (end = .)
                [!provide]                PROVIDE (_end = .)
                0x20000ba0                . = (. + _Min_Heap_Size)
 *fill*         0x200009a0      0x200 
                0x20000fa0                . = (. + _Min_Stack_Size)
 *fill*         0x20000ba0      0x400 
                0x20000fa0                . = ALIGN (0x8)

/DISCARD/
 libc.a(*)
 libm.a(*)
 libgcc.a(*)
OUTPUT(..\..\STM32F030F4P6.elf elf32-littlearm)
LOAD linker stubs
LOAD e:/tools/gcc-arm-none-eabi-10.3-2021.10/bin/../lib/gcc/arm-none-eabi/10.3.1/../../../../arm-none-eabi/lib/thumb/v6-m/nofp\libc.a
LOAD e:/tools/gcc-arm-none-eabi-10.3-2021.10/bin/../lib/gcc/arm-none-eabi/10.3.1/../../../../arm-none-eabi/lib/thumb/v6-m/nofp\libm.a
LOAD e:/tools/gcc-arm-none-eabi-10.3-2021.10/bin/../lib/gcc/arm-none-eabi/10.3.1/thumb/v6-m/nofp\libgcc.a

.ARM.attributes
                0x00000000       0x28
 .ARM.attributes
                0x00000000       0x1e e:/tools/gcc-arm-none-eabi-10.3-2021.10/bin/../lib/gcc/arm-none-eabi/10.3.1/thumb/v6-m/nofp/crti.o
 .ARM.attributes
                0x0000001e       0x2c e:/tools/gcc-arm-none-eabi-10.3-2021.10/bin/../lib/gcc/arm-none-eabi/10.3.1/thumb/v6-m/nofp/crtbegin.o
 .ARM.attributes
                0x0000004a       0x2c CMakeFiles/STM32F030F4P6.elf.dir/main.c.obj
 .ARM.attributes
                0x00000076       0x2c CMakeFiles/STM32F030F4P6.elf.dir/Source/led.c.obj
 .ARM.attributes
                0x000000a2       0x2c CMakeFiles/STM32F030F4P6.elf.dir/Source/modbus.c.obj
 .ARM.attributes
                0x000000ce       0x2c CMakeFiles/STM32F030F4P6.elf.dir/Source/uart.c.obj
 .ARM.attributes
                0x000000fa       0x21 E:\stm32f030f4p6\build\lib\libSTM32F030F4P6.a(startup_stm32f030x6.s.obj)
 .ARM.attributes
                0x0000011b       0x2c E:\stm32f030f4p6\build\lib\libSTM32F030F4P6.a(system_stm32f0xx.c.obj)
 .ARM.attributes
                0x00000147       0x2c E:\stm32f030f4p6\build\lib\libSTM32F030F4P6.a(stm32f0xx_gpio.c.obj)
 .ARM.attributes
                0x00000173       0x2c E:\stm32f030f4p6\build\lib\libSTM32F030F4P6.a(stm32f0xx_misc.c.obj)
 .ARM.attributes
                0x0000019f       0x2c E:\stm32f030f4p6\build\lib\libSTM32F030F4P6.a(stm32f0xx_rcc.c.obj)
 .ARM.attributes
                0x000001cb       0x2c E:\stm32f030f4p6\build\lib\libSTM32F030F4P6.a(stm32f0xx_usart.c.obj)
 .ARM.attributes
                0x000001f7       0x2c E:\stm32f030f4p6\build\lib\libSTM32F030F4P6.a(port.c.obj)
 .ARM.attributes
                0x00000223       0x2c E:\stm32f030f4p6\build\lib\libSTM32F030F4P6.a(portasm.c.obj)
 .ARM.attributes
                0x0000024f       0x2c E:\stm32f030f4p6\build\lib\libSTM32F030F4P6.a(queue.c.obj)
 .ARM.attributes
                0x0000027b       0x2c E:\stm32f030f4p6\build\lib\libSTM32F030F4P6.a(stream_buffer.c.obj)
 .ARM.attributes
                0x000002a7       0x2c E:\stm32f030f4p6\build\lib\libSTM32F030F4P6.a(tasks.c.obj)
 .ARM.attributes
                0x000002d3       0x2c E:\stm32f030f4p6\build\lib\libSTM32F030F4P6.a(list.c.obj)
 .ARM.attributes
                0x000002ff       0x2c E:\stm32f030f4p6\build\lib\libSTM32F030F4P6.a(heap_4.c.obj)
 .ARM.attributes
                0x0000032b       0x1e e:/tools/gcc-arm-none-eabi-10.3-2021.10/bin/../lib/gcc/arm-none-eabi/10.3.1/thumb/v6-m/nofp\libgcc.a(_udivsi3.o)
 .ARM.attributes
                0x00000349       0x1e e:/tools/gcc-arm-none-eabi-10.3-2021.10/bin/../lib/gcc/arm-none-eabi/10.3.1/thumb/v6-m/nofp\libgcc.a(_dvmd_tls.o)
 .ARM.attributes
                0x00000367       0x2c e:/tools/gcc-arm-none-eabi-10.3-2021.10/bin/../lib/gcc/arm-none-eabi/10.3.1/../../../../arm-none-eabi/lib/thumb/v6-m/nofp\libg_nano.a(lib_a-init.o)
 .ARM.attributes
                0x00000393       0x2c e:/tools/gcc-arm-none-eabi-10.3-2021.10/bin/../lib/gcc/arm-none-eabi/10.3.1/../../../../arm-none-eabi/lib/thumb/v6-m/nofp\libg_nano.a(lib_a-memcpy-stub.o)
 .ARM.attributes
                0x000003bf       0x2c e:/tools/gcc-arm-none-eabi-10.3-2021.10/bin/../lib/gcc/arm-none-eabi/10.3.1/../../../../arm-none-eabi/lib/thumb/v6-m/nofp\libg_nano.a(lib_a-memset.o)
 .ARM.attributes
                0x000003eb       0x1e e:/tools/gcc-arm-none-eabi-10.3-2021.10/bin/../lib/gcc/arm-none-eabi/10.3.1/thumb/v6-m/nofp/crtn.o

.comment        0x00000000       0x49
 .comment       0x00000000       0x49 CMakeFiles/STM32F030F4P6.elf.dir/main.c.obj
                                 0x4a (size before relaxing)
 .comment       0x00000049       0x4a CMakeFiles/STM32F030F4P6.elf.dir/Source/led.c.obj
 .comment       0x00000049       0x4a CMakeFiles/STM32F030F4P6.elf.dir/Source/modbus.c.obj
 .comment       0x00000049       0x4a CMakeFiles/STM32F030F4P6.elf.dir/Source/uart.c.obj
 .comment       0x00000049       0x4a E:\stm32f030f4p6\build\lib\libSTM32F030F4P6.a(system_stm32f0xx.c.obj)
 .comment       0x00000049       0x4a E:\stm32f030f4p6\build\lib\libSTM32F030F4P6.a(stm32f0xx_gpio.c.obj)
 .comment       0x00000049       0x4a E:\stm32f030f4p6\build\lib\libSTM32F030F4P6.a(stm32f0xx_misc.c.obj)
 .comment       0x00000049       0x4a E:\stm32f030f4p6\build\lib\libSTM32F030F4P6.a(stm32f0xx_rcc.c.obj)
 .comment       0x00000049       0x4a E:\stm32f030f4p6\build\lib\libSTM32F030F4P6.a(stm32f0xx_usart.c.obj)
 .comment       0x00000049       0x4a E:\stm32f030f4p6\build\lib\libSTM32F030F4P6.a(port.c.obj)
 .comment       0x00000049       0x4a E:\stm32f030f4p6\build\lib\libSTM32F030F4P6.a(portasm.c.obj)
 .comment       0x00000049       0x4a E:\stm32f030f4p6\build\lib\libSTM32F030F4P6.a(queue.c.obj)
 .comment       0x00000049       0x4a E:\stm32f030f4p6\build\lib\libSTM32F030F4P6.a(stream_buffer.c.obj)
 .comment       0x00000049       0x4a E:\stm32f030f4p6\build\lib\libSTM32F030F4P6.a(tasks.c.obj)
 .comment       0x00000049       0x4a E:\stm32f030f4p6\build\lib\libSTM32F030F4P6.a(list.c.obj)
 .comment       0x00000049       0x4a E:\stm32f030f4p6\build\lib\libSTM32F030F4P6.a(heap_4.c.obj)

.debug_info     0x00000000     0xb379
 .debug_info    0x00000000      0x4bc CMakeFiles/STM32F030F4P6.elf.dir/main.c.obj
 .debug_info    0x000004bc      0x452 CMakeFiles/STM32F030F4P6.elf.dir/Source/led.c.obj
 .debug_info    0x0000090e      0xdc2 CMakeFiles/STM32F030F4P6.elf.dir/Source/modbus.c.obj
 .debug_info    0x000016d0      0xd58 CMakeFiles/STM32F030F4P6.elf.dir/Source/uart.c.obj
 .debug_info    0x00002428       0x22 E:\stm32f030f4p6\build\lib\libSTM32F030F4P6.a(startup_stm32f030x6.s.obj)
 .debug_info    0x0000244a      0x364 E:\stm32f030f4p6\build\lib\libSTM32F030F4P6.a(system_stm32f0xx.c.obj)
 .debug_info    0x000027ae      0x7ad E:\stm32f030f4p6\build\lib\libSTM32F030F4P6.a(stm32f0xx_gpio.c.obj)
 .debug_info    0x00002f5b      0x398 E:\stm32f030f4p6\build\lib\libSTM32F030F4P6.a(stm32f0xx_misc.c.obj)
 .debug_info    0x000032f3      0xbba E:\stm32f030f4p6\build\lib\libSTM32F030F4P6.a(stm32f0xx_rcc.c.obj)
 .debug_info    0x00003ead     0x11a1 E:\stm32f030f4p6\build\lib\libSTM32F030F4P6.a(stm32f0xx_usart.c.obj)
 .debug_info    0x0000504e      0x3a5 E:\stm32f030f4p6\build\lib\libSTM32F030F4P6.a(port.c.obj)
 .debug_info    0x000053f3      0x158 E:\stm32f030f4p6\build\lib\libSTM32F030F4P6.a(portasm.c.obj)
 .debug_info    0x0000554b     0x1a9d E:\stm32f030f4p6\build\lib\libSTM32F030F4P6.a(queue.c.obj)
 .debug_info    0x00006fe8     0x17f9 E:\stm32f030f4p6\build\lib\libSTM32F030F4P6.a(stream_buffer.c.obj)
 .debug_info    0x000087e1     0x22db E:\stm32f030f4p6\build\lib\libSTM32F030F4P6.a(tasks.c.obj)
 .debug_info    0x0000aabc      0x2db E:\stm32f030f4p6\build\lib\libSTM32F030F4P6.a(list.c.obj)
 .debug_info    0x0000ad97      0x5e2 E:\stm32f030f4p6\build\lib\libSTM32F030F4P6.a(heap_4.c.obj)

.debug_abbrev   0x00000000     0x1ea2
 .debug_abbrev  0x00000000      0x1ea CMakeFiles/STM32F030F4P6.elf.dir/main.c.obj
 .debug_abbrev  0x000001ea      0x178 CMakeFiles/STM32F030F4P6.elf.dir/Source/led.c.obj
 .debug_abbrev  0x00000362      0x312 CMakeFiles/STM32F030F4P6.elf.dir/Source/modbus.c.obj
 .debug_abbrev  0x00000674      0x247 CMakeFiles/STM32F030F4P6.elf.dir/Source/uart.c.obj
 .debug_abbrev  0x000008bb       0x12 E:\stm32f030f4p6\build\lib\libSTM32F030F4P6.a(startup_stm32f030x6.s.obj)
 .debug_abbrev  0x000008cd      0x17a E:\stm32f030f4p6\build\lib\libSTM32F030F4P6.a(system_stm32f0xx.c.obj)
 .debug_abbrev  0x00000a47      0x20e E:\stm32f030f4p6\build\lib\libSTM32F030F4P6.a(stm32f0xx_gpio.c.obj)
 .debug_abbrev  0x00000c55      0x164 E:\stm32f030f4p6\build\lib\libSTM32F030F4P6.a(stm32f0xx_misc.c.obj)
 .debug_abbrev  0x00000db9      0x27e E:\stm32f030f4p6\build\lib\libSTM32F030F4P6.a(stm32f0xx_rcc.c.obj)
 .debug_abbrev  0x00001037      0x1e5 E:\stm32f030f4p6\build\lib\libSTM32F030F4P6.a(stm32f0xx_usart.c.obj)
 .debug_abbrev  0x0000121c      0x179 E:\stm32f030f4p6\build\lib\libSTM32F030F4P6.a(port.c.obj)
 .debug_abbrev  0x00001395       0xb6 E:\stm32f030f4p6\build\lib\libSTM32F030F4P6.a(portasm.c.obj)
 .debug_abbrev  0x0000144b      0x263 E:\stm32f030f4p6\build\lib\libSTM32F030F4P6.a(queue.c.obj)
 .debug_abbrev  0x000016ae      0x22a E:\stm32f030f4p6\build\lib\libSTM32F030F4P6.a(stream_buffer.c.obj)
 .debug_abbrev  0x000018d8      0x2b0 E:\stm32f030f4p6\build\lib\libSTM32F030F4P6.a(tasks.c.obj)
 .debug_abbrev  0x00001b88       0xff E:\stm32f030f4p6\build\lib\libSTM32F030F4P6.a(list.c.obj)
 .debug_abbrev  0x00001c87      0x21b E:\stm32f030f4p6\build\lib\libSTM32F030F4P6.a(heap_4.c.obj)

.debug_loc      0x00000000     0x8806
 .debug_loc     0x00000000       0x63 CMakeFiles/STM32F030F4P6.elf.dir/main.c.obj
 .debug_loc     0x00000063       0x25 CMakeFiles/STM32F030F4P6.elf.dir/Source/led.c.obj
 .debug_loc     0x00000088      0x94d CMakeFiles/STM32F030F4P6.elf.dir/Source/modbus.c.obj
 .debug_loc     0x000009d5      0x168 CMakeFiles/STM32F030F4P6.elf.dir/Source/uart.c.obj
 .debug_loc     0x00000b3d      0x16b E:\stm32f030f4p6\build\lib\libSTM32F030F4P6.a(system_stm32f0xx.c.obj)
 .debug_loc     0x00000ca8      0x363 E:\stm32f030f4p6\build\lib\libSTM32F030F4P6.a(stm32f0xx_gpio.c.obj)
 .debug_loc     0x0000100b       0x99 E:\stm32f030f4p6\build\lib\libSTM32F030F4P6.a(stm32f0xx_misc.c.obj)
 .debug_loc     0x000010a4      0x910 E:\stm32f030f4p6\build\lib\libSTM32F030F4P6.a(stm32f0xx_rcc.c.obj)
 .debug_loc     0x000019b4      0x9e3 E:\stm32f030f4p6\build\lib\libSTM32F030F4P6.a(stm32f0xx_usart.c.obj)
 .debug_loc     0x00002397      0x354 E:\stm32f030f4p6\build\lib\libSTM32F030F4P6.a(port.c.obj)
 .debug_loc     0x000026eb     0x1c8b E:\stm32f030f4p6\build\lib\libSTM32F030F4P6.a(queue.c.obj)
 .debug_loc     0x00004376     0x20c8 E:\stm32f030f4p6\build\lib\libSTM32F030F4P6.a(stream_buffer.c.obj)
 .debug_loc     0x0000643e     0x1dcb E:\stm32f030f4p6\build\lib\libSTM32F030F4P6.a(tasks.c.obj)
 .debug_loc     0x00008209       0xad E:\stm32f030f4p6\build\lib\libSTM32F030F4P6.a(list.c.obj)
 .debug_loc     0x000082b6      0x550 E:\stm32f030f4p6\build\lib\libSTM32F030F4P6.a(heap_4.c.obj)

.debug_aranges  0x00000000      0x9e0
 .debug_aranges
                0x00000000       0x20 CMakeFiles/STM32F030F4P6.elf.dir/main.c.obj
 .debug_aranges
                0x00000020       0x28 CMakeFiles/STM32F030F4P6.elf.dir/Source/led.c.obj
 .debug_aranges
                0x00000048       0x78 CMakeFiles/STM32F030F4P6.elf.dir/Source/modbus.c.obj
 .debug_aranges
                0x000000c0       0x40 CMakeFiles/STM32F030F4P6.elf.dir/Source/uart.c.obj
 .debug_aranges
                0x00000100       0x28 E:\stm32f030f4p6\build\lib\libSTM32F030F4P6.a(startup_stm32f030x6.s.obj)
 .debug_aranges
                0x00000128       0x30 E:\stm32f030f4p6\build\lib\libSTM32F030F4P6.a(system_stm32f0xx.c.obj)
 .debug_aranges
                0x00000158       0x80 E:\stm32f030f4p6\build\lib\libSTM32F030F4P6.a(stm32f0xx_gpio.c.obj)
 .debug_aranges
                0x000001d8       0x30 E:\stm32f030f4p6\build\lib\libSTM32F030F4P6.a(stm32f0xx_misc.c.obj)
 .debug_aranges
                0x00000208      0x160 E:\stm32f030f4p6\build\lib\libSTM32F030F4P6.a(stm32f0xx_rcc.c.obj)
 .debug_aranges
                0x00000368      0x1a0 E:\stm32f030f4p6\build\lib\libSTM32F030F4P6.a(stm32f0xx_usart.c.obj)
 .debug_aranges
                0x00000508       0x70 E:\stm32f030f4p6\build\lib\libSTM32F030F4P6.a(port.c.obj)
 .debug_aranges
                0x00000578       0x60 E:\stm32f030f4p6\build\lib\libSTM32F030F4P6.a(portasm.c.obj)
 .debug_aranges
                0x000005d8       0xe8 E:\stm32f030f4p6\build\lib\libSTM32F030F4P6.a(queue.c.obj)
 .debug_aranges
                0x000006c0       0xe8 E:\stm32f030f4p6\build\lib\libSTM32F030F4P6.a(stream_buffer.c.obj)
 .debug_aranges
                0x000007a8      0x190 E:\stm32f030f4p6\build\lib\libSTM32F030F4P6.a(tasks.c.obj)
 .debug_aranges
                0x00000938       0x40 E:\stm32f030f4p6\build\lib\libSTM32F030F4P6.a(list.c.obj)
 .debug_aranges
                0x00000978       0x68 E:\stm32f030f4p6\build\lib\libSTM32F030F4P6.a(heap_4.c.obj)

.debug_ranges   0x00000000      0xd18
 .debug_ranges  0x00000000       0x10 CMakeFiles/STM32F030F4P6.elf.dir/main.c.obj
 .debug_ranges  0x00000010       0x18 CMakeFiles/STM32F030F4P6.elf.dir/Source/led.c.obj
 .debug_ranges  0x00000028      0x118 CMakeFiles/STM32F030F4P6.elf.dir/Source/modbus.c.obj
 .debug_ranges  0x00000140       0x60 CMakeFiles/STM32F030F4P6.elf.dir/Source/uart.c.obj
 .debug_ranges  0x000001a0       0x20 E:\stm32f030f4p6\build\lib\libSTM32F030F4P6.a(startup_stm32f030x6.s.obj)
 .debug_ranges  0x000001c0       0x20 E:\stm32f030f4p6\build\lib\libSTM32F030F4P6.a(system_stm32f0xx.c.obj)
 .debug_ranges  0x000001e0       0x70 E:\stm32f030f4p6\build\lib\libSTM32F030F4P6.a(stm32f0xx_gpio.c.obj)
 .debug_ranges  0x00000250       0x20 E:\stm32f030f4p6\build\lib\libSTM32F030F4P6.a(stm32f0xx_misc.c.obj)
 .debug_ranges  0x00000270      0x150 E:\stm32f030f4p6\build\lib\libSTM32F030F4P6.a(stm32f0xx_rcc.c.obj)
 .debug_ranges  0x000003c0      0x190 E:\stm32f030f4p6\build\lib\libSTM32F030F4P6.a(stm32f0xx_usart.c.obj)
 .debug_ranges  0x00000550       0x60 E:\stm32f030f4p6\build\lib\libSTM32F030F4P6.a(port.c.obj)
 .debug_ranges  0x000005b0       0x50 E:\stm32f030f4p6\build\lib\libSTM32F030F4P6.a(portasm.c.obj)
 .debug_ranges  0x00000600      0x218 E:\stm32f030f4p6\build\lib\libSTM32F030F4P6.a(queue.c.obj)
 .debug_ranges  0x00000818       0xf0 E:\stm32f030f4p6\build\lib\libSTM32F030F4P6.a(stream_buffer.c.obj)
 .debug_ranges  0x00000908      0x388 E:\stm32f030f4p6\build\lib\libSTM32F030F4P6.a(tasks.c.obj)
 .debug_ranges  0x00000c90       0x30 E:\stm32f030f4p6\build\lib\libSTM32F030F4P6.a(list.c.obj)
 .debug_ranges  0x00000cc0       0x58 E:\stm32f030f4p6\build\lib\libSTM32F030F4P6.a(heap_4.c.obj)

.debug_line     0x00000000     0xa0f1
 .debug_line    0x00000000      0x2ee CMakeFiles/STM32F030F4P6.elf.dir/main.c.obj
 .debug_line    0x000002ee      0x2b1 CMakeFiles/STM32F030F4P6.elf.dir/Source/led.c.obj
 .debug_line    0x0000059f      0xbf6 CMakeFiles/STM32F030F4P6.elf.dir/Source/modbus.c.obj
 .debug_line    0x00001195      0x552 CMakeFiles/STM32F030F4P6.elf.dir/Source/uart.c.obj
 .debug_line    0x000016e7       0xc0 E:\stm32f030f4p6\build\lib\libSTM32F030F4P6.a(startup_stm32f030x6.s.obj)
 .debug_line    0x000017a7      0x3ca E:\stm32f030f4p6\build\lib\libSTM32F030F4P6.a(system_stm32f0xx.c.obj)
 .debug_line    0x00001b71      0x538 E:\stm32f030f4p6\build\lib\libSTM32F030F4P6.a(stm32f0xx_gpio.c.obj)
 .debug_line    0x000020a9      0x2c8 E:\stm32f030f4p6\build\lib\libSTM32F030F4P6.a(stm32f0xx_misc.c.obj)
 .debug_line    0x00002371      0xca7 E:\stm32f030f4p6\build\lib\libSTM32F030F4P6.a(stm32f0xx_rcc.c.obj)
 .debug_line    0x00003018      0xcc8 E:\stm32f030f4p6\build\lib\libSTM32F030F4P6.a(stm32f0xx_usart.c.obj)
 .debug_line    0x00003ce0      0x543 E:\stm32f030f4p6\build\lib\libSTM32F030F4P6.a(port.c.obj)
 .debug_line    0x00004223      0x205 E:\stm32f030f4p6\build\lib\libSTM32F030F4P6.a(portasm.c.obj)
 .debug_line    0x00004428     0x16a3 E:\stm32f030f4p6\build\lib\libSTM32F030F4P6.a(queue.c.obj)
 .debug_line    0x00005acb     0x162f E:\stm32f030f4p6\build\lib\libSTM32F030F4P6.a(stream_buffer.c.obj)
 .debug_line    0x000070fa     0x23dd E:\stm32f030f4p6\build\lib\libSTM32F030F4P6.a(tasks.c.obj)
 .debug_line    0x000094d7      0x362 E:\stm32f030f4p6\build\lib\libSTM32F030F4P6.a(list.c.obj)
 .debug_line    0x00009839      0x8b8 E:\stm32f030f4p6\build\lib\libSTM32F030F4P6.a(heap_4.c.obj)

.debug_str      0x00000000     0x36eb
 .debug_str     0x00000000      0x42c CMakeFiles/STM32F030F4P6.elf.dir/main.c.obj
                                0x47c (size before relaxing)
 .debug_str     0x0000042c      0x24b CMakeFiles/STM32F030F4P6.elf.dir/Source/led.c.obj
                                0x40b (size before relaxing)
 .debug_str     0x00000677      0x25b CMakeFiles/STM32F030F4P6.elf.dir/Source/modbus.c.obj
                                0x648 (size before relaxing)
 .debug_str     0x000008d2      0x36d CMakeFiles/STM32F030F4P6.elf.dir/Source/uart.c.obj
                                0x905 (size before relaxing)
 .debug_str     0x00000c3f       0x8d E:\stm32f030f4p6\build\lib\libSTM32F030F4P6.a(startup_stm32f030x6.s.obj)
 .debug_str     0x00000ccc      0x11f E:\stm32f030f4p6\build\lib\libSTM32F030F4P6.a(system_stm32f0xx.c.obj)
                                0x2ef (size before relaxing)
 .debug_str     0x00000deb      0x16c E:\stm32f030f4p6\build\lib\libSTM32F030F4P6.a(stm32f0xx_gpio.c.obj)
                                0x4e0 (size before relaxing)
 .debug_str     0x00000f57       0x92 E:\stm32f030f4p6\build\lib\libSTM32F030F4P6.a(stm32f0xx_misc.c.obj)
                                0x334 (size before relaxing)
 .debug_str     0x00000fe9      0x50e E:\stm32f030f4p6\build\lib\libSTM32F030F4P6.a(stm32f0xx_rcc.c.obj)
                                0x7eb (size before relaxing)
 .debug_str     0x000014f7      0x5ee E:\stm32f030f4p6\build\lib\libSTM32F030F4P6.a(stm32f0xx_usart.c.obj)
                                0xa29 (size before relaxing)
 .debug_str     0x00001ae5      0x1f8 E:\stm32f030f4p6\build\lib\libSTM32F030F4P6.a(port.c.obj)
                                0x3d7 (size before relaxing)
 .debug_str     0x00001cdd       0x99 E:\stm32f030f4p6\build\lib\libSTM32F030F4P6.a(portasm.c.obj)
                                0x25f (size before relaxing)
 .debug_str     0x00001d76      0x686 E:\stm32f030f4p6\build\lib\libSTM32F030F4P6.a(queue.c.obj)
                                0x989 (size before relaxing)
 .debug_str     0x000023fc      0x62c E:\stm32f030f4p6\build\lib\libSTM32F030F4P6.a(stream_buffer.c.obj)
                                0xa26 (size before relaxing)
 .debug_str     0x00002a28      0x94a E:\stm32f030f4p6\build\lib\libSTM32F030F4P6.a(tasks.c.obj)
                                0xf96 (size before relaxing)
 .debug_str     0x00003372       0x81 E:\stm32f030f4p6\build\lib\libSTM32F030F4P6.a(list.c.obj)
                                0x2de (size before relaxing)
 .debug_str     0x000033f3      0x2f8 E:\stm32f030f4p6\build\lib\libSTM32F030F4P6.a(heap_4.c.obj)
                                0x508 (size before relaxing)

.debug_frame    0x00000000     0x1798
 .debug_frame   0x00000000       0x28 CMakeFiles/STM32F030F4P6.elf.dir/main.c.obj
 .debug_frame   0x00000028       0x44 CMakeFiles/STM32F030F4P6.elf.dir/Source/led.c.obj
 .debug_frame   0x0000006c      0x158 CMakeFiles/STM32F030F4P6.elf.dir/Source/modbus.c.obj
 .debug_frame   0x000001c4       0xa8 CMakeFiles/STM32F030F4P6.elf.dir/Source/uart.c.obj
 .debug_frame   0x0000026c       0x54 E:\stm32f030f4p6\build\lib\libSTM32F030F4P6.a(system_stm32f0xx.c.obj)
 .debug_frame   0x000002c0      0x104 E:\stm32f030f4p6\build\lib\libSTM32F030F4P6.a(stm32f0xx_gpio.c.obj)
 .debug_frame   0x000003c4       0x4c E:\stm32f030f4p6\build\lib\libSTM32F030F4P6.a(stm32f0xx_misc.c.obj)
 .debug_frame   0x00000410      0x2c0 E:\stm32f030f4p6\build\lib\libSTM32F030F4P6.a(stm32f0xx_rcc.c.obj)
 .debug_frame   0x000006d0      0x35c E:\stm32f030f4p6\build\lib\libSTM32F030F4P6.a(stm32f0xx_usart.c.obj)
 .debug_frame   0x00000a2c       0xe4 E:\stm32f030f4p6\build\lib\libSTM32F030F4P6.a(port.c.obj)
 .debug_frame   0x00000b10       0xa0 E:\stm32f030f4p6\build\lib\libSTM32F030F4P6.a(portasm.c.obj)
 .debug_frame   0x00000bb0      0x2bc E:\stm32f030f4p6\build\lib\libSTM32F030F4P6.a(queue.c.obj)
 .debug_frame   0x00000e6c      0x2d8 E:\stm32f030f4p6\build\lib\libSTM32F030F4P6.a(stream_buffer.c.obj)
 .debug_frame   0x00001144      0x464 E:\stm32f030f4p6\build\lib\libSTM32F030F4P6.a(tasks.c.obj)
 .debug_frame   0x000015a8       0x6c E:\stm32f030f4p6\build\lib\libSTM32F030F4P6.a(list.c.obj)
 .debug_frame   0x00001614       0xf0 E:\stm32f030f4p6\build\lib\libSTM32F030F4P6.a(heap_4.c.obj)
 .debug_frame   0x00001704       0x20 e:/tools/gcc-arm-none-eabi-10.3-2021.10/bin/../lib/gcc/arm-none-eabi/10.3.1/thumb/v6-m/nofp\libgcc.a(_udivsi3.o)
 .debug_frame   0x00001724       0x2c e:/tools/gcc-arm-none-eabi-10.3-2021.10/bin/../lib/gcc/arm-none-eabi/10.3.1/../../../../arm-none-eabi/lib/thumb/v6-m/nofp\libg_nano.a(lib_a-init.o)
 .debug_frame   0x00001750       0x28 e:/tools/gcc-arm-none-eabi-10.3-2021.10/bin/../lib/gcc/arm-none-eabi/10.3.1/../../../../arm-none-eabi/lib/thumb/v6-m/nofp\libg_nano.a(lib_a-memcpy-stub.o)
 .debug_frame   0x00001778       0x20 e:/tools/gcc-arm-none-eabi-10.3-2021.10/bin/../lib/gcc/arm-none-eabi/10.3.1/../../../../arm-none-eabi/lib/thumb/v6-m/nofp\libg_nano.a(lib_a-memset.o)

Cross Reference Table

Symbol                                            File
ADC1_IRQHandler                                   E:\stm32f030f4p6\build\lib\libSTM32F030F4P6.a(startup_stm32f030x6.s.obj)
AHBPrescTable                                     E:\stm32f030f4p6\build\lib\libSTM32F030F4P6.a(system_stm32f0xx.c.obj)
DMA1_Channel1_IRQHandler                          E:\stm32f030f4p6\build\lib\libSTM32F030F4P6.a(startup_stm32f030x6.s.obj)
DMA1_Channel2_3_IRQHandler                        E:\stm32f030f4p6\build\lib\libSTM32F030F4P6.a(startup_stm32f030x6.s.obj)
DMA1_Channel4_5_IRQHandler                        E:\stm32f030f4p6\build\lib\libSTM32F030F4P6.a(startup_stm32f030x6.s.obj)
Default_Handler                                   E:\stm32f030f4p6\build\lib\libSTM32F030F4P6.a(startup_stm32f030x6.s.obj)
EXTI0_1_IRQHandler                                E:\stm32f030f4p6\build\lib\libSTM32F030F4P6.a(startup_stm32f030x6.s.obj)
EXTI2_3_IRQHandler                                E:\stm32f030f4p6\build\lib\libSTM32F030F4P6.a(startup_stm32f030x6.s.obj)
EXTI4_15_IRQHandler                               E:\stm32f030f4p6\build\lib\libSTM32F030F4P6.a(startup_stm32f030x6.s.obj)
FLASH_IRQHandler                                  E:\stm32f030f4p6\build\lib\libSTM32F030F4P6.a(startup_stm32f030x6.s.obj)
GPIO_DeInit                                       E:\stm32f030f4p6\build\lib\libSTM32F030F4P6.a(stm32f0xx_gpio.c.obj)
GPIO_Init                                         E:\stm32f030f4p6\build\lib\libSTM32F030F4P6.a(stm32f0xx_gpio.c.obj)
                                                  CMakeFiles/STM32F030F4P6.elf.dir/Source/uart.c.obj
                                                  CMakeFiles/STM32F030F4P6.elf.dir/Source/modbus.c.obj
                                                  CMakeFiles/STM32F030F4P6.elf.dir/Source/led.c.obj
GPIO_PinAFConfig                                  E:\stm32f030f4p6\build\lib\libSTM32F030F4P6.a(stm32f0xx_gpio.c.obj)
                                                  CMakeFiles/STM32F030F4P6.elf.dir/Source/uart.c.obj
GPIO_PinLockConfig                                E:\stm32f030f4p6\build\lib\libSTM32F030F4P6.a(stm32f0xx_gpio.c.obj)
GPIO_ReadInputData                                E:\stm32f030f4p6\build\lib\libSTM32F030F4P6.a(stm32f0xx_gpio.c.obj)
GPIO_ReadInputDataBit                             E:\stm32f030f4p6\build\lib\libSTM32F030F4P6.a(stm32f0xx_gpio.c.obj)
GPIO_ReadOutputData                               E:\stm32f030f4p6\build\lib\libSTM32F030F4P6.a(stm32f0xx_gpio.c.obj)
GPIO_ReadOutputDataBit                            E:\stm32f030f4p6\build\lib\libSTM32F030F4P6.a(stm32f0xx_gpio.c.obj)
GPIO_ResetBits                                    E:\stm32f030f4p6\build\lib\libSTM32F030F4P6.a(stm32f0xx_gpio.c.obj)
                                                  CMakeFiles/STM32F030F4P6.elf.dir/Source/uart.c.obj
                                                  CMakeFiles/STM32F030F4P6.elf.dir/Source/modbus.c.obj
                                                  CMakeFiles/STM32F030F4P6.elf.dir/Source/led.c.obj
GPIO_SetBits                                      E:\stm32f030f4p6\build\lib\libSTM32F030F4P6.a(stm32f0xx_gpio.c.obj)
                                                  CMakeFiles/STM32F030F4P6.elf.dir/Source/uart.c.obj
                                                  CMakeFiles/STM32F030F4P6.elf.dir/Source/modbus.c.obj
                                                  CMakeFiles/STM32F030F4P6.elf.dir/Source/led.c.obj
GPIO_StructInit                                   E:\stm32f030f4p6\build\lib\libSTM32F030F4P6.a(stm32f0xx_gpio.c.obj)
GPIO_Write                                        E:\stm32f030f4p6\build\lib\libSTM32F030F4P6.a(stm32f0xx_gpio.c.obj)
GPIO_WriteBit                                     E:\stm32f030f4p6\build\lib\libSTM32F030F4P6.a(stm32f0xx_gpio.c.obj)
HardFault_Handler                                 E:\stm32f030f4p6\build\lib\libSTM32F030F4P6.a(startup_stm32f030x6.s.obj)
I2C1_IRQHandler                                   E:\stm32f030f4p6\build\lib\libSTM32F030F4P6.a(startup_stm32f030x6.s.obj)
NMI_Handler                                       E:\stm32f030f4p6\build\lib\libSTM32F030F4P6.a(startup_stm32f030x6.s.obj)
NVIC_Init                                         E:\stm32f030f4p6\build\lib\libSTM32F030F4P6.a(stm32f0xx_misc.c.obj)
                                                  CMakeFiles/STM32F030F4P6.elf.dir/Source/uart.c.obj
NVIC_SystemLPConfig                               E:\stm32f030f4p6\build\lib\libSTM32F030F4P6.a(stm32f0xx_misc.c.obj)
PendSV_Handler                                    E:\stm32f030f4p6\build\lib\libSTM32F030F4P6.a(portasm.c.obj)
                                                  E:\stm32f030f4p6\build\lib\libSTM32F030F4P6.a(startup_stm32f030x6.s.obj)
                                                  E:\stm32f030f4p6\build\lib\libSTM32F030F4P6.a(port.c.obj)
RCC_ADCCLKConfig                                  E:\stm32f030f4p6\build\lib\libSTM32F030F4P6.a(stm32f0xx_rcc.c.obj)
RCC_AHBPeriphClockCmd                             E:\stm32f030f4p6\build\lib\libSTM32F030F4P6.a(stm32f0xx_rcc.c.obj)
                                                  CMakeFiles/STM32F030F4P6.elf.dir/Source/uart.c.obj
                                                  CMakeFiles/STM32F030F4P6.elf.dir/Source/modbus.c.obj
                                                  CMakeFiles/STM32F030F4P6.elf.dir/Source/led.c.obj
RCC_AHBPeriphResetCmd                             E:\stm32f030f4p6\build\lib\libSTM32F030F4P6.a(stm32f0xx_rcc.c.obj)
                                                  E:\stm32f030f4p6\build\lib\libSTM32F030F4P6.a(stm32f0xx_gpio.c.obj)
RCC_APB1PeriphClockCmd                            E:\stm32f030f4p6\build\lib\libSTM32F030F4P6.a(stm32f0xx_rcc.c.obj)
RCC_APB1PeriphResetCmd                            E:\stm32f030f4p6\build\lib\libSTM32F030F4P6.a(stm32f0xx_rcc.c.obj)
                                                  E:\stm32f030f4p6\build\lib\libSTM32F030F4P6.a(stm32f0xx_usart.c.obj)
RCC_APB2PeriphClockCmd                            E:\stm32f030f4p6\build\lib\libSTM32F030F4P6.a(stm32f0xx_rcc.c.obj)
                                                  CMakeFiles/STM32F030F4P6.elf.dir/Source/uart.c.obj
RCC_APB2PeriphResetCmd                            E:\stm32f030f4p6\build\lib\libSTM32F030F4P6.a(stm32f0xx_rcc.c.obj)
                                                  E:\stm32f030f4p6\build\lib\libSTM32F030F4P6.a(stm32f0xx_usart.c.obj)
RCC_AdjustHSI14CalibrationValue                   E:\stm32f030f4p6\build\lib\libSTM32F030F4P6.a(stm32f0xx_rcc.c.obj)
RCC_AdjustHSICalibrationValue                     E:\stm32f030f4p6\build\lib\libSTM32F030F4P6.a(stm32f0xx_rcc.c.obj)
RCC_BackupResetCmd                                E:\stm32f030f4p6\build\lib\libSTM32F030F4P6.a(stm32f0xx_rcc.c.obj)
RCC_CECCLKConfig                                  E:\stm32f030f4p6\build\lib\libSTM32F030F4P6.a(stm32f0xx_rcc.c.obj)
RCC_ClearFlag                                     E:\stm32f030f4p6\build\lib\libSTM32F030F4P6.a(stm32f0xx_rcc.c.obj)
RCC_ClearITPendingBit                             E:\stm32f030f4p6\build\lib\libSTM32F030F4P6.a(stm32f0xx_rcc.c.obj)
RCC_ClockSecuritySystemCmd                        E:\stm32f030f4p6\build\lib\libSTM32F030F4P6.a(stm32f0xx_rcc.c.obj)
RCC_DeInit                                        E:\stm32f030f4p6\build\lib\libSTM32F030F4P6.a(stm32f0xx_rcc.c.obj)
RCC_GetClocksFreq                                 E:\stm32f030f4p6\build\lib\libSTM32F030F4P6.a(stm32f0xx_rcc.c.obj)
                                                  E:\stm32f030f4p6\build\lib\libSTM32F030F4P6.a(stm32f0xx_usart.c.obj)
RCC_GetFlagStatus                                 E:\stm32f030f4p6\build\lib\libSTM32F030F4P6.a(stm32f0xx_rcc.c.obj)
RCC_GetITStatus                                   E:\stm32f030f4p6\build\lib\libSTM32F030F4P6.a(stm32f0xx_rcc.c.obj)
RCC_GetSYSCLKSource                               E:\stm32f030f4p6\build\lib\libSTM32F030F4P6.a(stm32f0xx_rcc.c.obj)
RCC_HCLKConfig                                    E:\stm32f030f4p6\build\lib\libSTM32F030F4P6.a(stm32f0xx_rcc.c.obj)
RCC_HSEConfig                                     E:\stm32f030f4p6\build\lib\libSTM32F030F4P6.a(stm32f0xx_rcc.c.obj)
RCC_HSI14ADCRequestCmd                            E:\stm32f030f4p6\build\lib\libSTM32F030F4P6.a(stm32f0xx_rcc.c.obj)
RCC_HSI14Cmd                                      E:\stm32f030f4p6\build\lib\libSTM32F030F4P6.a(stm32f0xx_rcc.c.obj)
RCC_HSI48Cmd                                      E:\stm32f030f4p6\build\lib\libSTM32F030F4P6.a(stm32f0xx_rcc.c.obj)
RCC_HSICmd                                        E:\stm32f030f4p6\build\lib\libSTM32F030F4P6.a(stm32f0xx_rcc.c.obj)
RCC_I2CCLKConfig                                  E:\stm32f030f4p6\build\lib\libSTM32F030F4P6.a(stm32f0xx_rcc.c.obj)
RCC_IRQHandler                                    E:\stm32f030f4p6\build\lib\libSTM32F030F4P6.a(startup_stm32f030x6.s.obj)
RCC_ITConfig                                      E:\stm32f030f4p6\build\lib\libSTM32F030F4P6.a(stm32f0xx_rcc.c.obj)
RCC_LSEConfig                                     E:\stm32f030f4p6\build\lib\libSTM32F030F4P6.a(stm32f0xx_rcc.c.obj)
RCC_LSEDriveConfig                                E:\stm32f030f4p6\build\lib\libSTM32F030F4P6.a(stm32f0xx_rcc.c.obj)
RCC_LSICmd                                        E:\stm32f030f4p6\build\lib\libSTM32F030F4P6.a(stm32f0xx_rcc.c.obj)
RCC_MCOConfig                                     E:\stm32f030f4p6\build\lib\libSTM32F030F4P6.a(stm32f0xx_rcc.c.obj)
RCC_PCLKConfig                                    E:\stm32f030f4p6\build\lib\libSTM32F030F4P6.a(stm32f0xx_rcc.c.obj)
RCC_PLLCmd                                        E:\stm32f030f4p6\build\lib\libSTM32F030F4P6.a(stm32f0xx_rcc.c.obj)
RCC_PLLConfig                                     E:\stm32f030f4p6\build\lib\libSTM32F030F4P6.a(stm32f0xx_rcc.c.obj)
RCC_PREDIV1Config                                 E:\stm32f030f4p6\build\lib\libSTM32F030F4P6.a(stm32f0xx_rcc.c.obj)
RCC_RTCCLKCmd                                     E:\stm32f030f4p6\build\lib\libSTM32F030F4P6.a(stm32f0xx_rcc.c.obj)
RCC_RTCCLKConfig                                  E:\stm32f030f4p6\build\lib\libSTM32F030F4P6.a(stm32f0xx_rcc.c.obj)
RCC_SYSCLKConfig                                  E:\stm32f030f4p6\build\lib\libSTM32F030F4P6.a(stm32f0xx_rcc.c.obj)
RCC_USARTCLKConfig                                E:\stm32f030f4p6\build\lib\libSTM32F030F4P6.a(stm32f0xx_rcc.c.obj)
RCC_USBCLKConfig                                  E:\stm32f030f4p6\build\lib\libSTM32F030F4P6.a(stm32f0xx_rcc.c.obj)
RCC_WaitForHSEStartUp                             E:\stm32f030f4p6\build\lib\libSTM32F030F4P6.a(stm32f0xx_rcc.c.obj)
RTC_IRQHandler                                    E:\stm32f030f4p6\build\lib\libSTM32F030F4P6.a(startup_stm32f030x6.s.obj)
Reset_Handler                                     E:\stm32f030f4p6\build\lib\libSTM32F030F4P6.a(startup_stm32f030x6.s.obj)
SPI1_IRQHandler                                   E:\stm32f030f4p6\build\lib\libSTM32F030F4P6.a(startup_stm32f030x6.s.obj)
SVC_Handler                                       E:\stm32f030f4p6\build\lib\libSTM32F030F4P6.a(portasm.c.obj)
                                                  E:\stm32f030f4p6\build\lib\libSTM32F030F4P6.a(startup_stm32f030x6.s.obj)
                                                  E:\stm32f030f4p6\build\lib\libSTM32F030F4P6.a(port.c.obj)
SysTick_CLKSourceConfig                           E:\stm32f030f4p6\build\lib\libSTM32F030F4P6.a(stm32f0xx_misc.c.obj)
                                                  CMakeFiles/STM32F030F4P6.elf.dir/main.c.obj
SysTick_Handler                                   E:\stm32f030f4p6\build\lib\libSTM32F030F4P6.a(port.c.obj)
                                                  E:\stm32f030f4p6\build\lib\libSTM32F030F4P6.a(startup_stm32f030x6.s.obj)
SystemCoreClock                                   E:\stm32f030f4p6\build\lib\libSTM32F030F4P6.a(system_stm32f0xx.c.obj)
                                                  CMakeFiles/STM32F030F4P6.elf.dir/main.c.obj
SystemCoreClockUpdate                             E:\stm32f030f4p6\build\lib\libSTM32F030F4P6.a(system_stm32f0xx.c.obj)
                                                  CMakeFiles/STM32F030F4P6.elf.dir/main.c.obj
SystemInit                                        E:\stm32f030f4p6\build\lib\libSTM32F030F4P6.a(system_stm32f0xx.c.obj)
                                                  E:\stm32f030f4p6\build\lib\libSTM32F030F4P6.a(startup_stm32f030x6.s.obj)
TIM14_IRQHandler                                  E:\stm32f030f4p6\build\lib\libSTM32F030F4P6.a(startup_stm32f030x6.s.obj)
TIM16_IRQHandler                                  E:\stm32f030f4p6\build\lib\libSTM32F030F4P6.a(startup_stm32f030x6.s.obj)
TIM17_IRQHandler                                  E:\stm32f030f4p6\build\lib\libSTM32F030F4P6.a(startup_stm32f030x6.s.obj)
TIM1_BRK_UP_TRG_COM_IRQHandler                    E:\stm32f030f4p6\build\lib\libSTM32F030F4P6.a(startup_stm32f030x6.s.obj)
TIM1_CC_IRQHandler                                E:\stm32f030f4p6\build\lib\libSTM32F030F4P6.a(startup_stm32f030x6.s.obj)
TIM3_IRQHandler                                   E:\stm32f030f4p6\build\lib\libSTM32F030F4P6.a(startup_stm32f030x6.s.obj)
USART1_IRQHandler                                 CMakeFiles/STM32F030F4P6.elf.dir/Source/uart.c.obj
USART_AddressDetectionConfig                      E:\stm32f030f4p6\build\lib\libSTM32F030F4P6.a(stm32f0xx_usart.c.obj)
USART_AutoBaudRateCmd                             E:\stm32f030f4p6\build\lib\libSTM32F030F4P6.a(stm32f0xx_usart.c.obj)
USART_AutoBaudRateConfig                          E:\stm32f030f4p6\build\lib\libSTM32F030F4P6.a(stm32f0xx_usart.c.obj)
USART_ClearFlag                                   E:\stm32f030f4p6\build\lib\libSTM32F030F4P6.a(stm32f0xx_usart.c.obj)
USART_ClearITPendingBit                           E:\stm32f030f4p6\build\lib\libSTM32F030F4P6.a(stm32f0xx_usart.c.obj)
                                                  CMakeFiles/STM32F030F4P6.elf.dir/Source/uart.c.obj
USART_ClockInit                                   E:\stm32f030f4p6\build\lib\libSTM32F030F4P6.a(stm32f0xx_usart.c.obj)
USART_ClockStructInit                             E:\stm32f030f4p6\build\lib\libSTM32F030F4P6.a(stm32f0xx_usart.c.obj)
USART_Cmd                                         E:\stm32f030f4p6\build\lib\libSTM32F030F4P6.a(stm32f0xx_usart.c.obj)
                                                  CMakeFiles/STM32F030F4P6.elf.dir/Source/uart.c.obj
USART_DECmd                                       E:\stm32f030f4p6\build\lib\libSTM32F030F4P6.a(stm32f0xx_usart.c.obj)
USART_DEPolarityConfig                            E:\stm32f030f4p6\build\lib\libSTM32F030F4P6.a(stm32f0xx_usart.c.obj)
USART_DMACmd                                      E:\stm32f030f4p6\build\lib\libSTM32F030F4P6.a(stm32f0xx_usart.c.obj)
USART_DMAReceptionErrorConfig                     E:\stm32f030f4p6\build\lib\libSTM32F030F4P6.a(stm32f0xx_usart.c.obj)
USART_DataInvCmd                                  E:\stm32f030f4p6\build\lib\libSTM32F030F4P6.a(stm32f0xx_usart.c.obj)
USART_DeInit                                      E:\stm32f030f4p6\build\lib\libSTM32F030F4P6.a(stm32f0xx_usart.c.obj)
                                                  CMakeFiles/STM32F030F4P6.elf.dir/Source/uart.c.obj
USART_DirectionModeCmd                            E:\stm32f030f4p6\build\lib\libSTM32F030F4P6.a(stm32f0xx_usart.c.obj)
USART_GetFlagStatus                               E:\stm32f030f4p6\build\lib\libSTM32F030F4P6.a(stm32f0xx_usart.c.obj)
USART_GetITStatus                                 E:\stm32f030f4p6\build\lib\libSTM32F030F4P6.a(stm32f0xx_usart.c.obj)
                                                  CMakeFiles/STM32F030F4P6.elf.dir/Source/uart.c.obj
USART_HalfDuplexCmd                               E:\stm32f030f4p6\build\lib\libSTM32F030F4P6.a(stm32f0xx_usart.c.obj)
USART_ITConfig                                    E:\stm32f030f4p6\build\lib\libSTM32F030F4P6.a(stm32f0xx_usart.c.obj)
                                                  CMakeFiles/STM32F030F4P6.elf.dir/Source/uart.c.obj
USART_Init                                        E:\stm32f030f4p6\build\lib\libSTM32F030F4P6.a(stm32f0xx_usart.c.obj)
                                                  CMakeFiles/STM32F030F4P6.elf.dir/Source/uart.c.obj
USART_InvPinCmd                                   E:\stm32f030f4p6\build\lib\libSTM32F030F4P6.a(stm32f0xx_usart.c.obj)
USART_IrDACmd                                     E:\stm32f030f4p6\build\lib\libSTM32F030F4P6.a(stm32f0xx_usart.c.obj)
USART_IrDAConfig                                  E:\stm32f030f4p6\build\lib\libSTM32F030F4P6.a(stm32f0xx_usart.c.obj)
USART_LINBreakDetectLengthConfig                  E:\stm32f030f4p6\build\lib\libSTM32F030F4P6.a(stm32f0xx_usart.c.obj)
USART_LINCmd                                      E:\stm32f030f4p6\build\lib\libSTM32F030F4P6.a(stm32f0xx_usart.c.obj)
USART_MSBFirstCmd                                 E:\stm32f030f4p6\build\lib\libSTM32F030F4P6.a(stm32f0xx_usart.c.obj)
USART_MuteModeCmd                                 E:\stm32f030f4p6\build\lib\libSTM32F030F4P6.a(stm32f0xx_usart.c.obj)
USART_MuteModeWakeUpConfig                        E:\stm32f030f4p6\build\lib\libSTM32F030F4P6.a(stm32f0xx_usart.c.obj)
USART_OneBitMethodCmd                             E:\stm32f030f4p6\build\lib\libSTM32F030F4P6.a(stm32f0xx_usart.c.obj)
USART_OverSampling8Cmd                            E:\stm32f030f4p6\build\lib\libSTM32F030F4P6.a(stm32f0xx_usart.c.obj)
USART_OverrunDetectionConfig                      E:\stm32f030f4p6\build\lib\libSTM32F030F4P6.a(stm32f0xx_usart.c.obj)
USART_ReceiveData                                 E:\stm32f030f4p6\build\lib\libSTM32F030F4P6.a(stm32f0xx_usart.c.obj)
                                                  CMakeFiles/STM32F030F4P6.elf.dir/Source/uart.c.obj
USART_ReceiverTimeOutCmd                          E:\stm32f030f4p6\build\lib\libSTM32F030F4P6.a(stm32f0xx_usart.c.obj)
USART_RequestCmd                                  E:\stm32f030f4p6\build\lib\libSTM32F030F4P6.a(stm32f0xx_usart.c.obj)
USART_STOPModeCmd                                 E:\stm32f030f4p6\build\lib\libSTM32F030F4P6.a(stm32f0xx_usart.c.obj)
USART_SWAPPinCmd                                  E:\stm32f030f4p6\build\lib\libSTM32F030F4P6.a(stm32f0xx_usart.c.obj)
USART_SendData                                    E:\stm32f030f4p6\build\lib\libSTM32F030F4P6.a(stm32f0xx_usart.c.obj)
                                                  CMakeFiles/STM32F030F4P6.elf.dir/Source/uart.c.obj
USART_SetAddress                                  E:\stm32f030f4p6\build\lib\libSTM32F030F4P6.a(stm32f0xx_usart.c.obj)
USART_SetAutoRetryCount                           E:\stm32f030f4p6\build\lib\libSTM32F030F4P6.a(stm32f0xx_usart.c.obj)
USART_SetBlockLength                              E:\stm32f030f4p6\build\lib\libSTM32F030F4P6.a(stm32f0xx_usart.c.obj)
USART_SetDEAssertionTime                          E:\stm32f030f4p6\build\lib\libSTM32F030F4P6.a(stm32f0xx_usart.c.obj)
USART_SetDEDeassertionTime                        E:\stm32f030f4p6\build\lib\libSTM32F030F4P6.a(stm32f0xx_usart.c.obj)
USART_SetGuardTime                                E:\stm32f030f4p6\build\lib\libSTM32F030F4P6.a(stm32f0xx_usart.c.obj)
USART_SetPrescaler                                E:\stm32f030f4p6\build\lib\libSTM32F030F4P6.a(stm32f0xx_usart.c.obj)
USART_SetReceiverTimeOut                          E:\stm32f030f4p6\build\lib\libSTM32F030F4P6.a(stm32f0xx_usart.c.obj)
USART_SmartCardCmd                                E:\stm32f030f4p6\build\lib\libSTM32F030F4P6.a(stm32f0xx_usart.c.obj)
USART_SmartCardNACKCmd                            E:\stm32f030f4p6\build\lib\libSTM32F030F4P6.a(stm32f0xx_usart.c.obj)
USART_StopModeWakeUpSourceConfig                  E:\stm32f030f4p6\build\lib\libSTM32F030F4P6.a(stm32f0xx_usart.c.obj)
USART_StructInit                                  E:\stm32f030f4p6\build\lib\libSTM32F030F4P6.a(stm32f0xx_usart.c.obj)
WWDG_IRQHandler                                   E:\stm32f030f4p6\build\lib\libSTM32F030F4P6.a(startup_stm32f030x6.s.obj)
__aeabi_idiv0                                     e:/tools/gcc-arm-none-eabi-10.3-2021.10/bin/../lib/gcc/arm-none-eabi/10.3.1/thumb/v6-m/nofp\libgcc.a(_dvmd_tls.o)
                                                  e:/tools/gcc-arm-none-eabi-10.3-2021.10/bin/../lib/gcc/arm-none-eabi/10.3.1/thumb/v6-m/nofp\libgcc.a(_udivsi3.o)
__aeabi_ldiv0                                     e:/tools/gcc-arm-none-eabi-10.3-2021.10/bin/../lib/gcc/arm-none-eabi/10.3.1/thumb/v6-m/nofp\libgcc.a(_dvmd_tls.o)
__aeabi_uidiv                                     e:/tools/gcc-arm-none-eabi-10.3-2021.10/bin/../lib/gcc/arm-none-eabi/10.3.1/thumb/v6-m/nofp\libgcc.a(_udivsi3.o)
                                                  E:\stm32f030f4p6\build\lib\libSTM32F030F4P6.a(stm32f0xx_usart.c.obj)
                                                  E:\stm32f030f4p6\build\lib\libSTM32F030F4P6.a(stm32f0xx_rcc.c.obj)
                                                  E:\stm32f030f4p6\build\lib\libSTM32F030F4P6.a(system_stm32f0xx.c.obj)
                                                  CMakeFiles/STM32F030F4P6.elf.dir/main.c.obj
__aeabi_uidivmod                                  e:/tools/gcc-arm-none-eabi-10.3-2021.10/bin/../lib/gcc/arm-none-eabi/10.3.1/thumb/v6-m/nofp\libgcc.a(_udivsi3.o)
                                                  E:\stm32f030f4p6\build\lib\libSTM32F030F4P6.a(stm32f0xx_usart.c.obj)
__bss_end__                                       e:/tools/gcc-arm-none-eabi-10.3-2021.10/bin/../lib/gcc/arm-none-eabi/10.3.1/../../../../arm-none-eabi/lib/thumb/v6-m/nofp/rdimon-crt0.o
__bss_start__                                     e:/tools/gcc-arm-none-eabi-10.3-2021.10/bin/../lib/gcc/arm-none-eabi/10.3.1/../../../../arm-none-eabi/lib/thumb/v6-m/nofp/rdimon-crt0.o
__call_exitprocs                                  e:/tools/gcc-arm-none-eabi-10.3-2021.10/bin/../lib/gcc/arm-none-eabi/10.3.1/../../../../arm-none-eabi/lib/thumb/v6-m/nofp\libg_nano.a(lib_a-exit.o)
__deregister_frame_info                           e:/tools/gcc-arm-none-eabi-10.3-2021.10/bin/../lib/gcc/arm-none-eabi/10.3.1/thumb/v6-m/nofp/crtbegin.o
__dso_handle                                      e:/tools/gcc-arm-none-eabi-10.3-2021.10/bin/../lib/gcc/arm-none-eabi/10.3.1/thumb/v6-m/nofp/crtbegin.o
__end__                                           e:/tools/gcc-arm-none-eabi-10.3-2021.10/bin/../lib/gcc/arm-none-eabi/10.3.1/../../../../arm-none-eabi/lib/thumb/v6-m/nofp/rdimon-crt0.o
__errno                                           e:/tools/gcc-arm-none-eabi-10.3-2021.10/bin/../lib/gcc/arm-none-eabi/10.3.1/../../../../arm-none-eabi/lib/thumb/v6-m/nofp\libc_nano.a(lib_a-errno.o)
                                                  e:/tools/gcc-arm-none-eabi-10.3-2021.10/bin/../lib/gcc/arm-none-eabi/10.3.1/../../../../arm-none-eabi/lib/thumb/v6-m/nofp\librdimon_nano.a(rdimon-syscalls.o)
__fp_lock_all                                     e:/tools/gcc-arm-none-eabi-10.3-2021.10/bin/../lib/gcc/arm-none-eabi/10.3.1/../../../../arm-none-eabi/lib/thumb/v6-m/nofp\libc_nano.a(lib_a-findfp.o)
__fp_unlock_all                                   e:/tools/gcc-arm-none-eabi-10.3-2021.10/bin/../lib/gcc/arm-none-eabi/10.3.1/../../../../arm-none-eabi/lib/thumb/v6-m/nofp\libc_nano.a(lib_a-findfp.o)
__heap_limit                                      e:/tools/gcc-arm-none-eabi-10.3-2021.10/bin/../lib/gcc/arm-none-eabi/10.3.1/../../../../arm-none-eabi/lib/thumb/v6-m/nofp\librdimon_nano.a(rdimon-syscalls.o)
                                                  e:/tools/gcc-arm-none-eabi-10.3-2021.10/bin/../lib/gcc/arm-none-eabi/10.3.1/../../../../arm-none-eabi/lib/thumb/v6-m/nofp/rdimon-crt0.o
__init_array_end                                  e:/tools/gcc-arm-none-eabi-10.3-2021.10/bin/../lib/gcc/arm-none-eabi/10.3.1/../../../../arm-none-eabi/lib/thumb/v6-m/nofp\libg_nano.a(lib_a-init.o)
__init_array_start                                e:/tools/gcc-arm-none-eabi-10.3-2021.10/bin/../lib/gcc/arm-none-eabi/10.3.1/../../../../arm-none-eabi/lib/thumb/v6-m/nofp\libg_nano.a(lib_a-init.o)
__libc_fini_array                                 e:/tools/gcc-arm-none-eabi-10.3-2021.10/bin/../lib/gcc/arm-none-eabi/10.3.1/../../../../arm-none-eabi/lib/thumb/v6-m/nofp/rdimon-crt0.o
__libc_init_array                                 e:/tools/gcc-arm-none-eabi-10.3-2021.10/bin/../lib/gcc/arm-none-eabi/10.3.1/../../../../arm-none-eabi/lib/thumb/v6-m/nofp\libg_nano.a(lib_a-init.o)
                                                  E:\stm32f030f4p6\build\lib\libSTM32F030F4P6.a(startup_stm32f030x6.s.obj)
                                                  e:/tools/gcc-arm-none-eabi-10.3-2021.10/bin/../lib/gcc/arm-none-eabi/10.3.1/../../../../arm-none-eabi/lib/thumb/v6-m/nofp/rdimon-crt0.o
__lock___arc4random_mutex                         e:/tools/gcc-arm-none-eabi-10.3-2021.10/bin/../lib/gcc/arm-none-eabi/10.3.1/../../../../arm-none-eabi/lib/thumb/v6-m/nofp\libc_nano.a(lib_a-lock.o)
__lock___at_quick_exit_mutex                      e:/tools/gcc-arm-none-eabi-10.3-2021.10/bin/../lib/gcc/arm-none-eabi/10.3.1/../../../../arm-none-eabi/lib/thumb/v6-m/nofp\libc_nano.a(lib_a-lock.o)
__lock___atexit_recursive_mutex                   e:/tools/gcc-arm-none-eabi-10.3-2021.10/bin/../lib/gcc/arm-none-eabi/10.3.1/../../../../arm-none-eabi/lib/thumb/v6-m/nofp\libc_nano.a(lib_a-lock.o)
__lock___dd_hash_mutex                            e:/tools/gcc-arm-none-eabi-10.3-2021.10/bin/../lib/gcc/arm-none-eabi/10.3.1/../../../../arm-none-eabi/lib/thumb/v6-m/nofp\libc_nano.a(lib_a-lock.o)
__lock___env_recursive_mutex                      e:/tools/gcc-arm-none-eabi-10.3-2021.10/bin/../lib/gcc/arm-none-eabi/10.3.1/../../../../arm-none-eabi/lib/thumb/v6-m/nofp\libc_nano.a(lib_a-lock.o)
__lock___malloc_recursive_mutex                   e:/tools/gcc-arm-none-eabi-10.3-2021.10/bin/../lib/gcc/arm-none-eabi/10.3.1/../../../../arm-none-eabi/lib/thumb/v6-m/nofp\libc_nano.a(lib_a-lock.o)
                                                  e:/tools/gcc-arm-none-eabi-10.3-2021.10/bin/../lib/gcc/arm-none-eabi/10.3.1/../../../../arm-none-eabi/lib/thumb/v6-m/nofp\libc_nano.a(lib_a-mlock.o)
__lock___sfp_recursive_mutex                      e:/tools/gcc-arm-none-eabi-10.3-2021.10/bin/../lib/gcc/arm-none-eabi/10.3.1/../../../../arm-none-eabi/lib/thumb/v6-m/nofp\libc_nano.a(lib_a-lock.o)
                                                  e:/tools/gcc-arm-none-eabi-10.3-2021.10/bin/../lib/gcc/arm-none-eabi/10.3.1/../../../../arm-none-eabi/lib/thumb/v6-m/nofp\libc_nano.a(lib_a-findfp.o)
__lock___sinit_recursive_mutex                    e:/tools/gcc-arm-none-eabi-10.3-2021.10/bin/../lib/gcc/arm-none-eabi/10.3.1/../../../../arm-none-eabi/lib/thumb/v6-m/nofp\libc_nano.a(lib_a-lock.o)
                                                  e:/tools/gcc-arm-none-eabi-10.3-2021.10/bin/../lib/gcc/arm-none-eabi/10.3.1/../../../../arm-none-eabi/lib/thumb/v6-m/nofp\libc_nano.a(lib_a-findfp.o)
__lock___tz_mutex                                 e:/tools/gcc-arm-none-eabi-10.3-2021.10/bin/../lib/gcc/arm-none-eabi/10.3.1/../../../../arm-none-eabi/lib/thumb/v6-m/nofp\libc_nano.a(lib_a-lock.o)
__malloc_free_list                                e:/tools/gcc-arm-none-eabi-10.3-2021.10/bin/../lib/gcc/arm-none-eabi/10.3.1/../../../../arm-none-eabi/lib/thumb/v6-m/nofp\libc_nano.a(lib_a-nano-mallocr.o)
                                                  e:/tools/gcc-arm-none-eabi-10.3-2021.10/bin/../lib/gcc/arm-none-eabi/10.3.1/../../../../arm-none-eabi/lib/thumb/v6-m/nofp\libc_nano.a(lib_a-nano-freer.o)
__malloc_lock                                     e:/tools/gcc-arm-none-eabi-10.3-2021.10/bin/../lib/gcc/arm-none-eabi/10.3.1/../../../../arm-none-eabi/lib/thumb/v6-m/nofp\libc_nano.a(lib_a-mlock.o)
                                                  e:/tools/gcc-arm-none-eabi-10.3-2021.10/bin/../lib/gcc/arm-none-eabi/10.3.1/../../../../arm-none-eabi/lib/thumb/v6-m/nofp\libc_nano.a(lib_a-nano-freer.o)
                                                  e:/tools/gcc-arm-none-eabi-10.3-2021.10/bin/../lib/gcc/arm-none-eabi/10.3.1/../../../../arm-none-eabi/lib/thumb/v6-m/nofp\libc_nano.a(lib_a-nano-mallocr.o)
__malloc_sbrk_start                               e:/tools/gcc-arm-none-eabi-10.3-2021.10/bin/../lib/gcc/arm-none-eabi/10.3.1/../../../../arm-none-eabi/lib/thumb/v6-m/nofp\libc_nano.a(lib_a-nano-mallocr.o)
__malloc_unlock                                   e:/tools/gcc-arm-none-eabi-10.3-2021.10/bin/../lib/gcc/arm-none-eabi/10.3.1/../../../../arm-none-eabi/lib/thumb/v6-m/nofp\libc_nano.a(lib_a-mlock.o)
                                                  e:/tools/gcc-arm-none-eabi-10.3-2021.10/bin/../lib/gcc/arm-none-eabi/10.3.1/../../../../arm-none-eabi/lib/thumb/v6-m/nofp\libc_nano.a(lib_a-nano-freer.o)
                                                  e:/tools/gcc-arm-none-eabi-10.3-2021.10/bin/../lib/gcc/arm-none-eabi/10.3.1/../../../../arm-none-eabi/lib/thumb/v6-m/nofp\libc_nano.a(lib_a-nano-mallocr.o)
__preinit_array_end                               e:/tools/gcc-arm-none-eabi-10.3-2021.10/bin/../lib/gcc/arm-none-eabi/10.3.1/../../../../arm-none-eabi/lib/thumb/v6-m/nofp\libg_nano.a(lib_a-init.o)
__preinit_array_start                             e:/tools/gcc-arm-none-eabi-10.3-2021.10/bin/../lib/gcc/arm-none-eabi/10.3.1/../../../../arm-none-eabi/lib/thumb/v6-m/nofp\libg_nano.a(lib_a-init.o)
__register_frame_info                             e:/tools/gcc-arm-none-eabi-10.3-2021.10/bin/../lib/gcc/arm-none-eabi/10.3.1/thumb/v6-m/nofp/crtbegin.o
__retarget_lock_acquire                           e:/tools/gcc-arm-none-eabi-10.3-2021.10/bin/../lib/gcc/arm-none-eabi/10.3.1/../../../../arm-none-eabi/lib/thumb/v6-m/nofp\libc_nano.a(lib_a-lock.o)
__retarget_lock_acquire_recursive                 e:/tools/gcc-arm-none-eabi-10.3-2021.10/bin/../lib/gcc/arm-none-eabi/10.3.1/../../../../arm-none-eabi/lib/thumb/v6-m/nofp\libc_nano.a(lib_a-lock.o)
                                                  e:/tools/gcc-arm-none-eabi-10.3-2021.10/bin/../lib/gcc/arm-none-eabi/10.3.1/../../../../arm-none-eabi/lib/thumb/v6-m/nofp\libc_nano.a(lib_a-mlock.o)
                                                  e:/tools/gcc-arm-none-eabi-10.3-2021.10/bin/../lib/gcc/arm-none-eabi/10.3.1/../../../../arm-none-eabi/lib/thumb/v6-m/nofp\libc_nano.a(lib_a-fflush.o)
                                                  e:/tools/gcc-arm-none-eabi-10.3-2021.10/bin/../lib/gcc/arm-none-eabi/10.3.1/../../../../arm-none-eabi/lib/thumb/v6-m/nofp\libc_nano.a(lib_a-findfp.o)
__retarget_lock_close                             e:/tools/gcc-arm-none-eabi-10.3-2021.10/bin/../lib/gcc/arm-none-eabi/10.3.1/../../../../arm-none-eabi/lib/thumb/v6-m/nofp\libc_nano.a(lib_a-lock.o)
__retarget_lock_close_recursive                   e:/tools/gcc-arm-none-eabi-10.3-2021.10/bin/../lib/gcc/arm-none-eabi/10.3.1/../../../../arm-none-eabi/lib/thumb/v6-m/nofp\libc_nano.a(lib_a-lock.o)
__retarget_lock_init                              e:/tools/gcc-arm-none-eabi-10.3-2021.10/bin/../lib/gcc/arm-none-eabi/10.3.1/../../../../arm-none-eabi/lib/thumb/v6-m/nofp\libc_nano.a(lib_a-lock.o)
__retarget_lock_init_recursive                    e:/tools/gcc-arm-none-eabi-10.3-2021.10/bin/../lib/gcc/arm-none-eabi/10.3.1/../../../../arm-none-eabi/lib/thumb/v6-m/nofp\libc_nano.a(lib_a-lock.o)
                                                  e:/tools/gcc-arm-none-eabi-10.3-2021.10/bin/../lib/gcc/arm-none-eabi/10.3.1/../../../../arm-none-eabi/lib/thumb/v6-m/nofp\libc_nano.a(lib_a-findfp.o)
__retarget_lock_release                           e:/tools/gcc-arm-none-eabi-10.3-2021.10/bin/../lib/gcc/arm-none-eabi/10.3.1/../../../../arm-none-eabi/lib/thumb/v6-m/nofp\libc_nano.a(lib_a-lock.o)
__retarget_lock_release_recursive                 e:/tools/gcc-arm-none-eabi-10.3-2021.10/bin/../lib/gcc/arm-none-eabi/10.3.1/../../../../arm-none-eabi/lib/thumb/v6-m/nofp\libc_nano.a(lib_a-lock.o)
                                                  e:/tools/gcc-arm-none-eabi-10.3-2021.10/bin/../lib/gcc/arm-none-eabi/10.3.1/../../../../arm-none-eabi/lib/thumb/v6-m/nofp\libc_nano.a(lib_a-mlock.o)
                                                  e:/tools/gcc-arm-none-eabi-10.3-2021.10/bin/../lib/gcc/arm-none-eabi/10.3.1/../../../../arm-none-eabi/lib/thumb/v6-m/nofp\libc_nano.a(lib_a-fflush.o)
                                                  e:/tools/gcc-arm-none-eabi-10.3-2021.10/bin/../lib/gcc/arm-none-eabi/10.3.1/../../../../arm-none-eabi/lib/thumb/v6-m/nofp\libc_nano.a(lib_a-findfp.o)
__retarget_lock_try_acquire                       e:/tools/gcc-arm-none-eabi-10.3-2021.10/bin/../lib/gcc/arm-none-eabi/10.3.1/../../../../arm-none-eabi/lib/thumb/v6-m/nofp\libc_nano.a(lib_a-lock.o)
__retarget_lock_try_acquire_recursive             e:/tools/gcc-arm-none-eabi-10.3-2021.10/bin/../lib/gcc/arm-none-eabi/10.3.1/../../../../arm-none-eabi/lib/thumb/v6-m/nofp\libc_nano.a(lib_a-lock.o)
__sclose                                          e:/tools/gcc-arm-none-eabi-10.3-2021.10/bin/../lib/gcc/arm-none-eabi/10.3.1/../../../../arm-none-eabi/lib/thumb/v6-m/nofp\libc_nano.a(lib_a-stdio.o)
                                                  e:/tools/gcc-arm-none-eabi-10.3-2021.10/bin/../lib/gcc/arm-none-eabi/10.3.1/../../../../arm-none-eabi/lib/thumb/v6-m/nofp\libc_nano.a(lib_a-findfp.o)
__seofread                                        e:/tools/gcc-arm-none-eabi-10.3-2021.10/bin/../lib/gcc/arm-none-eabi/10.3.1/../../../../arm-none-eabi/lib/thumb/v6-m/nofp\libc_nano.a(lib_a-stdio.o)
__sf_fake_stderr                                  e:/tools/gcc-arm-none-eabi-10.3-2021.10/bin/../lib/gcc/arm-none-eabi/10.3.1/../../../../arm-none-eabi/lib/thumb/v6-m/nofp\libc_nano.a(lib_a-findfp.o)
                                                  e:/tools/gcc-arm-none-eabi-10.3-2021.10/bin/../lib/gcc/arm-none-eabi/10.3.1/../../../../arm-none-eabi/lib/thumb/v6-m/nofp\libc_nano.a(lib_a-fflush.o)
                                                  e:/tools/gcc-arm-none-eabi-10.3-2021.10/bin/../lib/gcc/arm-none-eabi/10.3.1/../../../../arm-none-eabi/lib/thumb/v6-m/nofp\libg_nano.a(lib_a-impure.o)
__sf_fake_stdin                                   e:/tools/gcc-arm-none-eabi-10.3-2021.10/bin/../lib/gcc/arm-none-eabi/10.3.1/../../../../arm-none-eabi/lib/thumb/v6-m/nofp\libc_nano.a(lib_a-findfp.o)
                                                  e:/tools/gcc-arm-none-eabi-10.3-2021.10/bin/../lib/gcc/arm-none-eabi/10.3.1/../../../../arm-none-eabi/lib/thumb/v6-m/nofp\libc_nano.a(lib_a-fflush.o)
                                                  e:/tools/gcc-arm-none-eabi-10.3-2021.10/bin/../lib/gcc/arm-none-eabi/10.3.1/../../../../arm-none-eabi/lib/thumb/v6-m/nofp\libg_nano.a(lib_a-impure.o)
__sf_fake_stdout                                  e:/tools/gcc-arm-none-eabi-10.3-2021.10/bin/../lib/gcc/arm-none-eabi/10.3.1/../../../../arm-none-eabi/lib/thumb/v6-m/nofp\libc_nano.a(lib_a-findfp.o)
                                                  e:/tools/gcc-arm-none-eabi-10.3-2021.10/bin/../lib/gcc/arm-none-eabi/10.3.1/../../../../arm-none-eabi/lib/thumb/v6-m/nofp\libc_nano.a(lib_a-fflush.o)
                                                  e:/tools/gcc-arm-none-eabi-10.3-2021.10/bin/../lib/gcc/arm-none-eabi/10.3.1/../../../../arm-none-eabi/lib/thumb/v6-m/nofp\libg_nano.a(lib_a-impure.o)
__sflush_r                                        e:/tools/gcc-arm-none-eabi-10.3-2021.10/bin/../lib/gcc/arm-none-eabi/10.3.1/../../../../arm-none-eabi/lib/thumb/v6-m/nofp\libc_nano.a(lib_a-fflush.o)
__sfmoreglue                                      e:/tools/gcc-arm-none-eabi-10.3-2021.10/bin/../lib/gcc/arm-none-eabi/10.3.1/../../../../arm-none-eabi/lib/thumb/v6-m/nofp\libc_nano.a(lib_a-findfp.o)
__sfp                                             e:/tools/gcc-arm-none-eabi-10.3-2021.10/bin/../lib/gcc/arm-none-eabi/10.3.1/../../../../arm-none-eabi/lib/thumb/v6-m/nofp\libc_nano.a(lib_a-findfp.o)
__sfp_lock_acquire                                e:/tools/gcc-arm-none-eabi-10.3-2021.10/bin/../lib/gcc/arm-none-eabi/10.3.1/../../../../arm-none-eabi/lib/thumb/v6-m/nofp\libc_nano.a(lib_a-findfp.o)
__sfp_lock_release                                e:/tools/gcc-arm-none-eabi-10.3-2021.10/bin/../lib/gcc/arm-none-eabi/10.3.1/../../../../arm-none-eabi/lib/thumb/v6-m/nofp\libc_nano.a(lib_a-findfp.o)
__sinit                                           e:/tools/gcc-arm-none-eabi-10.3-2021.10/bin/../lib/gcc/arm-none-eabi/10.3.1/../../../../arm-none-eabi/lib/thumb/v6-m/nofp\libc_nano.a(lib_a-findfp.o)
                                                  e:/tools/gcc-arm-none-eabi-10.3-2021.10/bin/../lib/gcc/arm-none-eabi/10.3.1/../../../../arm-none-eabi/lib/thumb/v6-m/nofp\libc_nano.a(lib_a-fflush.o)
                                                  e:/tools/gcc-arm-none-eabi-10.3-2021.10/bin/../lib/gcc/arm-none-eabi/10.3.1/../../../../arm-none-eabi/lib/thumb/v6-m/nofp\librdimon_nano.a(rdimon-syscalls.o)
__sinit_lock_acquire                              e:/tools/gcc-arm-none-eabi-10.3-2021.10/bin/../lib/gcc/arm-none-eabi/10.3.1/../../../../arm-none-eabi/lib/thumb/v6-m/nofp\libc_nano.a(lib_a-findfp.o)
__sinit_lock_release                              e:/tools/gcc-arm-none-eabi-10.3-2021.10/bin/../lib/gcc/arm-none-eabi/10.3.1/../../../../arm-none-eabi/lib/thumb/v6-m/nofp\libc_nano.a(lib_a-findfp.o)
__sread                                           e:/tools/gcc-arm-none-eabi-10.3-2021.10/bin/../lib/gcc/arm-none-eabi/10.3.1/../../../../arm-none-eabi/lib/thumb/v6-m/nofp\libc_nano.a(lib_a-stdio.o)
                                                  e:/tools/gcc-arm-none-eabi-10.3-2021.10/bin/../lib/gcc/arm-none-eabi/10.3.1/../../../../arm-none-eabi/lib/thumb/v6-m/nofp\libc_nano.a(lib_a-findfp.o)