Archive member included to satisfy reference by file (symbol)

D:\STM32\stm32f030f4p6\build\lib\libSTM32F030F4P6.a(startup_stm32f030x6.s.obj)
                              (Reset_Handler)
D:\STM32\stm32f030f4p6\build\lib\libSTM32F030F4P6.a(system_stm32f0xx.c.obj)
                              D:\STM32\stm32f030f4p6\build\lib\libSTM32F030F4P6.a(startup_stm32f030x6.s.obj) (SystemInit)
D:\STM32\stm32f030f4p6\build\lib\libSTM32F030F4P6.a(stm32f0xx_flash.c.obj)
                              CMakeFiles/STM32F030F4P6.elf.dir/Source/modbus.c.obj (FLASH_Unlock)
D:\STM32\stm32f030f4p6\build\lib\libSTM32F030F4P6.a(stm32f0xx_gpio.c.obj)
                              CMakeFiles/STM32F030F4P6.elf.dir/Source/led.c.obj (GPIO_Init)
D:\STM32\stm32f030f4p6\build\lib\libSTM32F030F4P6.a(stm32f0xx_misc.c.obj)
                              CMakeFiles/STM32F030F4P6.elf.dir/Source/uart.c.obj (NVIC_Init)
D:\STM32\stm32f030f4p6\build\lib\libSTM32F030F4P6.a(stm32f0xx_rcc.c.obj)
                              CMakeFiles/STM32F030F4P6.elf.dir/Source/led.c.obj (RCC_AHBPeriphClockCmd)
D:\STM32\stm32f030f4p6\build\lib\libSTM32F030F4P6.a(stm32f0xx_usart.c.obj)
                              CMakeFiles/STM32F030F4P6.elf.dir/Source/uart.c.obj (USART_DeInit)
D:\STM32\stm32f030f4p6\build\lib\libSTM32F030F4P6.a(port.c.obj)
                              CMakeFiles/STM32F030F4P6.elf.dir/Source/uart.c.obj (vPortEnterCritical)
D:\STM32\stm32f030f4p6\build\lib\libSTM32F030F4P6.a(portasm.c.obj)
                              D:\STM32\stm32f030f4p6\build\lib\libSTM32F030F4P6.a(port.c.obj) (vRestoreContextOfFirstTask)
D:\STM32\stm32f030f4p6\build\lib\libSTM32F030F4P6.a(queue.c.obj)
                              CMakeFiles/STM32F030F4P6.elf.dir/Source/modbus.c.obj (xQueueGenericCreate)
D:\STM32\stm32f030f4p6\build\lib\libSTM32F030F4P6.a(stream_buffer.c.obj)
                              CMakeFiles/STM32F030F4P6.elf.dir/Source/uart.c.obj (xStreamBufferGenericCreate)
D:\STM32\stm32f030f4p6\build\lib\libSTM32F030F4P6.a(tasks.c.obj)
                              CMakeFiles/STM32F030F4P6.elf.dir/Source/led.c.obj (xTaskCreate)
D:\STM32\stm32f030f4p6\build\lib\libSTM32F030F4P6.a(list.c.obj)
                              D:\STM32\stm32f030f4p6\build\lib\libSTM32F030F4P6.a(queue.c.obj) (vListInitialise)
D:\STM32\stm32f030f4p6\build\lib\libSTM32F030F4P6.a(heap_4.c.obj)
                              D:\STM32\stm32f030f4p6\build\lib\libSTM32F030F4P6.a(queue.c.obj) (pvPortMalloc)
e:/10 2021.10/bin/../lib/gcc/arm-none-eabi/10.3.1/thumb/v6-m/nofp\libgcc.a(_udivsi3.o)
                              CMakeFiles/STM32F030F4P6.elf.dir/main.c.obj (__aeabi_uidiv)
e:/10 2021.10/bin/../lib/gcc/arm-none-eabi/10.3.1/thumb/v6-m/nofp\libgcc.a(_dvmd_tls.o)
                              e:/10 2021.10/bin/../lib/gcc/arm-none-eabi/10.3.1/thumb/v6-m/nofp\libgcc.a(_udivsi3.o) (__aeabi_idiv0)
e:/10 2021.10/bin/../lib/gcc/arm-none-eabi/10.3.1/../../../../arm-none-eabi/lib/thumb/v6-m/nofp\libg_nano.a(lib_a-exit.o)
                              e:/10 2021.10/bin/../lib/gcc/arm-none-eabi/10.3.1/../../../../arm-none-eabi/lib/thumb/v6-m/nofp/rdimon-crt0.o (exit)
e:/10 2021.10/bin/../lib/gcc/arm-none-eabi/10.3.1/../../../../arm-none-eabi/lib/thumb/v6-m/nofp\libg_nano.a(lib_a-impure.o)
                              e:/10 2021.10/bin/../lib/gcc/arm-none-eabi/10.3.1/../../../../arm-none-eabi/lib/thumb/v6-m/nofp\libg_nano.a(lib_a-exit.o) (_global_impure_ptr)
e:/10 2021.10/bin/../lib/gcc/arm-none-eabi/10.3.1/../../../../arm-none-eabi/lib/thumb/v6-m/nofp\libg_nano.a(lib_a-init.o)
                              e:/10 2021.10/bin/../lib/gcc/arm-none-eabi/10.3.1/../../../../arm-none-eabi/lib/thumb/v6-m/nofp/rdimon-crt0.o (__libc_init_array)
e:/10 2021.10/bin/../lib/gcc/arm-none-eabi/10.3.1/../../../../arm-none-eabi/lib/thumb/v6-m/nofp\libg_nano.a(lib_a-memcpy-stub.o)
                              CMakeFiles/STM32F030F4P6.elf.dir/Source/modbus.c.obj (memcpy)
e:/10 2021.10/bin/../lib/gcc/arm-none-eabi/10.3.1/../../../../arm-none-eabi/lib/thumb/v6-m/nofp\libg_nano.a(lib_a-memset.o)
                              e:/10 2021.10/bin/../lib/gcc/arm-none-eabi/10.3.1/../../../../arm-none-eabi/lib/thumb/v6-m/nofp/rdimon-crt0.o (memset)
e:/10 2021.10/bin/../lib/gcc/arm-none-eabi/10.3.1/../../../../arm-none-eabi/lib/thumb/v6-m/nofp\librdimon_nano.a(rdimon-syscalls.o)
                              e:/10 2021.10/bin/../lib/gcc/arm-none-eabi/10.3.1/../../../../arm-none-eabi/lib/thumb/v6-m/nofp/rdimon-crt0.o (initialise_monitor_handles)
e:/10 2021.10/bin/../lib/gcc/arm-none-eabi/10.3.1/../../../../arm-none-eabi/lib/thumb/v6-m/nofp\librdimon_nano.a(rdimon-_exit.o)
                              e:/10 2021.10/bin/../lib/gcc/arm-none-eabi/10.3.1/../../../../arm-none-eabi/lib/thumb/v6-m/nofp\libg_nano.a(lib_a-exit.o) (_exit)
e:/10 2021.10/bin/../lib/gcc/arm-none-eabi/10.3.1/../../../../arm-none-eabi/lib/thumb/v6-m/nofp\librdimon_nano.a(rdimon-_kill.o)
[...]
Memory Configuration

Name             Origin             Length             Attributes
RAM              0x20000000         0x00001000         xrw
FLASH            0x08000000         0x00004000         xr
*default*        0x00000000         0xffffffff

Linker script and memory map

LOAD e:/10 2021.10/bin/../lib/gcc/arm-none-eabi/10.3.1/thumb/v6-m/nofp/crti.o
LOAD e:/10 2021.10/bin/../lib/gcc/arm-none-eabi/10.3.1/thumb/v6-m/nofp/crtbegin.o
LOAD e:/10 2021.10/bin/../lib/gcc/arm-none-eabi/10.3.1/../../../../arm-none-eabi/lib/thumb/v6-m/nofp/rdimon-crt0.o
LOAD CMakeFiles/STM32F030F4P6.elf.dir/main.c.obj
LOAD CMakeFiles/STM32F030F4P6.elf.dir/Source/led.c.obj
LOAD CMakeFiles/STM32F030F4P6.elf.dir/Source/modbus.c.obj
LOAD CMakeFiles/STM32F030F4P6.elf.dir/Source/uart.c.obj
LOAD D:\STM32\stm32f030f4p6\build\lib\libSTM32F030F4P6.a
START GROUP
LOAD e:/10 2021.10/bin/../lib/gcc/arm-none-eabi/10.3.1/thumb/v6-m/nofp\libgcc.a
LOAD e:/10 2021.10/bin/../lib/gcc/arm-none-eabi/10.3.1/../../../../arm-none-eabi/lib/thumb/v6-m/nofp\libg_nano.a
LOAD e:/10 2021.10/bin/../lib/gcc/arm-none-eabi/10.3.1/../../../../arm-none-eabi/lib/thumb/v6-m/nofp\libc_nano.a
END GROUP
START GROUP
LOAD e:/10 2021.10/bin/../lib/gcc/arm-none-eabi/10.3.1/thumb/v6-m/nofp\libgcc.a
LOAD e:/10 2021.10/bin/../lib/gcc/arm-none-eabi/10.3.1/../../../../arm-none-eabi/lib/thumb/v6-m/nofp\libc_nano.a
LOAD e:/10 2021.10/bin/../lib/gcc/arm-none-eabi/10.3.1/../../../../arm-none-eabi/lib/thumb/v6-m/nofp\librdimon_nano.a
END GROUP
START GROUP
LOAD e:/10 2021.10/bin/../lib/gcc/arm-none-eabi/10.3.1/thumb/v6-m/nofp\libgcc.a
LOAD e:/10 2021.10/bin/../lib/gcc/arm-none-eabi/10.3.1/../../../../arm-none-eabi/lib/thumb/v6-m/nofp\libc_nano.a
LOAD e:/10 2021.10/bin/../lib/gcc/arm-none-eabi/10.3.1/../../../../arm-none-eabi/lib/thumb/v6-m/nofp\librdimon_nano.a
LOAD e:/10 2021.10/bin/../lib/gcc/arm-none-eabi/10.3.1/../../../../arm-none-eabi/lib/thumb/v6-m/nofp\libnosys.a
END GROUP
START GROUP
LOAD e:/10 2021.10/bin/../lib/gcc/arm-none-eabi/10.3.1/thumb/v6-m/nofp\libgcc.a
LOAD e:/10 2021.10/bin/../lib/gcc/arm-none-eabi/10.3.1/../../../../arm-none-eabi/lib/thumb/v6-m/nofp\libc_nano.a
LOAD e:/10 2021.10/bin/../lib/gcc/arm-none-eabi/10.3.1/../../../../arm-none-eabi/lib/thumb/v6-m/nofp\libnosys.a
END GROUP
LOAD e:/10 2021.10/bin/../lib/gcc/arm-none-eabi/10.3.1/thumb/v6-m/nofp/crtend.o
LOAD e:/10 2021.10/bin/../lib/gcc/arm-none-eabi/10.3.1/thumb/v6-m/nofp/crtn.o
                0x20001000                _estack = (ORIGIN (RAM) + LENGTH (RAM))
                0x00000200                _Min_Heap_Size = 0x200
                0x00000400                _Min_Stack_Size = 0x400

.isr_vector     0x08000000       0xc0
                0x08000000                . = ALIGN (0x4)
 *(.isr_vector)
 .isr_vector    0x08000000       0xc0 D:\STM32\stm32f030f4p6\build\lib\libSTM32F030F4P6.a(startup_stm32f030x6.s.obj)
                0x08000000                g_pfnVectors
                0x080000c0                . = ALIGN (0x4)

.text           0x080000c0     0x3148
                0x080000c0                . = ALIGN (0x4)
 *(.text)
 .text          0x080000c0       0x48 e:/10 2021.10/bin/../lib/gcc/arm-none-eabi/10.3.1/thumb/v6-m/nofp/crtbegin.o
 .text          0x08000108      0x114 e:/10 2021.10/bin/../lib/gcc/arm-none-eabi/10.3.1/thumb/v6-m/nofp\libgcc.a(_udivsi3.o)
                0x08000108                __aeabi_uidiv
                0x08000108                __udivsi3
                0x08000214                __aeabi_uidivmod
 .text          0x0800021c        0x4 e:/10 2021.10/bin/../lib/gcc/arm-none-eabi/10.3.1/thumb/v6-m/nofp\libgcc.a(_dvmd_tls.o)
                0x0800021c                __aeabi_idiv0
                0x0800021c                __aeabi_ldiv0
 *(.text*)
 .text.main     0x08000220       0x5c CMakeFiles/STM32F030F4P6.elf.dir/main.c.obj
                0x08000220                main
 .text.led_on   0x0800027c       0x10 CMakeFiles/STM32F030F4P6.elf.dir/Source/led.c.obj
 .text.led_off  0x0800028c       0x10 CMakeFiles/STM32F030F4P6.elf.dir/Source/led.c.obj
 .text.led_1    0x0800029c       0x22 CMakeFiles/STM32F030F4P6.elf.dir/Source/led.c.obj
 .text.led_0    0x080002be       0x22 CMakeFiles/STM32F030F4P6.elf.dir/Source/led.c.obj
 .text.led_task
                0x080002e0       0x50 CMakeFiles/STM32F030F4P6.elf.dir/Source/led.c.obj
 .text.led_init
                0x08000330       0x48 CMakeFiles/STM32F030F4P6.elf.dir/Source/led.c.obj
                0x08000330                led_init
 .text.crc16    0x08000378       0x3c CMakeFiles/STM32F030F4P6.elf.dir/Source/modbus.c.obj
 .text.modbus_get_reg
                0x080003b4       0x3c CMakeFiles/STM32F030F4P6.elf.dir/Source/modbus.c.obj
 .text.modbus_get_val
                0x080003f0       0x34 CMakeFiles/STM32F030F4P6.elf.dir/Source/modbus.c.obj
 .text.modbus_set_out
                0x08000424       0x58 CMakeFiles/STM32F030F4P6.elf.dir/Source/modbus.c.obj
 .text.modbus_set_reg
                0x0800047c       0x30 CMakeFiles/STM32F030F4P6.elf.dir/Source/modbus.c.obj
 .text.modbus_set_out_mult
                0x080004ac       0x6c CMakeFiles/STM32F030F4P6.elf.dir/Source/modbus.c.obj
 .text.modbus_set_reg_mult
                0x08000518       0x64 CMakeFiles/STM32F030F4P6.elf.dir/Source/modbus.c.obj
 .text.modbus_get_out
                0x0800057c       0x74 CMakeFiles/STM32F030F4P6.elf.dir/Source/modbus.c.obj
 .text.modbus_get_in
                0x080005f0       0x64 CMakeFiles/STM32F030F4P6.elf.dir/Source/modbus.c.obj
 .text.uart_rcv_override
                0x08000654      0x108 CMakeFiles/STM32F030F4P6.elf.dir/Source/modbus.c.obj
                0x08000654                uart_rcv_override
 .text.flash_sync
                0x0800075c       0x3c CMakeFiles/STM32F030F4P6.elf.dir/Source/modbus.c.obj
                0x0800075c                flash_sync
 .text.modbus_task
                0x08000798      0x13c CMakeFiles/STM32F030F4P6.elf.dir/Source/modbus.c.obj
 .text.modbus_init
                0x080008d4       0x5c CMakeFiles/STM32F030F4P6.elf.dir/Source/modbus.c.obj
                0x080008d4                modbus_init
 .text.uart_task
                0x08000930       0x68 CMakeFiles/STM32F030F4P6.elf.dir/Source/uart.c.obj
 .text.USART1_IRQHandler
                0x08000998       0xd4 CMakeFiles/STM32F030F4P6.elf.dir/Source/uart.c.obj
                0x08000998                USART1_IRQHandler
 .text.uart_init
                0x08000a6c      0x118 CMakeFiles/STM32F030F4P6.elf.dir/Source/uart.c.obj
                0x08000a6c                uart_init
 .text.uart_snd
                0x08000b84       0x34 CMakeFiles/STM32F030F4P6.elf.dir/Source/uart.c.obj
                0x08000b84                uart_snd
 .text.Reset_Handler
                0x08000bb8       0x50 D:\STM32\stm32f030f4p6\build\lib\libSTM32F030F4P6.a(startup_stm32f030x6.s.obj)
                0x08000bb8                Reset_Handler
 .text.Default_Handler
                0x08000c08        0x2 D:\STM32\stm32f030f4p6\build\lib\libSTM32F030F4P6.a(startup_stm32f030x6.s.obj)
                0x08000c08                TIM1_CC_IRQHandler
                0x08000c08                HardFault_Handler
                0x08000c08                NMI_Handler
                0x08000c08                I2C1_IRQHandler
                0x08000c08                SPI1_IRQHandler
                0x08000c08                EXTI2_3_IRQHandler
                0x08000c08                ADC1_IRQHandler
                0x08000c08                TIM17_IRQHandler
                0x08000c08                RTC_IRQHandler
                0x08000c08                TIM16_IRQHandler
                0x08000c08                TIM3_IRQHandler
                0x08000c08                EXTI4_15_IRQHandler
                0x08000c08                RCC_IRQHandler
                0x08000c08                DMA1_Channel1_IRQHandler
                0x08000c08                Default_Handler
                0x08000c08                TIM14_IRQHandler
                0x08000c08                DMA1_Channel4_5_IRQHandler
                0x08000c08                EXTI0_1_IRQHandler
                0x08000c08                WWDG_IRQHandler
                0x08000c08                DMA1_Channel2_3_IRQHandler
                0x08000c08                FLASH_IRQHandler
                0x08000c08                TIM1_BRK_UP_TRG_COM_IRQHandler
 *fill*         0x08000c0a        0x2 
 .text.SetSysClock
                0x08000c0c       0xb4 D:\STM32\stm32f030f4p6\build\lib\libSTM32F030F4P6.a(system_stm32f0xx.c.obj)
 .text.SystemInit
                0x08000cc0       0x64 D:\STM32\stm32f030f4p6\build\lib\libSTM32F030F4P6.a(system_stm32f0xx.c.obj)
                0x08000cc0                SystemInit
 .text.SystemCoreClockUpdate
                0x08000d24       0x98 D:\STM32\stm32f030f4p6\build\lib\libSTM32F030F4P6.a(system_stm32f0xx.c.obj)
                0x08000d24                SystemCoreClockUpdate
 .text.FLASH_Unlock
                0x08000dbc       0x20 D:\STM32\stm32f030f4p6\build\lib\libSTM32F030F4P6.a(stm32f0xx_flash.c.obj)
                0x08000dbc                FLASH_Unlock
 .text.FLASH_Lock
                0x08000ddc       0x10 D:\STM32\stm32f030f4p6\build\lib\libSTM32F030F4P6.a(stm32f0xx_flash.c.obj)
                0x08000ddc                FLASH_Lock
 .text.FLASH_GetStatus
                0x08000dec       0x2c D:\STM32\stm32f030f4p6\build\lib\libSTM32F030F4P6.a(stm32f0xx_flash.c.obj)
                0x08000dec                FLASH_GetStatus
 .text.FLASH_WaitForLastOperation
                0x08000e18       0x22 D:\STM32\stm32f030f4p6\build\lib\libSTM32F030F4P6.a(stm32f0xx_flash.c.obj)
                0x08000e18                FLASH_WaitForLastOperation
 *fill*         0x08000e3a        0x2 
 .text.FLASH_ErasePage
                0x08000e3c       0x3c D:\STM32\stm32f030f4p6\build\lib\libSTM32F030F4P6.a(stm32f0xx_flash.c.obj)
                0x08000e3c                FLASH_ErasePage
 .text.FLASH_ProgramWord
                0x08000e78       0x64 D:\STM32\stm32f030f4p6\build\lib\libSTM32F030F4P6.a(stm32f0xx_flash.c.obj)
                0x08000e78                FLASH_ProgramWord
 .text.FLASH_ProgramHalfWord
                0x08000edc       0x34 D:\STM32\stm32f030f4p6\build\lib\libSTM32F030F4P6.a(stm32f0xx_flash.c.obj)
                0x08000edc                FLASH_ProgramHalfWord
 .text.GPIO_Init
                0x08000f10       0x84 D:\STM32\stm32f030f4p6\build\lib\libSTM32F030F4P6.a(stm32f0xx_gpio.c.obj)
                0x08000f10                GPIO_Init
 .text.GPIO_SetBits
                0x08000f94        0x4 D:\STM32\stm32f030f4p6\build\lib\libSTM32F030F4P6.a(stm32f0xx_gpio.c.obj)
                0x08000f94                GPIO_SetBits
 .text.GPIO_ResetBits
                0x08000f98        0x4 D:\STM32\stm32f030f4p6\build\lib\libSTM32F030F4P6.a(stm32f0xx_gpio.c.obj)
                0x08000f98                GPIO_ResetBits
 .text.GPIO_PinAFConfig
                0x08000f9c       0x24 D:\STM32\stm32f030f4p6\build\lib\libSTM32F030F4P6.a(stm32f0xx_gpio.c.obj)
                0x08000f9c                GPIO_PinAFConfig
 .text.NVIC_Init
                0x08000fc0       0x54 D:\STM32\stm32f030f4p6\build\lib\libSTM32F030F4P6.a(stm32f0xx_misc.c.obj)
                0x08000fc0                NVIC_Init
 .text.SysTick_CLKSourceConfig
                0x08001014       0x20 D:\STM32\stm32f030f4p6\build\lib\libSTM32F030F4P6.a(stm32f0xx_misc.c.obj)
                0x08001014                SysTick_CLKSourceConfig
 .text.RCC_GetClocksFreq
                0x08001034      0x1fc D:\STM32\stm32f030f4p6\build\lib\libSTM32F030F4P6.a(stm32f0xx_rcc.c.obj)
                0x08001034                RCC_GetClocksFreq
 .text.RCC_AHBPeriphClockCmd
                0x08001230       0x1c D:\STM32\stm32f030f4p6\build\lib\libSTM32F030F4P6.a(stm32f0xx_rcc.c.obj)
                0x08001230                RCC_AHBPeriphClockCmd
 .text.RCC_APB2PeriphClockCmd
                0x0800124c       0x1c D:\STM32\stm32f030f4p6\build\lib\libSTM32F030F4P6.a(stm32f0xx_rcc.c.obj)
                0x0800124c                RCC_APB2PeriphClockCmd
 .text.RCC_APB2PeriphResetCmd
                0x08001268       0x1c D:\STM32\stm32f030f4p6\build\lib\libSTM32F030F4P6.a(stm32f0xx_rcc.c.obj)
                0x08001268                RCC_APB2PeriphResetCmd
 .text.RCC_APB1PeriphResetCmd
                0x08001284       0x1c D:\STM32\stm32f030f4p6\build\lib\libSTM32F030F4P6.a(stm32f0xx_rcc.c.obj)
                0x08001284                RCC_APB1PeriphResetCmd
 .text.USART_DeInit
                0x080012a0       0xf8 D:\STM32\stm32f030f4p6\build\lib\libSTM32F030F4P6.a(stm32f0xx_usart.c.obj)
                0x080012a0                USART_DeInit
 .text.USART_Init
                0x08001398       0xe0 D:\STM32\stm32f030f4p6\build\lib\libSTM32F030F4P6.a(stm32f0xx_usart.c.obj)
                0x08001398                USART_Init
 .text.USART_Cmd
                0x08001478       0x18 D:\STM32\stm32f030f4p6\build\lib\libSTM32F030F4P6.a(stm32f0xx_usart.c.obj)
                0x08001478                USART_Cmd
 .text.USART_SendData
                0x08001490        0x8 D:\STM32\stm32f030f4p6\build\lib\libSTM32F030F4P6.a(stm32f0xx_usart.c.obj)
                0x08001490                USART_SendData
 .text.USART_ReceiveData
                0x08001498        0x8 D:\STM32\stm32f030f4p6\build\lib\libSTM32F030F4P6.a(stm32f0xx_usart.c.obj)
                0x08001498                USART_ReceiveData
 .text.USART_ITConfig
                0x080014a0       0x36 D:\STM32\stm32f030f4p6\build\lib\libSTM32F030F4P6.a(stm32f0xx_usart.c.obj)
                0x080014a0                USART_ITConfig
 .text.USART_GetITStatus
                0x080014d6       0x44 D:\STM32\stm32f030f4p6\build\lib\libSTM32F030F4P6.a(stm32f0xx_usart.c.obj)
                0x080014d6                USART_GetITStatus
 .text.USART_ClearITPendingBit
                0x0800151a        0xa D:\STM32\stm32f030f4p6\build\lib\libSTM32F030F4P6.a(stm32f0xx_usart.c.obj)
                0x0800151a                USART_ClearITPendingBit
 .text.prvTaskExitError
                0x08001524       0x24 D:\STM32\stm32f030f4p6\build\lib\libSTM32F030F4P6.a(port.c.obj)
 .text.vPortSetupTimerInterrupt
                0x08001548       0x28 D:\STM32\stm32f030f4p6\build\lib\libSTM32F030F4P6.a(port.c.obj)
                0x08001548                vPortSetupTimerInterrupt
 .text.vPortYield
                0x08001570       0x18 D:\STM32\stm32f030f4p6\build\lib\libSTM32F030F4P6.a(port.c.obj)
                0x08001570                vPortYield
 .text.vPortEnterCritical
                0x08001588       0x18 D:\STM32\stm32f030f4p6\build\lib\libSTM32F030F4P6.a(port.c.obj)
                0x08001588                vPortEnterCritical
 .text.vPortExitCritical
                0x080015a0       0x24 D:\STM32\stm32f030f4p6\build\lib\libSTM32F030F4P6.a(port.c.obj)
                0x080015a0                vPortExitCritical
 .text.SysTick_Handler
                0x080015c4       0x24 D:\STM32\stm32f030f4p6\build\lib\libSTM32F030F4P6.a(port.c.obj)
                0x080015c4                SysTick_Handler
 .text.vPortSVCHandler_C
                0x080015e8       0x16 D:\STM32\stm32f030f4p6\build\lib\libSTM32F030F4P6.a(port.c.obj)
                0x080015e8                vPortSVCHandler_C
 *fill*         0x080015fe        0x2 
 .text.pxPortInitialiseStack
                0x08001600       0xa0 D:\STM32\stm32f030f4p6\build\lib\libSTM32F030F4P6.a(port.c.obj)
                0x08001600                pxPortInitialiseStack
 .text.xPortStartScheduler
                0x080016a0       0x6c D:\STM32\stm32f030f4p6\build\lib\libSTM32F030F4P6.a(port.c.obj)
                0x080016a0                xPortStartScheduler
 *fill*         0x0800170c        0x4 
 .text.vRestoreContextOfFirstTask
                0x08001710       0x24 D:\STM32\stm32f030f4p6\build\lib\libSTM32F030F4P6.a(portasm.c.obj)
                0x08001710                vRestoreContextOfFirstTask
 *fill*         0x08001734        0xc 
 .text.vStartFirstTask
                0x08001740       0x10 D:\STM32\stm32f030f4p6\build\lib\libSTM32F030F4P6.a(portasm.c.obj)
                0x08001740                vStartFirstTask
 .text.ulSetInterruptMask
                0x08001750        0x8 D:\STM32\stm32f030f4p6\build\lib\libSTM32F030F4P6.a(portasm.c.obj)
                0x08001750                ulSetInterruptMask
 .text.vClearInterruptMask
                0x08001758        0x6 D:\STM32\stm32f030f4p6\build\lib\libSTM32F030F4P6.a(portasm.c.obj)
                0x08001758                vClearInterruptMask
 *fill*         0x0800175e        0x2 
 .text.PendSV_Handler
                0x08001760       0x44 D:\STM32\stm32f030f4p6\build\lib\libSTM32F030F4P6.a(portasm.c.obj)
                0x08001760                PendSV_Handler
 *fill*         0x080017a4        0xc 
 .text.SVC_Handler
                0x080017b0       0x20 D:\STM32\stm32f030f4p6\build\lib\libSTM32F030F4P6.a(portasm.c.obj)
                0x080017b0                SVC_Handler
 .text.prvIsQueueFull
                0x080017d0       0x1e D:\STM32\stm32f030f4p6\build\lib\libSTM32F030F4P6.a(queue.c.obj)
 .text.prvIsQueueEmpty
                0x080017ee       0x1c D:\STM32\stm32f030f4p6\build\lib\libSTM32F030F4P6.a(queue.c.obj)
 .text.prvCopyDataToQueue
                0x0800180a       0x60 D:\STM32\stm32f030f4p6\build\lib\libSTM32F030F4P6.a(queue.c.obj)
 .text.prvCopyDataFromQueue
                0x0800186a       0x24 D:\STM32\stm32f030f4p6\build\lib\libSTM32F030F4P6.a(queue.c.obj)
 .text.prvUnlockQueue
                0x0800188e       0x72 D:\STM32\stm32f030f4p6\build\lib\libSTM32F030F4P6.a(queue.c.obj)
 .text.xQueueGenericReset
                0x08001900       0xb4 D:\STM32\stm32f030f4p6\build\lib\libSTM32F030F4P6.a(queue.c.obj)
                0x08001900                xQueueGenericReset
 .text.prvInitialiseNewQueue
                0x080019b4       0x1c D:\STM32\stm32f030f4p6\build\lib\libSTM32F030F4P6.a(queue.c.obj)
 .text.xQueueGenericCreate
                0x080019d0       0x7c D:\STM32\stm32f030f4p6\build\lib\libSTM32F030F4P6.a(queue.c.obj)
                0x080019d0                xQueueGenericCreate
 .text.xQueueGenericSend
                0x08001a4c      0x11a D:\STM32\stm32f030f4p6\build\lib\libSTM32F030F4P6.a(queue.c.obj)
                0x08001a4c                xQueueGenericSend
 .text.xQueueReceive
                0x08001b66      0x108 D:\STM32\stm32f030f4p6\build\lib\libSTM32F030F4P6.a(queue.c.obj)
                0x08001b66                xQueueReceive
 .text.prvBytesInBuffer
                0x08001c6e       0x12 D:\STM32\stm32f030f4p6\build\lib\libSTM32F030F4P6.a(stream_buffer.c.obj)
 .text.prvInitialiseNewStreamBuffer
                0x08001c80       0x3c D:\STM32\stm32f030f4p6\build\lib\libSTM32F030F4P6.a(stream_buffer.c.obj)
 .text.prvWriteBytesToBuffer
                0x08001cbc       0x5c D:\STM32\stm32f030f4p6\build\lib\libSTM32F030F4P6.a(stream_buffer.c.obj)
 .text.prvWriteMessageToBuffer
                0x08001d18       0x4c D:\STM32\stm32f030f4p6\build\lib\libSTM32F030F4P6.a(stream_buffer.c.obj)
 .text.prvReadBytesFromBuffer
                0x08001d64       0x5c D:\STM32\stm32f030f4p6\build\lib\libSTM32F030F4P6.a(stream_buffer.c.obj)
 .text.prvReadMessageFromBuffer
                0x08001dc0       0x4c D:\STM32\stm32f030f4p6\build\lib\libSTM32F030F4P6.a(stream_buffer.c.obj)
 .text.xStreamBufferGenericCreate
                0x08001e0c       0x7a D:\STM32\stm32f030f4p6\build\lib\libSTM32F030F4P6.a(stream_buffer.c.obj)
                0x08001e0c                xStreamBufferGenericCreate
 .text.xStreamBufferSpacesAvailable
                0x08001e86       0x26 D:\STM32\stm32f030f4p6\build\lib\libSTM32F030F4P6.a(stream_buffer.c.obj)
                0x08001e86                xStreamBufferSpacesAvailable
 .text.xStreamBufferSend
                0x08001eac       0xfe D:\STM32\stm32f030f4p6\build\lib\libSTM32F030F4P6.a(stream_buffer.c.obj)
                0x08001eac                xStreamBufferSend
 .text.xStreamBufferSendFromISR
                0x08001faa       0x7c D:\STM32\stm32f030f4p6\build\lib\libSTM32F030F4P6.a(stream_buffer.c.obj)
                0x08001faa                xStreamBufferSendFromISR
 .text.xStreamBufferReceive
                0x08002026       0xd4 D:\STM32\stm32f030f4p6\build\lib\libSTM32F030F4P6.a(stream_buffer.c.obj)
                0x08002026                xStreamBufferReceive
 .text.xStreamBufferReceiveFromISR
                0x080020fa       0x74 D:\STM32\stm32f030f4p6\build\lib\libSTM32F030F4P6.a(stream_buffer.c.obj)
                0x080020fa                xStreamBufferReceiveFromISR
 *fill*         0x0800216e        0x2 
 .text.prvResetNextTaskUnblockTime
                0x08002170       0x2c D:\STM32\stm32f030f4p6\build\lib\libSTM32F030F4P6.a(tasks.c.obj)
 .text.prvInitialiseNewTask
                0x0800219c       0x90 D:\STM32\stm32f030f4p6\build\lib\libSTM32F030F4P6.a(tasks.c.obj)
 .text.prvCreateStaticTask
                0x0800222c       0x68 D:\STM32\stm32f030f4p6\build\lib\libSTM32F030F4P6.a(tasks.c.obj)
 .text.prvIdleTask
                0x08002294       0x14 D:\STM32\stm32f030f4p6\build\lib\libSTM32F030F4P6.a(tasks.c.obj)
 .text.prvInitialiseTaskLists
                0x080022a8       0x54 D:\STM32\stm32f030f4p6\build\lib\libSTM32F030F4P6.a(tasks.c.obj)
 .text.prvAddNewTaskToReadyList
                0x080022fc       0xc4 D:\STM32\stm32f030f4p6\build\lib\libSTM32F030F4P6.a(tasks.c.obj)
 .text.prvCreateTask
                0x080023c0       0x5e D:\STM32\stm32f030f4p6\build\lib\libSTM32F030F4P6.a(tasks.c.obj)
 *fill*         0x0800241e        0x2 
 .text.prvAddCurrentTaskToDelayedList
                0x08002420       0x6c D:\STM32\stm32f030f4p6\build\lib\libSTM32F030F4P6.a(tasks.c.obj)
 .text.xTaskCreateStatic
                0x0800248c       0x2a D:\STM32\stm32f030f4p6\build\lib\libSTM32F030F4P6.a(tasks.c.obj)
                0x0800248c                xTaskCreateStatic
 .text.xTaskCreate
                0x080024b6       0x24 D:\STM32\stm32f030f4p6\build\lib\libSTM32F030F4P6.a(tasks.c.obj)
                0x080024b6                xTaskCreate
 *fill*         0x080024da        0x2 
 .text.vTaskSuspendAll
                0x080024dc       0x10 D:\STM32\stm32f030f4p6\build\lib\libSTM32F030F4P6.a(tasks.c.obj)
                0x080024dc                vTaskSuspendAll
 .text.xTaskIncrementTick
                0x080024ec      0x150 D:\STM32\stm32f030f4p6\build\lib\libSTM32F030F4P6.a(tasks.c.obj)
                0x080024ec                xTaskIncrementTick
 .text.xTaskResumeAll
                0x0800263c      0x144 D:\STM32\stm32f030f4p6\build\lib\libSTM32F030F4P6.a(tasks.c.obj)
                0x0800263c                xTaskResumeAll
 .text.vTaskDelay
                0x08002780       0x30 D:\STM32\stm32f030f4p6\build\lib\libSTM32F030F4P6.a(tasks.c.obj)
                0x08002780                vTaskDelay
 .text.vTaskSwitchContext
                0x080027b0       0x88 D:\STM32\stm32f030f4p6\build\lib\libSTM32F030F4P6.a(tasks.c.obj)
                0x080027b0                vTaskSwitchContext
 .text.vTaskPlaceOnEventList
                0x08002838       0x24 D:\STM32\stm32f030f4p6\build\lib\libSTM32F030F4P6.a(tasks.c.obj)
                0x08002838                vTaskPlaceOnEventList
 .text.xTaskRemoveFromEventList
                0x0800285c       0xe8 D:\STM32\stm32f030f4p6\build\lib\libSTM32F030F4P6.a(tasks.c.obj)
                0x0800285c                xTaskRemoveFromEventList
 .text.vTaskSetTimeOutState
                0x08002944       0x28 D:\STM32\stm32f030f4p6\build\lib\libSTM32F030F4P6.a(tasks.c.obj)
                0x08002944                vTaskSetTimeOutState
 .text.vTaskInternalSetTimeOutState
                0x0800296c       0x18 D:\STM32\stm32f030f4p6\build\lib\libSTM32F030F4P6.a(tasks.c.obj)
                0x0800296c                vTaskInternalSetTimeOutState
 .text.xTaskCheckForTimeOut
                0x08002984       0x64 D:\STM32\stm32f030f4p6\build\lib\libSTM32F030F4P6.a(tasks.c.obj)
                0x08002984                xTaskCheckForTimeOut
 .text.vTaskMissedYield
                0x080029e8        0xc D:\STM32\stm32f030f4p6\build\lib\libSTM32F030F4P6.a(tasks.c.obj)
                0x080029e8                vTaskMissedYield
 .text.xTaskGetCurrentTaskHandle
                0x080029f4        0xc D:\STM32\stm32f030f4p6\build\lib\libSTM32F030F4P6.a(tasks.c.obj)
                0x080029f4                xTaskGetCurrentTaskHandle
 .text.xTaskGenericNotifyWait
                0x08002a00       0xd0 D:\STM32\stm32f030f4p6\build\lib\libSTM32F030F4P6.a(tasks.c.obj)
                0x08002a00                xTaskGenericNotifyWait
 .text.xTaskGenericNotify
                0x08002ad0      0x144 D:\STM32\stm32f030f4p6\build\lib\libSTM32F030F4P6.a(tasks.c.obj)
                0x08002ad0                xTaskGenericNotify
 .text.xTaskGenericNotifyFromISR
                0x08002c14      0x180 D:\STM32\stm32f030f4p6\build\lib\libSTM32F030F4P6.a(tasks.c.obj)
                0x08002c14                xTaskGenericNotifyFromISR
 .text.xTaskGenericNotifyStateClear
                0x08002d94       0x40 D:\STM32\stm32f030f4p6\build\lib\libSTM32F030F4P6.a(tasks.c.obj)
                0x08002d94                xTaskGenericNotifyStateClear
 .text.vApplicationGetIdleTaskMemory
                0x08002dd4       0x18 D:\STM32\stm32f030f4p6\build\lib\libSTM32F030F4P6.a(tasks.c.obj)
                0x08002dd4                vApplicationGetIdleTaskMemory
 .text.prvCreateIdleTasks
                0x08002dec       0x6c D:\STM32\stm32f030f4p6\build\lib\libSTM32F030F4P6.a(tasks.c.obj)
 .text.vTaskStartScheduler
                0x08002e58       0x44 D:\STM32\stm32f030f4p6\build\lib\libSTM32F030F4P6.a(tasks.c.obj)
                0x08002e58                vTaskStartScheduler
 .text.vListInitialise
                0x08002e9c       0x16 D:\STM32\stm32f030f4p6\build\lib\libSTM32F030F4P6.a(list.c.obj)
                0x08002e9c                vListInitialise
 .text.vListInitialiseItem
                0x08002eb2        0x6 D:\STM32\stm32f030f4p6\build\lib\libSTM32F030F4P6.a(list.c.obj)
                0x08002eb2                vListInitialiseItem
 .text.vListInsert
                0x08002eb8       0x2e D:\STM32\stm32f030f4p6\build\lib\libSTM32F030F4P6.a(list.c.obj)
                0x08002eb8                vListInsert
 .text.uxListRemove
                0x08002ee6       0x24 D:\STM32\stm32f030f4p6\build\lib\libSTM32F030F4P6.a(list.c.obj)
                0x08002ee6                uxListRemove
 *fill*         0x08002f0a        0x2 
 .text.prvHeapInit
                0x08002f0c       0x58 D:\STM32\stm32f030f4p6\build\lib\libSTM32F030F4P6.a(heap_4.c.obj)
 .text.prvInsertBlockIntoFreeList
                0x08002f64       0x70 D:\STM32\stm32f030f4p6\build\lib\libSTM32F030F4P6.a(heap_4.c.obj)
 .text.pvPortMalloc
                0x08002fd4      0x12c D:\STM32\stm32f030f4p6\build\lib\libSTM32F030F4P6.a(heap_4.c.obj)
                0x08002fd4                pvPortMalloc
 .text.vPortFree
                0x08003100       0x84 D:\STM32\stm32f030f4p6\build\lib\libSTM32F030F4P6.a(heap_4.c.obj)
                0x08003100                vPortFree
 .text.__libc_init_array
                0x08003184       0x48 e:/10 2021.10/bin/../lib/gcc/arm-none-eabi/10.3.1/../../../../arm-none-eabi/lib/thumb/v6-m/nofp\libg_nano.a(lib_a-init.o)
                0x08003184                __libc_init_array
 .text.memcpy   0x080031cc       0x12 e:/10 2021.10/bin/../lib/gcc/arm-none-eabi/10.3.1/../../../../arm-none-eabi/lib/thumb/v6-m/nofp\libg_nano.a(lib_a-memcpy-stub.o)
                0x080031cc                memcpy
 .text.memset   0x080031de       0x10 e:/10 2021.10/bin/../lib/gcc/arm-none-eabi/10.3.1/../../../../arm-none-eabi/lib/thumb/v6-m/nofp\libg_nano.a(lib_a-memset.o)
                0x080031de                memset
 *(.glue_7)
 .glue_7        0x080031ee        0x0 linker stubs
 *(.glue_7t)
 .glue_7t       0x080031ee        0x0 linker stubs
 *(.eh_frame)
 *fill*         0x080031ee        0x2 
 .eh_frame      0x080031f0        0x0 e:/10 2021.10/bin/../lib/gcc/arm-none-eabi/10.3.1/thumb/v6-m/nofp/crtbegin.o
 *(.init)
 .init          0x080031f0        0x4 e:/10 2021.10/bin/../lib/gcc/arm-none-eabi/10.3.1/thumb/v6-m/nofp/crti.o
                0x080031f0                _init
 .init          0x080031f4        0x8 e:/10 2021.10/bin/../lib/gcc/arm-none-eabi/10.3.1/thumb/v6-m/nofp/crtn.o
 *(.fini)
 .fini          0x080031fc        0x4 e:/10 2021.10/bin/../lib/gcc/arm-none-eabi/10.3.1/thumb/v6-m/nofp/crti.o
                0x080031fc                _fini
 .fini          0x08003200        0x8 e:/10 2021.10/bin/../lib/gcc/arm-none-eabi/10.3.1/thumb/v6-m/nofp/crtn.o
                0x08003208                . = ALIGN (0x4)
                0x08003208                _etext = .

.vfp11_veneer   0x08003208        0x0
 .vfp11_veneer  0x08003208        0x0 linker stubs

.v4_bx          0x08003208        0x0
 .v4_bx         0x08003208        0x0 linker stubs

.iplt           0x08003208        0x0
 .iplt          0x08003208        0x0 e:/10 2021.10/bin/../lib/gcc/arm-none-eabi/10.3.1/thumb/v6-m/nofp/crtbegin.o

.rodata         0x08003208       0xa4
                0x08003208                . = ALIGN (0x4)
 *(.rodata)
 *(.rodata*)
 .rodata.led_init.str1.4
                0x08003208        0x9 CMakeFiles/STM32F030F4P6.elf.dir/Source/led.c.obj
 *fill*         0x08003211        0x3 
 .rodata.modbus_task
                0x08003214       0x44 CMakeFiles/STM32F030F4P6.elf.dir/Source/modbus.c.obj
 .rodata.modbus_init.str1.4
                0x08003258        0xc CMakeFiles/STM32F030F4P6.elf.dir/Source/modbus.c.obj
 .rodata.out_pin.0
                0x08003264        0xc CMakeFiles/STM32F030F4P6.elf.dir/Source/modbus.c.obj
 .rodata.uart_init.str1.4
                0x08003270        0xa CMakeFiles/STM32F030F4P6.elf.dir/Source/uart.c.obj
 *fill*         0x0800327a        0x2 
 .rodata.xTaskGenericNotify
                0x0800327c       0x14 D:\STM32\stm32f030f4p6\build\lib\libSTM32F030F4P6.a(tasks.c.obj)
 .rodata.xTaskGenericNotifyFromISR
                0x08003290       0x14 D:\STM32\stm32f030f4p6\build\lib\libSTM32F030F4P6.a(tasks.c.obj)
 .rodata.prvCreateIdleTasks.str1.4
                0x080032a4        0x5 D:\STM32\stm32f030f4p6\build\lib\libSTM32F030F4P6.a(tasks.c.obj)
                0x080032ac                . = ALIGN (0x4)
 *fill*         0x080032a9        0x3 

.rel.dyn        0x080032ac        0x0
 .rel.iplt      0x080032ac        0x0 e:/10 2021.10/bin/../lib/gcc/arm-none-eabi/10.3.1/thumb/v6-m/nofp/crtbegin.o

.ARM.extab
 *(.ARM.extab* .gnu.linkonce.armextab.*)

.ARM            0x080032ac        0x0
                0x080032ac                __exidx_start = .
 *(.ARM.exidx*)
                0x080032ac                __exidx_end = .

.preinit_array  0x080032ac        0x0
                0x080032ac                PROVIDE (__preinit_array_start = .)
 *(.preinit_array*)
                0x080032ac                PROVIDE (__preinit_array_end = .)

.init_array     0x080032ac        0x4
                0x080032ac                PROVIDE (__init_array_start = .)
 *(SORT_BY_NAME(.init_array.*))
 *(.init_array*)
 .init_array    0x080032ac        0x4 e:/10 2021.10/bin/../lib/gcc/arm-none-eabi/10.3.1/thumb/v6-m/nofp/crtbegin.o
                0x080032b0                PROVIDE (__init_array_end = .)

.fini_array     0x080032b0        0x4
                [!provide]                PROVIDE (__fini_array_start = .)
 *(SORT_BY_NAME(.fini_array.*))
 *(.fini_array*)
 .fini_array    0x080032b0        0x4 e:/10 2021.10/bin/../lib/gcc/arm-none-eabi/10.3.1/thumb/v6-m/nofp/crtbegin.o
                [!provide]                PROVIDE (__fini_array_end = .)
                0x080032b4                _sidata = LOADADDR (.data)

.data           0x20000000       0x30 load address 0x080032b4
                0x20000000                . = ALIGN (0x4)
                0x20000000                _sdata = .
 *(.data)
 *(.data*)
 .data.slaveId  0x20000000        0x2 CMakeFiles/STM32F030F4P6.elf.dir/Source/led.c.obj
 .data.slaveId  0x20000002        0x2 CMakeFiles/STM32F030F4P6.elf.dir/Source/modbus.c.obj
 .data.AHBPrescTable
                0x20000004       0x10 D:\STM32\stm32f030f4p6\build\lib\libSTM32F030F4P6.a(system_stm32f0xx.c.obj)
                0x20000004                AHBPrescTable
 .data.SystemCoreClock
                0x20000014        0x4 D:\STM32\stm32f030f4p6\build\lib\libSTM32F030F4P6.a(system_stm32f0xx.c.obj)
                0x20000014                SystemCoreClock
 .data.APBAHBPrescTable
                0x20000018       0x10 D:\STM32\stm32f030f4p6\build\lib\libSTM32F030F4P6.a(stm32f0xx_rcc.c.obj)
 .data.ulCriticalNesting
                0x20000028        0x4 D:\STM32\stm32f030f4p6\build\lib\libSTM32F030F4P6.a(port.c.obj)
 .data.uxTopUsedPriority
                0x2000002c        0x4 D:\STM32\stm32f030f4p6\build\lib\libSTM32F030F4P6.a(tasks.c.obj)
                0x20000030                . = ALIGN (0x4)
                0x20000030                _edata = .

.igot.plt       0x20000030        0x0 load address 0x080032e4
 .igot.plt      0x20000030        0x0 e:/10 2021.10/bin/../lib/gcc/arm-none-eabi/10.3.1/thumb/v6-m/nofp/crtbegin.o
                0x20000030                . = ALIGN (0x4)

.bss            0x20000030      0x978 load address 0x080032e4
                0x20000030                _sbss = .
                0x20000030                __bss_start__ = _sbss
 *(.bss)
 .bss           0x20000030       0x1c e:/10 2021.10/bin/../lib/gcc/arm-none-eabi/10.3.1/thumb/v6-m/nofp/crtbegin.o
 *(.bss*)
 .bss.reg       0x2000004c        0x2 CMakeFiles/STM32F030F4P6.elf.dir/Source/modbus.c.obj
 *fill*         0x2000004e        0x2 
 .bss.reg_out   0x20000050        0x4 CMakeFiles/STM32F030F4P6.elf.dir/Source/modbus.c.obj
 .bss.xQueue    0x20000054        0x4 CMakeFiles/STM32F030F4P6.elf.dir/Source/modbus.c.obj
 .bss.xStreamBufferRcv
                0x20000058        0x4 CMakeFiles/STM32F030F4P6.elf.dir/Source/uart.c.obj
 .bss.xStreamBufferSnd
                0x2000005c        0x4 CMakeFiles/STM32F030F4P6.elf.dir/Source/uart.c.obj
 .bss.pxCurrentTCB
                0x20000060        0x4 D:\STM32\stm32f030f4p6\build\lib\libSTM32F030F4P6.a(tasks.c.obj)
                0x20000060                pxCurrentTCB
 .bss.pxDelayedTaskList
                0x20000064        0x4 D:\STM32\stm32f030f4p6\build\lib\libSTM32F030F4P6.a(tasks.c.obj)
 .bss.pxOverflowDelayedTaskList
                0x20000068        0x4 D:\STM32\stm32f030f4p6\build\lib\libSTM32F030F4P6.a(tasks.c.obj)
 .bss.pxReadyTasksLists
                0x2000006c       0x50 D:\STM32\stm32f030f4p6\build\lib\libSTM32F030F4P6.a(tasks.c.obj)
 .bss.uxCurrentNumberOfTasks
                0x200000bc        0x4 D:\STM32\stm32f030f4p6\build\lib\libSTM32F030F4P6.a(tasks.c.obj)
 .bss.uxIdleTaskStack.2
                0x200000c0       0x80 D:\STM32\stm32f030f4p6\build\lib\libSTM32F030F4P6.a(tasks.c.obj)
 .bss.uxSchedulerSuspended
                0x20000140        0x4 D:\STM32\stm32f030f4p6\build\lib\libSTM32F030F4P6.a(tasks.c.obj)
 .bss.uxTaskNumber
                0x20000144        0x4 D:\STM32\stm32f030f4p6\build\lib\libSTM32F030F4P6.a(tasks.c.obj)
 .bss.uxTopReadyPriority
                0x20000148        0x4 D:\STM32\stm32f030f4p6\build\lib\libSTM32F030F4P6.a(tasks.c.obj)
 .bss.xDelayedTaskList1
                0x2000014c       0x14 D:\STM32\stm32f030f4p6\build\lib\libSTM32F030F4P6.a(tasks.c.obj)
 .bss.xDelayedTaskList2
                0x20000160       0x14 D:\STM32\stm32f030f4p6\build\lib\libSTM32F030F4P6.a(tasks.c.obj)
 .bss.xIdleTaskHandles
                0x20000174        0x4 D:\STM32\stm32f030f4p6\build\lib\libSTM32F030F4P6.a(tasks.c.obj)
 .bss.xIdleTaskTCB.3
                0x20000178       0x4c D:\STM32\stm32f030f4p6\build\lib\libSTM32F030F4P6.a(tasks.c.obj)
 .bss.xNextTaskUnblockTime
                0x200001c4        0x4 D:\STM32\stm32f030f4p6\build\lib\libSTM32F030F4P6.a(tasks.c.obj)
 .bss.xNumOfOverflows
                0x200001c8        0x4 D:\STM32\stm32f030f4p6\build\lib\libSTM32F030F4P6.a(tasks.c.obj)
 .bss.xPendedTicks
                0x200001cc        0x4 D:\STM32\stm32f030f4p6\build\lib\libSTM32F030F4P6.a(tasks.c.obj)
 .bss.xPendingReadyList
                0x200001d0       0x14 D:\STM32\stm32f030f4p6\build\lib\libSTM32F030F4P6.a(tasks.c.obj)
 .bss.xSchedulerRunning
                0x200001e4        0x4 D:\STM32\stm32f030f4p6\build\lib\libSTM32F030F4P6.a(tasks.c.obj)
 .bss.xTickCount
                0x200001e8        0x4 D:\STM32\stm32f030f4p6\build\lib\libSTM32F030F4P6.a(tasks.c.obj)
 .bss.xYieldPendings
                0x200001ec        0x4 D:\STM32\stm32f030f4p6\build\lib\libSTM32F030F4P6.a(tasks.c.obj)
 .bss.pxEnd     0x200001f0        0x4 D:\STM32\stm32f030f4p6\build\lib\libSTM32F030F4P6.a(heap_4.c.obj)
 .bss.ucHeap    0x200001f4      0x79c D:\STM32\stm32f030f4p6\build\lib\libSTM32F030F4P6.a(heap_4.c.obj)
 .bss.xFreeBytesRemaining
                0x20000990        0x4 D:\STM32\stm32f030f4p6\build\lib\libSTM32F030F4P6.a(heap_4.c.obj)
 .bss.xMinimumEverFreeBytesRemaining
                0x20000994        0x4 D:\STM32\stm32f030f4p6\build\lib\libSTM32F030F4P6.a(heap_4.c.obj)
 .bss.xNumberOfSuccessfulAllocations
                0x20000998        0x4 D:\STM32\stm32f030f4p6\build\lib\libSTM32F030F4P6.a(heap_4.c.obj)
 .bss.xNumberOfSuccessfulFrees
                0x2000099c        0x4 D:\STM32\stm32f030f4p6\build\lib\libSTM32F030F4P6.a(heap_4.c.obj)
 .bss.xStart    0x200009a0        0x8 D:\STM32\stm32f030f4p6\build\lib\libSTM32F030F4P6.a(heap_4.c.obj)
 *(COMMON)
                0x200009a8                . = ALIGN (0x4)
                0x200009a8                _ebss = .
                0x200009a8                __bss_end__ = _ebss

._user_heap_stack
                0x200009a8      0x600 load address 0x080032e4
                0x200009a8                . = ALIGN (0x8)
                0x200009a8                PROVIDE (end = .)
                [!provide]                PROVIDE (_end = .)
                0x20000ba8                . = (. + _Min_Heap_Size)
 *fill*         0x200009a8      0x200 
                0x20000fa8                . = (. + _Min_Stack_Size)
 *fill*         0x20000ba8      0x400 
                0x20000fa8                . = ALIGN (0x8)

/DISCARD/
 libc.a(*)
 libm.a(*)
 libgcc.a(*)
OUTPUT(..\..\STM32F030F4P6.elf elf32-littlearm)
LOAD linker stubs
LOAD e:/10 2021.10/bin/../lib/gcc/arm-none-eabi/10.3.1/../../../../arm-none-eabi/lib/thumb/v6-m/nofp\libc.a
LOAD e:/10 2021.10/bin/../lib/gcc/arm-none-eabi/10.3.1/../../../../arm-none-eabi/lib/thumb/v6-m/nofp\libm.a
LOAD e:/10 2021.10/bin/../lib/gcc/arm-none-eabi/10.3.1/thumb/v6-m/nofp\libgcc.a

.ARM.attributes
                0x00000000       0x28
 .ARM.attributes
                0x00000000       0x1e e:/10 2021.10/bin/../lib/gcc/arm-none-eabi/10.3.1/thumb/v6-m/nofp/crti.o
 .ARM.attributes
                0x0000001e       0x2c e:/10 2021.10/bin/../lib/gcc/arm-none-eabi/10.3.1/thumb/v6-m/nofp/crtbegin.o
 .ARM.attributes
                0x0000004a       0x2c CMakeFiles/STM32F030F4P6.elf.dir/main.c.obj
 .ARM.attributes
                0x00000076       0x2c CMakeFiles/STM32F030F4P6.elf.dir/Source/led.c.obj
 .ARM.attributes
                0x000000a2       0x2c CMakeFiles/STM32F030F4P6.elf.dir/Source/modbus.c.obj
 .ARM.attributes
                0x000000ce       0x2c CMakeFiles/STM32F030F4P6.elf.dir/Source/uart.c.obj
 .ARM.attributes
                0x000000fa       0x21 D:\STM32\stm32f030f4p6\build\lib\libSTM32F030F4P6.a(startup_stm32f030x6.s.obj)
 .ARM.attributes
                0x0000011b       0x2c D:\STM32\stm32f030f4p6\build\lib\libSTM32F030F4P6.a(system_stm32f0xx.c.obj)
 .ARM.attributes
                0x00000147       0x2c D:\STM32\stm32f030f4p6\build\lib\libSTM32F030F4P6.a(stm32f0xx_flash.c.obj)
 .ARM.attributes
                0x00000173       0x2c D:\STM32\stm32f030f4p6\build\lib\libSTM32F030F4P6.a(stm32f0xx_gpio.c.obj)
 .ARM.attributes
                0x0000019f       0x2c D:\STM32\stm32f030f4p6\build\lib\libSTM32F030F4P6.a(stm32f0xx_misc.c.obj)
 .ARM.attributes
                0x000001cb       0x2c D:\STM32\stm32f030f4p6\build\lib\libSTM32F030F4P6.a(stm32f0xx_rcc.c.obj)
 .ARM.attributes
                0x000001f7       0x2c D:\STM32\stm32f030f4p6\build\lib\libSTM32F030F4P6.a(stm32f0xx_usart.c.obj)
 .ARM.attributes
                0x00000223       0x2c D:\STM32\stm32f030f4p6\build\lib\libSTM32F030F4P6.a(port.c.obj)
 .ARM.attributes
                0x0000024f       0x2c D:\STM32\stm32f030f4p6\build\lib\libSTM32F030F4P6.a(portasm.c.obj)
 .ARM.attributes
                0x0000027b       0x2c D:\STM32\stm32f030f4p6\build\lib\libSTM32F030F4P6.a(queue.c.obj)
 .ARM.attributes
                0x000002a7       0x2c D:\STM32\stm32f030f4p6\build\lib\libSTM32F030F4P6.a(stream_buffer.c.obj)
 .ARM.attributes
                0x000002d3       0x2c D:\STM32\stm32f030f4p6\build\lib\libSTM32F030F4P6.a(tasks.c.obj)
 .ARM.attributes
                0x000002ff       0x2c D:\STM32\stm32f030f4p6\build\lib\libSTM32F030F4P6.a(list.c.obj)
 .ARM.attributes
                0x0000032b       0x2c D:\STM32\stm32f030f4p6\build\lib\libSTM32F030F4P6.a(heap_4.c.obj)
 .ARM.attributes
                0x00000357       0x1e e:/10 2021.10/bin/../lib/gcc/arm-none-eabi/10.3.1/thumb/v6-m/nofp\libgcc.a(_udivsi3.o)
 .ARM.attributes
                0x00000375       0x1e e:/10 2021.10/bin/../lib/gcc/arm-none-eabi/10.3.1/thumb/v6-m/nofp\libgcc.a(_dvmd_tls.o)
 .ARM.attributes
                0x00000393       0x2c e:/10 2021.10/bin/../lib/gcc/arm-none-eabi/10.3.1/../../../../arm-none-eabi/lib/thumb/v6-m/nofp\libg_nano.a(lib_a-init.o)
 .ARM.attributes
                0x000003bf       0x2c e:/10 2021.10/bin/../lib/gcc/arm-none-eabi/10.3.1/../../../../arm-none-eabi/lib/thumb/v6-m/nofp\libg_nano.a(lib_a-memcpy-stub.o)
 .ARM.attributes
                0x000003eb       0x2c e:/10 2021.10/bin/../lib/gcc/arm-none-eabi/10.3.1/../../../../arm-none-eabi/lib/thumb/v6-m/nofp\libg_nano.a(lib_a-memset.o)
 .ARM.attributes
                0x00000417       0x1e e:/10 2021.10/bin/../lib/gcc/arm-none-eabi/10.3.1/thumb/v6-m/nofp/crtn.o

.comment        0x00000000       0x49
 .comment       0x00000000       0x49 CMakeFiles/STM32F030F4P6.elf.dir/main.c.obj
                                 0x4a (size before relaxing)
 .comment       0x00000049       0x4a CMakeFiles/STM32F030F4P6.elf.dir/Source/led.c.obj
 .comment       0x00000049       0x4a CMakeFiles/STM32F030F4P6.elf.dir/Source/modbus.c.obj
 .comment       0x00000049       0x4a CMakeFiles/STM32F030F4P6.elf.dir/Source/uart.c.obj
 .comment       0x00000049       0x4a D:\STM32\stm32f030f4p6\build\lib\libSTM32F030F4P6.a(system_stm32f0xx.c.obj)
 .comment       0x00000049       0x4a D:\STM32\stm32f030f4p6\build\lib\libSTM32F030F4P6.a(stm32f0xx_flash.c.obj)
 .comment       0x00000049       0x4a D:\STM32\stm32f030f4p6\build\lib\libSTM32F030F4P6.a(stm32f0xx_gpio.c.obj)
 .comment       0x00000049       0x4a D:\STM32\stm32f030f4p6\build\lib\libSTM32F030F4P6.a(stm32f0xx_misc.c.obj)
 .comment       0x00000049       0x4a D:\STM32\stm32f030f4p6\build\lib\libSTM32F030F4P6.a(stm32f0xx_rcc.c.obj)
 .comment       0x00000049       0x4a D:\STM32\stm32f030f4p6\build\lib\libSTM32F030F4P6.a(stm32f0xx_usart.c.obj)
 .comment       0x00000049       0x4a D:\STM32\stm32f030f4p6\build\lib\libSTM32F030F4P6.a(port.c.obj)
 .comment       0x00000049       0x4a D:\STM32\stm32f030f4p6\build\lib\libSTM32F030F4P6.a(portasm.c.obj)
 .comment       0x00000049       0x4a D:\STM32\stm32f030f4p6\build\lib\libSTM32F030F4P6.a(queue.c.obj)
 .comment       0x00000049       0x4a D:\STM32\stm32f030f4p6\build\lib\libSTM32F030F4P6.a(stream_buffer.c.obj)
 .comment       0x00000049       0x4a D:\STM32\stm32f030f4p6\build\lib\libSTM32F030F4P6.a(tasks.c.obj)
 .comment       0x00000049       0x4a D:\STM32\stm32f030f4p6\build\lib\libSTM32F030F4P6.a(list.c.obj)
 .comment       0x00000049       0x4a D:\STM32\stm32f030f4p6\build\lib\libSTM32F030F4P6.a(heap_4.c.obj)

.debug_info     0x00000000     0xc1c1
 .debug_info    0x00000000      0x4bc CMakeFiles/STM32F030F4P6.elf.dir/main.c.obj
 .debug_info    0x000004bc      0x5ce CMakeFiles/STM32F030F4P6.elf.dir/Source/led.c.obj
 .debug_info    0x00000a8a      0xeb8 CMakeFiles/STM32F030F4P6.elf.dir/Source/modbus.c.obj
 .debug_info    0x00001942      0xd58 CMakeFiles/STM32F030F4P6.elf.dir/Source/uart.c.obj
 .debug_info    0x0000269a       0x22 D:\STM32\stm32f030f4p6\build\lib\libSTM32F030F4P6.a(startup_stm32f030x6.s.obj)
 .debug_info    0x000026bc      0x364 D:\STM32\stm32f030f4p6\build\lib\libSTM32F030F4P6.a(system_stm32f0xx.c.obj)
 .debug_info    0x00002a20      0xbd6 D:\STM32\stm32f030f4p6\build\lib\libSTM32F030F4P6.a(stm32f0xx_flash.c.obj)
 .debug_info    0x000035f6      0x7ad D:\STM32\stm32f030f4p6\build\lib\libSTM32F030F4P6.a(stm32f0xx_gpio.c.obj)
 .debug_info    0x00003da3      0x398 D:\STM32\stm32f030f4p6\build\lib\libSTM32F030F4P6.a(stm32f0xx_misc.c.obj)
 .debug_info    0x0000413b      0xbba D:\STM32\stm32f030f4p6\build\lib\libSTM32F030F4P6.a(stm32f0xx_rcc.c.obj)
 .debug_info    0x00004cf5     0x11a1 D:\STM32\stm32f030f4p6\build\lib\libSTM32F030F4P6.a(stm32f0xx_usart.c.obj)
 .debug_info    0x00005e96      0x3a5 D:\STM32\stm32f030f4p6\build\lib\libSTM32F030F4P6.a(port.c.obj)
 .debug_info    0x0000623b      0x158 D:\STM32\stm32f030f4p6\build\lib\libSTM32F030F4P6.a(portasm.c.obj)
 .debug_info    0x00006393     0x1a9d D:\STM32\stm32f030f4p6\build\lib\libSTM32F030F4P6.a(queue.c.obj)
 .debug_info    0x00007e30     0x17f9 D:\STM32\stm32f030f4p6\build\lib\libSTM32F030F4P6.a(stream_buffer.c.obj)
 .debug_info    0x00009629     0x22db D:\STM32\stm32f030f4p6\build\lib\libSTM32F030F4P6.a(tasks.c.obj)
 .debug_info    0x0000b904      0x2db D:\STM32\stm32f030f4p6\build\lib\libSTM32F030F4P6.a(list.c.obj)
 .debug_info    0x0000bbdf      0x5e2 D:\STM32\stm32f030f4p6\build\lib\libSTM32F030F4P6.a(heap_4.c.obj)

.debug_abbrev   0x00000000     0x2153
 .debug_abbrev  0x00000000      0x1ea CMakeFiles/STM32F030F4P6.elf.dir/main.c.obj
 .debug_abbrev  0x000001ea      0x1c8 CMakeFiles/STM32F030F4P6.elf.dir/Source/led.c.obj
 .debug_abbrev  0x000003b2      0x33f CMakeFiles/STM32F030F4P6.elf.dir/Source/modbus.c.obj
 .debug_abbrev  0x000006f1      0x247 CMakeFiles/STM32F030F4P6.elf.dir/Source/uart.c.obj
 .debug_abbrev  0x00000938       0x12 D:\STM32\stm32f030f4p6\build\lib\libSTM32F030F4P6.a(startup_stm32f030x6.s.obj)
 .debug_abbrev  0x0000094a      0x17a D:\STM32\stm32f030f4p6\build\lib\libSTM32F030F4P6.a(system_stm32f0xx.c.obj)
 .debug_abbrev  0x00000ac4      0x234 D:\STM32\stm32f030f4p6\build\lib\libSTM32F030F4P6.a(stm32f0xx_flash.c.obj)
 .debug_abbrev  0x00000cf8      0x20e D:\STM32\stm32f030f4p6\build\lib\libSTM32F030F4P6.a(stm32f0xx_gpio.c.obj)
 .debug_abbrev  0x00000f06      0x164 D:\STM32\stm32f030f4p6\build\lib\libSTM32F030F4P6.a(stm32f0xx_misc.c.obj)
 .debug_abbrev  0x0000106a      0x27e D:\STM32\stm32f030f4p6\build\lib\libSTM32F030F4P6.a(stm32f0xx_rcc.c.obj)
 .debug_abbrev  0x000012e8      0x1e5 D:\STM32\stm32f030f4p6\build\lib\libSTM32F030F4P6.a(stm32f0xx_usart.c.obj)
 .debug_abbrev  0x000014cd      0x179 D:\STM32\stm32f030f4p6\build\lib\libSTM32F030F4P6.a(port.c.obj)
 .debug_abbrev  0x00001646       0xb6 D:\STM32\stm32f030f4p6\build\lib\libSTM32F030F4P6.a(portasm.c.obj)
 .debug_abbrev  0x000016fc      0x263 D:\STM32\stm32f030f4p6\build\lib\libSTM32F030F4P6.a(queue.c.obj)
 .debug_abbrev  0x0000195f      0x22a D:\STM32\stm32f030f4p6\build\lib\libSTM32F030F4P6.a(stream_buffer.c.obj)
 .debug_abbrev  0x00001b89      0x2b0 D:\STM32\stm32f030f4p6\build\lib\libSTM32F030F4P6.a(tasks.c.obj)
 .debug_abbrev  0x00001e39       0xff D:\STM32\stm32f030f4p6\build\lib\libSTM32F030F4P6.a(list.c.obj)
 .debug_abbrev  0x00001f38      0x21b D:\STM32\stm32f030f4p6\build\lib\libSTM32F030F4P6.a(heap_4.c.obj)

.debug_loc      0x00000000     0x933e
 .debug_loc     0x00000000       0x63 CMakeFiles/STM32F030F4P6.elf.dir/main.c.obj
 .debug_loc     0x00000063       0x9b CMakeFiles/STM32F030F4P6.elf.dir/Source/led.c.obj
 .debug_loc     0x000000fe      0x962 CMakeFiles/STM32F030F4P6.elf.dir/Source/modbus.c.obj
 .debug_loc     0x00000a60      0x168 CMakeFiles/STM32F030F4P6.elf.dir/Source/uart.c.obj
 .debug_loc     0x00000bc8      0x16b D:\STM32\stm32f030f4p6\build\lib\libSTM32F030F4P6.a(system_stm32f0xx.c.obj)
 .debug_loc     0x00000d33      0xaad D:\STM32\stm32f030f4p6\build\lib\libSTM32F030F4P6.a(stm32f0xx_flash.c.obj)
 .debug_loc     0x000017e0      0x363 D:\STM32\stm32f030f4p6\build\lib\libSTM32F030F4P6.a(stm32f0xx_gpio.c.obj)
 .debug_loc     0x00001b43       0x99 D:\STM32\stm32f030f4p6\build\lib\libSTM32F030F4P6.a(stm32f0xx_misc.c.obj)
 .debug_loc     0x00001bdc      0x910 D:\STM32\stm32f030f4p6\build\lib\libSTM32F030F4P6.a(stm32f0xx_rcc.c.obj)
 .debug_loc     0x000024ec      0x9e3 D:\STM32\stm32f030f4p6\build\lib\libSTM32F030F4P6.a(stm32f0xx_usart.c.obj)
 .debug_loc     0x00002ecf      0x354 D:\STM32\stm32f030f4p6\build\lib\libSTM32F030F4P6.a(port.c.obj)
 .debug_loc     0x00003223     0x1c8b D:\STM32\stm32f030f4p6\build\lib\libSTM32F030F4P6.a(queue.c.obj)
 .debug_loc     0x00004eae     0x20c8 D:\STM32\stm32f030f4p6\build\lib\libSTM32F030F4P6.a(stream_buffer.c.obj)
 .debug_loc     0x00006f76     0x1dcb D:\STM32\stm32f030f4p6\build\lib\libSTM32F030F4P6.a(tasks.c.obj)
 .debug_loc     0x00008d41       0xad D:\STM32\stm32f030f4p6\build\lib\libSTM32F030F4P6.a(list.c.obj)
 .debug_loc     0x00008dee      0x550 D:\STM32\stm32f030f4p6\build\lib\libSTM32F030F4P6.a(heap_4.c.obj)

.debug_aranges  0x00000000      0xb18
 .debug_aranges
                0x00000000       0x20 CMakeFiles/STM32F030F4P6.elf.dir/main.c.obj
 .debug_aranges
                0x00000020       0x48 CMakeFiles/STM32F030F4P6.elf.dir/Source/led.c.obj
 .debug_aranges
                0x00000068       0x80 CMakeFiles/STM32F030F4P6.elf.dir/Source/modbus.c.obj
 .debug_aranges
                0x000000e8       0x40 CMakeFiles/STM32F030F4P6.elf.dir/Source/uart.c.obj
 .debug_aranges
                0x00000128       0x28 D:\STM32\stm32f030f4p6\build\lib\libSTM32F030F4P6.a(startup_stm32f030x6.s.obj)
 .debug_aranges
                0x00000150       0x30 D:\STM32\stm32f030f4p6\build\lib\libSTM32F030F4P6.a(system_stm32f0xx.c.obj)
 .debug_aranges
                0x00000180      0x110 D:\STM32\stm32f030f4p6\build\lib\libSTM32F030F4P6.a(stm32f0xx_flash.c.obj)
 .debug_aranges
                0x00000290       0x80 D:\STM32\stm32f030f4p6\build\lib\libSTM32F030F4P6.a(stm32f0xx_gpio.c.obj)
 .debug_aranges
                0x00000310       0x30 D:\STM32\stm32f030f4p6\build\lib\libSTM32F030F4P6.a(stm32f0xx_misc.c.obj)
 .debug_aranges
                0x00000340      0x160 D:\STM32\stm32f030f4p6\build\lib\libSTM32F030F4P6.a(stm32f0xx_rcc.c.obj)
 .debug_aranges
                0x000004a0      0x1a0 D:\STM32\stm32f030f4p6\build\lib\libSTM32F030F4P6.a(stm32f0xx_usart.c.obj)
 .debug_aranges
                0x00000640       0x70 D:\STM32\stm32f030f4p6\build\lib\libSTM32F030F4P6.a(port.c.obj)
 .debug_aranges
                0x000006b0       0x60 D:\STM32\stm32f030f4p6\build\lib\libSTM32F030F4P6.a(portasm.c.obj)
 .debug_aranges
                0x00000710       0xe8 D:\STM32\stm32f030f4p6\build\lib\libSTM32F030F4P6.a(queue.c.obj)
 .debug_aranges
                0x000007f8       0xe8 D:\STM32\stm32f030f4p6\build\lib\libSTM32F030F4P6.a(stream_buffer.c.obj)
 .debug_aranges
                0x000008e0      0x190 D:\STM32\stm32f030f4p6\build\lib\libSTM32F030F4P6.a(tasks.c.obj)
 .debug_aranges
                0x00000a70       0x40 D:\STM32\stm32f030f4p6\build\lib\libSTM32F030F4P6.a(list.c.obj)
 .debug_aranges
                0x00000ab0       0x68 D:\STM32\stm32f030f4p6\build\lib\libSTM32F030F4P6.a(heap_4.c.obj)

.debug_ranges   0x00000000      0xe50
 .debug_ranges  0x00000000       0x10 CMakeFiles/STM32F030F4P6.elf.dir/main.c.obj
 .debug_ranges  0x00000010       0x68 CMakeFiles/STM32F030F4P6.elf.dir/Source/led.c.obj
 .debug_ranges  0x00000078      0x100 CMakeFiles/STM32F030F4P6.elf.dir/Source/modbus.c.obj
 .debug_ranges  0x00000178       0x60 CMakeFiles/STM32F030F4P6.elf.dir/Source/uart.c.obj
 .debug_ranges  0x000001d8       0x20 D:\STM32\stm32f030f4p6\build\lib\libSTM32F030F4P6.a(startup_stm32f030x6.s.obj)
 .debug_ranges  0x000001f8       0x20 D:\STM32\stm32f030f4p6\build\lib\libSTM32F030F4P6.a(system_stm32f0xx.c.obj)
 .debug_ranges  0x00000218      0x100 D:\STM32\stm32f030f4p6\build\lib\libSTM32F030F4P6.a(stm32f0xx_flash.c.obj)
 .debug_ranges  0x00000318       0x70 D:\STM32\stm32f030f4p6\build\lib\libSTM32F030F4P6.a(stm32f0xx_gpio.c.obj)
 .debug_ranges  0x00000388       0x20 D:\STM32\stm32f030f4p6\build\lib\libSTM32F030F4P6.a(stm32f0xx_misc.c.obj)
 .debug_ranges  0x000003a8      0x150 D:\STM32\stm32f030f4p6\build\lib\libSTM32F030F4P6.a(stm32f0xx_rcc.c.obj)
 .debug_ranges  0x000004f8      0x190 D:\STM32\stm32f030f4p6\build\lib\libSTM32F030F4P6.a(stm32f0xx_usart.c.obj)
 .debug_ranges  0x00000688       0x60 D:\STM32\stm32f030f4p6\build\lib\libSTM32F030F4P6.a(port.c.obj)
 .debug_ranges  0x000006e8       0x50 D:\STM32\stm32f030f4p6\build\lib\libSTM32F030F4P6.a(portasm.c.obj)
 .debug_ranges  0x00000738      0x218 D:\STM32\stm32f030f4p6\build\lib\libSTM32F030F4P6.a(queue.c.obj)
 .debug_ranges  0x00000950       0xf0 D:\STM32\stm32f030f4p6\build\lib\libSTM32F030F4P6.a(stream_buffer.c.obj)
 .debug_ranges  0x00000a40      0x388 D:\STM32\stm32f030f4p6\build\lib\libSTM32F030F4P6.a(tasks.c.obj)
 .debug_ranges  0x00000dc8       0x30 D:\STM32\stm32f030f4p6\build\lib\libSTM32F030F4P6.a(list.c.obj)
 .debug_ranges  0x00000df8       0x58 D:\STM32\stm32f030f4p6\build\lib\libSTM32F030F4P6.a(heap_4.c.obj)

.debug_line     0x00000000     0xaa98
 .debug_line    0x00000000      0x2de CMakeFiles/STM32F030F4P6.elf.dir/main.c.obj
 .debug_line    0x000002de      0x3bb CMakeFiles/STM32F030F4P6.elf.dir/Source/led.c.obj
 .debug_line    0x00000699      0xc41 CMakeFiles/STM32F030F4P6.elf.dir/Source/modbus.c.obj
 .debug_line    0x000012da      0x528 CMakeFiles/STM32F030F4P6.elf.dir/Source/uart.c.obj
 .debug_line    0x00001802       0xc6 D:\STM32\stm32f030f4p6\build\lib\libSTM32F030F4P6.a(startup_stm32f030x6.s.obj)
 .debug_line    0x000018c8      0x3a2 D:\STM32\stm32f030f4p6\build\lib\libSTM32F030F4P6.a(system_stm32f0xx.c.obj)
 .debug_line    0x00001c6a      0xb00 D:\STM32\stm32f030f4p6\build\lib\libSTM32F030F4P6.a(stm32f0xx_flash.c.obj)
 .debug_line    0x0000276a      0x516 D:\STM32\stm32f030f4p6\build\lib\libSTM32F030F4P6.a(stm32f0xx_gpio.c.obj)
 .debug_line    0x00002c80      0x2ac D:\STM32\stm32f030f4p6\build\lib\libSTM32F030F4P6.a(stm32f0xx_misc.c.obj)
 .debug_line    0x00002f2c      0xc85 D:\STM32\stm32f030f4p6\build\lib\libSTM32F030F4P6.a(stm32f0xx_rcc.c.obj)
 .debug_line    0x00003bb1      0xca6 D:\STM32\stm32f030f4p6\build\lib\libSTM32F030F4P6.a(stm32f0xx_usart.c.obj)
 .debug_line    0x00004857      0x51b D:\STM32\stm32f030f4p6\build\lib\libSTM32F030F4P6.a(port.c.obj)
 .debug_line    0x00004d72      0x1d7 D:\STM32\stm32f030f4p6\build\lib\libSTM32F030F4P6.a(portasm.c.obj)
 .debug_line    0x00004f49     0x164d D:\STM32\stm32f030f4p6\build\lib\libSTM32F030F4P6.a(queue.c.obj)
 .debug_line    0x00006596     0x15d9 D:\STM32\stm32f030f4p6\build\lib\libSTM32F030F4P6.a(stream_buffer.c.obj)
 .debug_line    0x00007b6f     0x2387 D:\STM32\stm32f030f4p6\build\lib\libSTM32F030F4P6.a(tasks.c.obj)
 .debug_line    0x00009ef6      0x340 D:\STM32\stm32f030f4p6\build\lib\libSTM32F030F4P6.a(list.c.obj)
 .debug_line    0x0000a236      0x862 D:\STM32\stm32f030f4p6\build\lib\libSTM32F030F4P6.a(heap_4.c.obj)

.debug_str      0x00000000     0x3b8e
 .debug_str     0x00000000      0x438 CMakeFiles/STM32F030F4P6.elf.dir/main.c.obj
                                0x488 (size before relaxing)
 .debug_str     0x00000438      0x27e CMakeFiles/STM32F030F4P6.elf.dir/Source/led.c.obj
                                0x44c (size before relaxing)
 .debug_str     0x000006b6      0x2b2 CMakeFiles/STM32F030F4P6.elf.dir/Source/modbus.c.obj
                                0x6b7 (size before relaxing)
 .debug_str     0x00000968      0x373 CMakeFiles/STM32F030F4P6.elf.dir/Source/uart.c.obj
                                0x911 (size before relaxing)
 .debug_str     0x00000cdb       0x99 D:\STM32\stm32f030f4p6\build\lib\libSTM32F030F4P6.a(startup_stm32f030x6.s.obj)
 .debug_str     0x00000d74      0x125 D:\STM32\stm32f030f4p6\build\lib\libSTM32F030F4P6.a(system_stm32f0xx.c.obj)
                                0x2fb (size before relaxing)
 .debug_str     0x00000e99      0x3cd D:\STM32\stm32f030f4p6\build\lib\libSTM32F030F4P6.a(stm32f0xx_flash.c.obj)
                                0x618 (size before relaxing)
 .debug_str     0x00001266      0x168 D:\STM32\stm32f030f4p6\build\lib\libSTM32F030F4P6.a(stm32f0xx_gpio.c.obj)
                                0x4ec (size before relaxing)
 .debug_str     0x000013ce       0x8f D:\STM32\stm32f030f4p6\build\lib\libSTM32F030F4P6.a(stm32f0xx_misc.c.obj)
                                0x340 (size before relaxing)
 .debug_str     0x0000145d      0x50d D:\STM32\stm32f030f4p6\build\lib\libSTM32F030F4P6.a(stm32f0xx_rcc.c.obj)
                                0x7f7 (size before relaxing)
 .debug_str     0x0000196a      0x5f4 D:\STM32\stm32f030f4p6\build\lib\libSTM32F030F4P6.a(stm32f0xx_usart.c.obj)
                                0xa35 (size before relaxing)
 .debug_str     0x00001f5e      0x1fe D:\STM32\stm32f030f4p6\build\lib\libSTM32F030F4P6.a(port.c.obj)
                                0x3e3 (size before relaxing)
 .debug_str     0x0000215c       0x9f D:\STM32\stm32f030f4p6\build\lib\libSTM32F030F4P6.a(portasm.c.obj)
                                0x26b (size before relaxing)
 .debug_str     0x000021fb      0x68c D:\STM32\stm32f030f4p6\build\lib\libSTM32F030F4P6.a(queue.c.obj)
                                0x995 (size before relaxing)
 .debug_str     0x00002887      0x632 D:\STM32\stm32f030f4p6\build\lib\libSTM32F030F4P6.a(stream_buffer.c.obj)
                                0xa32 (size before relaxing)
 .debug_str     0x00002eb9      0x950 D:\STM32\stm32f030f4p6\build\lib\libSTM32F030F4P6.a(tasks.c.obj)
                                0xfa2 (size before relaxing)
 .debug_str     0x00003809       0x87 D:\STM32\stm32f030f4p6\build\lib\libSTM32F030F4P6.a(list.c.obj)
                                0x2ea (size before relaxing)
 .debug_str     0x00003890      0x2fe D:\STM32\stm32f030f4p6\build\lib\libSTM32F030F4P6.a(heap_4.c.obj)
                                0x514 (size before relaxing)

.debug_frame    0x00000000     0x1ab8
 .debug_frame   0x00000000       0x28 CMakeFiles/STM32F030F4P6.elf.dir/main.c.obj
 .debug_frame   0x00000028       0xa4 CMakeFiles/STM32F030F4P6.elf.dir/Source/led.c.obj
 .debug_frame   0x000000cc      0x174 CMakeFiles/STM32F030F4P6.elf.dir/Source/modbus.c.obj
 .debug_frame   0x00000240       0xa8 CMakeFiles/STM32F030F4P6.elf.dir/Source/uart.c.obj
 .debug_frame   0x000002e8       0x54 D:\STM32\stm32f030f4p6\build\lib\libSTM32F030F4P6.a(system_stm32f0xx.c.obj)
 .debug_frame   0x0000033c      0x2a4 D:\STM32\stm32f030f4p6\build\lib\libSTM32F030F4P6.a(stm32f0xx_flash.c.obj)
 .debug_frame   0x000005e0      0x104 D:\STM32\stm32f030f4p6\build\lib\libSTM32F030F4P6.a(stm32f0xx_gpio.c.obj)
 .debug_frame   0x000006e4       0x4c D:\STM32\stm32f030f4p6\build\lib\libSTM32F030F4P6.a(stm32f0xx_misc.c.obj)
 .debug_frame   0x00000730      0x2c0 D:\STM32\stm32f030f4p6\build\lib\libSTM32F030F4P6.a(stm32f0xx_rcc.c.obj)
 .debug_frame   0x000009f0      0x35c D:\STM32\stm32f030f4p6\build\lib\libSTM32F030F4P6.a(stm32f0xx_usart.c.obj)
 .debug_frame   0x00000d4c       0xe4 D:\STM32\stm32f030f4p6\build\lib\libSTM32F030F4P6.a(port.c.obj)
 .debug_frame   0x00000e30       0xa0 D:\STM32\stm32f030f4p6\build\lib\libSTM32F030F4P6.a(portasm.c.obj)
 .debug_frame   0x00000ed0      0x2bc D:\STM32\stm32f030f4p6\build\lib\libSTM32F030F4P6.a(queue.c.obj)
 .debug_frame   0x0000118c      0x2d8 D:\STM32\stm32f030f4p6\build\lib\libSTM32F030F4P6.a(stream_buffer.c.obj)
 .debug_frame   0x00001464      0x464 D:\STM32\stm32f030f4p6\build\lib\libSTM32F030F4P6.a(tasks.c.obj)
 .debug_frame   0x000018c8       0x6c D:\STM32\stm32f030f4p6\build\lib\libSTM32F030F4P6.a(list.c.obj)
 .debug_frame   0x00001934       0xf0 D:\STM32\stm32f030f4p6\build\lib\libSTM32F030F4P6.a(heap_4.c.obj)
 .debug_frame   0x00001a24       0x20 e:/10 2021.10/bin/../lib/gcc/arm-none-eabi/10.3.1/thumb/v6-m/nofp\libgcc.a(_udivsi3.o)
 .debug_frame   0x00001a44       0x2c e:/10 2021.10/bin/../lib/gcc/arm-none-eabi/10.3.1/../../../../arm-none-eabi/lib/thumb/v6-m/nofp\libg_nano.a(lib_a-init.o)
 .debug_frame   0x00001a70       0x28 e:/10 2021.10/bin/../lib/gcc/arm-none-eabi/10.3.1/../../../../arm-none-eabi/lib/thumb/v6-m/nofp\libg_nano.a(lib_a-memcpy-stub.o)
 .debug_frame   0x00001a98       0x20 e:/10 2021.10/bin/../lib/gcc/arm-none-eabi/10.3.1/../../../../arm-none-eabi/lib/thumb/v6-m/nofp\libg_nano.a(lib_a-memset.o)

Cross Reference Table

Symbol                                            File
ADC1_IRQHandler                                   D:\STM32\stm32f030f4p6\build\lib\libSTM32F030F4P6.a(startup_stm32f030x6.s.obj)
AHBPrescTable                                     D:\STM32\stm32f030f4p6\build\lib\libSTM32F030F4P6.a(system_stm32f0xx.c.obj)
DMA1_Channel1_IRQHandler                          D:\STM32\stm32f030f4p6\build\lib\libSTM32F030F4P6.a(startup_stm32f030x6.s.obj)
DMA1_Channel2_3_IRQHandler                        D:\STM32\stm32f030f4p6\build\lib\libSTM32F030F4P6.a(startup_stm32f030x6.s.obj)
DMA1_Channel4_5_IRQHandler                        D:\STM32\stm32f030f4p6\build\lib\libSTM32F030F4P6.a(startup_stm32f030x6.s.obj)
Default_Handler                                   D:\STM32\stm32f030f4p6\build\lib\libSTM32F030F4P6.a(startup_stm32f030x6.s.obj)
EXTI0_1_IRQHandler                                D:\STM32\stm32f030f4p6\build\lib\libSTM32F030F4P6.a(startup_stm32f030x6.s.obj)
EXTI2_3_IRQHandler                                D:\STM32\stm32f030f4p6\build\lib\libSTM32F030F4P6.a(startup_stm32f030x6.s.obj)
EXTI4_15_IRQHandler                               D:\STM32\stm32f030f4p6\build\lib\libSTM32F030F4P6.a(startup_stm32f030x6.s.obj)
FLASH_ClearFlag                                   D:\STM32\stm32f030f4p6\build\lib\libSTM32F030F4P6.a(stm32f0xx_flash.c.obj)
FLASH_EraseAllPages                               D:\STM32\stm32f030f4p6\build\lib\libSTM32F030F4P6.a(stm32f0xx_flash.c.obj)
FLASH_ErasePage                                   D:\STM32\stm32f030f4p6\build\lib\libSTM32F030F4P6.a(stm32f0xx_flash.c.obj)
                                                  CMakeFiles/STM32F030F4P6.elf.dir/Source/modbus.c.obj
FLASH_GetFlagStatus                               D:\STM32\stm32f030f4p6\build\lib\libSTM32F030F4P6.a(stm32f0xx_flash.c.obj)
FLASH_GetPrefetchBufferStatus                     D:\STM32\stm32f030f4p6\build\lib\libSTM32F030F4P6.a(stm32f0xx_flash.c.obj)
FLASH_GetStatus                                   D:\STM32\stm32f030f4p6\build\lib\libSTM32F030F4P6.a(stm32f0xx_flash.c.obj)
FLASH_IRQHandler                                  D:\STM32\stm32f030f4p6\build\lib\libSTM32F030F4P6.a(startup_stm32f030x6.s.obj)
FLASH_ITConfig                                    D:\STM32\stm32f030f4p6\build\lib\libSTM32F030F4P6.a(stm32f0xx_flash.c.obj)
FLASH_Lock                                        D:\STM32\stm32f030f4p6\build\lib\libSTM32F030F4P6.a(stm32f0xx_flash.c.obj)
                                                  CMakeFiles/STM32F030F4P6.elf.dir/Source/modbus.c.obj
FLASH_OB_BOOT0Config                              D:\STM32\stm32f030f4p6\build\lib\libSTM32F030F4P6.a(stm32f0xx_flash.c.obj)
FLASH_OB_BOOT0SWConfig                            D:\STM32\stm32f030f4p6\build\lib\libSTM32F030F4P6.a(stm32f0xx_flash.c.obj)
FLASH_OB_BOOTConfig                               D:\STM32\stm32f030f4p6\build\lib\libSTM32F030F4P6.a(stm32f0xx_flash.c.obj)
FLASH_OB_EnableWRP                                D:\STM32\stm32f030f4p6\build\lib\libSTM32F030F4P6.a(stm32f0xx_flash.c.obj)
FLASH_OB_Erase                                    D:\STM32\stm32f030f4p6\build\lib\libSTM32F030F4P6.a(stm32f0xx_flash.c.obj)
FLASH_OB_GetRDP                                   D:\STM32\stm32f030f4p6\build\lib\libSTM32F030F4P6.a(stm32f0xx_flash.c.obj)
FLASH_OB_GetUser                                  D:\STM32\stm32f030f4p6\build\lib\libSTM32F030F4P6.a(stm32f0xx_flash.c.obj)
FLASH_OB_GetWRP                                   D:\STM32\stm32f030f4p6\build\lib\libSTM32F030F4P6.a(stm32f0xx_flash.c.obj)
FLASH_OB_Launch                                   D:\STM32\stm32f030f4p6\build\lib\libSTM32F030F4P6.a(stm32f0xx_flash.c.obj)
FLASH_OB_Lock                                     D:\STM32\stm32f030f4p6\build\lib\libSTM32F030F4P6.a(stm32f0xx_flash.c.obj)
FLASH_OB_ProgramData                              D:\STM32\stm32f030f4p6\build\lib\libSTM32F030F4P6.a(stm32f0xx_flash.c.obj)
FLASH_OB_RDPConfig                                D:\STM32\stm32f030f4p6\build\lib\libSTM32F030F4P6.a(stm32f0xx_flash.c.obj)
FLASH_OB_SRAMParityConfig                         D:\STM32\stm32f030f4p6\build\lib\libSTM32F030F4P6.a(stm32f0xx_flash.c.obj)
FLASH_OB_Unlock                                   D:\STM32\stm32f030f4p6\build\lib\libSTM32F030F4P6.a(stm32f0xx_flash.c.obj)
FLASH_OB_UserConfig                               D:\STM32\stm32f030f4p6\build\lib\libSTM32F030F4P6.a(stm32f0xx_flash.c.obj)
FLASH_OB_VDDAConfig                               D:\STM32\stm32f030f4p6\build\lib\libSTM32F030F4P6.a(stm32f0xx_flash.c.obj)
FLASH_OB_WriteUser                                D:\STM32\stm32f030f4p6\build\lib\libSTM32F030F4P6.a(stm32f0xx_flash.c.obj)
FLASH_PrefetchBufferCmd                           D:\STM32\stm32f030f4p6\build\lib\libSTM32F030F4P6.a(stm32f0xx_flash.c.obj)
FLASH_ProgramHalfWord                             D:\STM32\stm32f030f4p6\build\lib\libSTM32F030F4P6.a(stm32f0xx_flash.c.obj)
                                                  CMakeFiles/STM32F030F4P6.elf.dir/Source/modbus.c.obj
FLASH_ProgramWord                                 D:\STM32\stm32f030f4p6\build\lib\libSTM32F030F4P6.a(stm32f0xx_flash.c.obj)
                                                  CMakeFiles/STM32F030F4P6.elf.dir/Source/modbus.c.obj
FLASH_SetLatency                                  D:\STM32\stm32f030f4p6\build\lib\libSTM32F030F4P6.a(stm32f0xx_flash.c.obj)
FLASH_Unlock                                      D:\STM32\stm32f030f4p6\build\lib\libSTM32F030F4P6.a(stm32f0xx_flash.c.obj)
                                                  CMakeFiles/STM32F030F4P6.elf.dir/Source/modbus.c.obj
FLASH_WaitForLastOperation                        D:\STM32\stm32f030f4p6\build\lib\libSTM32F030F4P6.a(stm32f0xx_flash.c.obj)
GPIO_DeInit                                       D:\STM32\stm32f030f4p6\build\lib\libSTM32F030F4P6.a(stm32f0xx_gpio.c.obj)
GPIO_Init                                         D:\STM32\stm32f030f4p6\build\lib\libSTM32F030F4P6.a(stm32f0xx_gpio.c.obj)
                                                  CMakeFiles/STM32F030F4P6.elf.dir/Source/uart.c.obj
                                                  CMakeFiles/STM32F030F4P6.elf.dir/Source/modbus.c.obj
                                                  CMakeFiles/STM32F030F4P6.elf.dir/Source/led.c.obj
GPIO_PinAFConfig                                  D:\STM32\stm32f030f4p6\build\lib\libSTM32F030F4P6.a(stm32f0xx_gpio.c.obj)
                                                  CMakeFiles/STM32F030F4P6.elf.dir/Source/uart.c.obj
GPIO_PinLockConfig                                D:\STM32\stm32f030f4p6\build\lib\libSTM32F030F4P6.a(stm32f0xx_gpio.c.obj)
GPIO_ReadInputData                                D:\STM32\stm32f030f4p6\build\lib\libSTM32F030F4P6.a(stm32f0xx_gpio.c.obj)
GPIO_ReadInputDataBit                             D:\STM32\stm32f030f4p6\build\lib\libSTM32F030F4P6.a(stm32f0xx_gpio.c.obj)
GPIO_ReadOutputData                               D:\STM32\stm32f030f4p6\build\lib\libSTM32F030F4P6.a(stm32f0xx_gpio.c.obj)
GPIO_ReadOutputDataBit                            D:\STM32\stm32f030f4p6\build\lib\libSTM32F030F4P6.a(stm32f0xx_gpio.c.obj)
GPIO_ResetBits                                    D:\STM32\stm32f030f4p6\build\lib\libSTM32F030F4P6.a(stm32f0xx_gpio.c.obj)
                                                  CMakeFiles/STM32F030F4P6.elf.dir/Source/uart.c.obj
                                                  CMakeFiles/STM32F030F4P6.elf.dir/Source/modbus.c.obj
                                                  CMakeFiles/STM32F030F4P6.elf.dir/Source/led.c.obj
GPIO_SetBits                                      D:\STM32\stm32f030f4p6\build\lib\libSTM32F030F4P6.a(stm32f0xx_gpio.c.obj)
                                                  CMakeFiles/STM32F030F4P6.elf.dir/Source/uart.c.obj
                                                  CMakeFiles/STM32F030F4P6.elf.dir/Source/modbus.c.obj
                                                  CMakeFiles/STM32F030F4P6.elf.dir/Source/led.c.obj
GPIO_StructInit                                   D:\STM32\stm32f030f4p6\build\lib\libSTM32F030F4P6.a(stm32f0xx_gpio.c.obj)
GPIO_Write                                        D:\STM32\stm32f030f4p6\build\lib\libSTM32F030F4P6.a(stm32f0xx_gpio.c.obj)
GPIO_WriteBit                                     D:\STM32\stm32f030f4p6\build\lib\libSTM32F030F4P6.a(stm32f0xx_gpio.c.obj)
HardFault_Handler                                 D:\STM32\stm32f030f4p6\build\lib\libSTM32F030F4P6.a(startup_stm32f030x6.s.obj)
I2C1_IRQHandler                                   D:\STM32\stm32f030f4p6\build\lib\libSTM32F030F4P6.a(startup_stm32f030x6.s.obj)
NMI_Handler                                       D:\STM32\stm32f030f4p6\build\lib\libSTM32F030F4P6.a(startup_stm32f030x6.s.obj)
NVIC_Init                                         D:\STM32\stm32f030f4p6\build\lib\libSTM32F030F4P6.a(stm32f0xx_misc.c.obj)
                                                  CMakeFiles/STM32F030F4P6.elf.dir/Source/uart.c.obj
NVIC_SystemLPConfig                               D:\STM32\stm32f030f4p6\build\lib\libSTM32F030F4P6.a(stm32f0xx_misc.c.obj)
PendSV_Handler                                    D:\STM32\stm32f030f4p6\build\lib\libSTM32F030F4P6.a(portasm.c.obj)
                                                  D:\STM32\stm32f030f4p6\build\lib\libSTM32F030F4P6.a(startup_stm32f030x6.s.obj)
                                                  D:\STM32\stm32f030f4p6\build\lib\libSTM32F030F4P6.a(port.c.obj)
RCC_ADCCLKConfig                                  D:\STM32\stm32f030f4p6\build\lib\libSTM32F030F4P6.a(stm32f0xx_rcc.c.obj)
RCC_AHBPeriphClockCmd                             D:\STM32\stm32f030f4p6\build\lib\libSTM32F030F4P6.a(stm32f0xx_rcc.c.obj)
                                                  CMakeFiles/STM32F030F4P6.elf.dir/Source/uart.c.obj
                                                  CMakeFiles/STM32F030F4P6.elf.dir/Source/modbus.c.obj
                                                  CMakeFiles/STM32F030F4P6.elf.dir/Source/led.c.obj
RCC_AHBPeriphResetCmd                             D:\STM32\stm32f030f4p6\build\lib\libSTM32F030F4P6.a(stm32f0xx_rcc.c.obj)
                                                  D:\STM32\stm32f030f4p6\build\lib\libSTM32F030F4P6.a(stm32f0xx_gpio.c.obj)
RCC_APB1PeriphClockCmd                            D:\STM32\stm32f030f4p6\build\lib\libSTM32F030F4P6.a(stm32f0xx_rcc.c.obj)
RCC_APB1PeriphResetCmd                            D:\STM32\stm32f030f4p6\build\lib\libSTM32F030F4P6.a(stm32f0xx_rcc.c.obj)
                                                  D:\STM32\stm32f030f4p6\build\lib\libSTM32F030F4P6.a(stm32f0xx_usart.c.obj)
RCC_APB2PeriphClockCmd                            D:\STM32\stm32f030f4p6\build\lib\libSTM32F030F4P6.a(stm32f0xx_rcc.c.obj)
                                                  CMakeFiles/STM32F030F4P6.elf.dir/Source/uart.c.obj
RCC_APB2PeriphResetCmd                            D:\STM32\stm32f030f4p6\build\lib\libSTM32F030F4P6.a(stm32f0xx_rcc.c.obj)
                                                  D:\STM32\stm32f030f4p6\build\lib\libSTM32F030F4P6.a(stm32f0xx_usart.c.obj)
RCC_AdjustHSI14CalibrationValue                   D:\STM32\stm32f030f4p6\build\lib\libSTM32F030F4P6.a(stm32f0xx_rcc.c.obj)
RCC_AdjustHSICalibrationValue                     D:\STM32\stm32f030f4p6\build\lib\libSTM32F030F4P6.a(stm32f0xx_rcc.c.obj)
RCC_BackupResetCmd                                D:\STM32\stm32f030f4p6\build\lib\libSTM32F030F4P6.a(stm32f0xx_rcc.c.obj)
RCC_CECCLKConfig                                  D:\STM32\stm32f030f4p6\build\lib\libSTM32F030F4P6.a(stm32f0xx_rcc.c.obj)
RCC_ClearFlag                                     D:\STM32\stm32f030f4p6\build\lib\libSTM32F030F4P6.a(stm32f0xx_rcc.c.obj)
RCC_ClearITPendingBit                             D:\STM32\stm32f030f4p6\build\lib\libSTM32F030F4P6.a(stm32f0xx_rcc.c.obj)
RCC_ClockSecuritySystemCmd                        D:\STM32\stm32f030f4p6\build\lib\libSTM32F030F4P6.a(stm32f0xx_rcc.c.obj)
RCC_DeInit                                        D:\STM32\stm32f030f4p6\build\lib\libSTM32F030F4P6.a(stm32f0xx_rcc.c.obj)
RCC_GetClocksFreq                                 D:\STM32\stm32f030f4p6\build\lib\libSTM32F030F4P6.a(stm32f0xx_rcc.c.obj)
                                                  D:\STM32\stm32f030f4p6\build\lib\libSTM32F030F4P6.a(stm32f0xx_usart.c.obj)
RCC_GetFlagStatus                                 D:\STM32\stm32f030f4p6\build\lib\libSTM32F030F4P6.a(stm32f0xx_rcc.c.obj)
RCC_GetITStatus                                   D:\STM32\stm32f030f4p6\build\lib\libSTM32F030F4P6.a(stm32f0xx_rcc.c.obj)
RCC_GetSYSCLKSource                               D:\STM32\stm32f030f4p6\build\lib\libSTM32F030F4P6.a(stm32f0xx_rcc.c.obj)
RCC_HCLKConfig                                    D:\STM32\stm32f030f4p6\build\lib\libSTM32F030F4P6.a(stm32f0xx_rcc.c.obj)
RCC_HSEConfig                                     D:\STM32\stm32f030f4p6\build\lib\libSTM32F030F4P6.a(stm32f0xx_rcc.c.obj)
RCC_HSI14ADCRequestCmd                            D:\STM32\stm32f030f4p6\build\lib\libSTM32F030F4P6.a(stm32f0xx_rcc.c.obj)
RCC_HSI14Cmd                                      D:\STM32\stm32f030f4p6\build\lib\libSTM32F030F4P6.a(stm32f0xx_rcc.c.obj)
RCC_HSI48Cmd                                      D:\STM32\stm32f030f4p6\build\lib\libSTM32F030F4P6.a(stm32f0xx_rcc.c.obj)
RCC_HSICmd                                        D:\STM32\stm32f030f4p6\build\lib\libSTM32F030F4P6.a(stm32f0xx_rcc.c.obj)
RCC_I2CCLKConfig                                  D:\STM32\stm32f030f4p6\build\lib\libSTM32F030F4P6.a(stm32f0xx_rcc.c.obj)
RCC_IRQHandler                                    D:\STM32\stm32f030f4p6\build\lib\libSTM32F030F4P6.a(startup_stm32f030x6.s.obj)
RCC_ITConfig                                      D:\STM32\stm32f030f4p6\build\lib\libSTM32F030F4P6.a(stm32f0xx_rcc.c.obj)
RCC_LSEConfig                                     D:\STM32\stm32f030f4p6\build\lib\libSTM32F030F4P6.a(stm32f0xx_rcc.c.obj)
RCC_LSEDriveConfig                                D:\STM32\stm32f030f4p6\build\lib\libSTM32F030F4P6.a(stm32f0xx_rcc.c.obj)
RCC_LSICmd                                        D:\STM32\stm32f030f4p6\build\lib\libSTM32F030F4P6.a(stm32f0xx_rcc.c.obj)
RCC_MCOConfig                                     D:\STM32\stm32f030f4p6\build\lib\libSTM32F030F4P6.a(stm32f0xx_rcc.c.obj)
RCC_PCLKConfig                                    D:\STM32\stm32f030f4p6\build\lib\libSTM32F030F4P6.a(stm32f0xx_rcc.c.obj)
RCC_PLLCmd                                        D:\STM32\stm32f030f4p6\build\lib\libSTM32F030F4P6.a(stm32f0xx_rcc.c.obj)
RCC_PLLConfig                                     D:\STM32\stm32f030f4p6\build\lib\libSTM32F030F4P6.a(stm32f0xx_rcc.c.obj)
RCC_PREDIV1Config                                 D:\STM32\stm32f030f4p6\build\lib\libSTM32F030F4P6.a(stm32f0xx_rcc.c.obj)
RCC_RTCCLKCmd                                     D:\STM32\stm32f030f4p6\build\lib\libSTM32F030F4P6.a(stm32f0xx_rcc.c.obj)
RCC_RTCCLKConfig                                  D:\STM32\stm32f030f4p6\build\lib\libSTM32F030F4P6.a(stm32f0xx_rcc.c.obj)
RCC_SYSCLKConfig                                  D:\STM32\stm32f030f4p6\build\lib\libSTM32F030F4P6.a(stm32f0xx_rcc.c.obj)
RCC_USARTCLKConfig                                D:\STM32\stm32f030f4p6\build\lib\libSTM32F030F4P6.a(stm32f0xx_rcc.c.obj)
RCC_USBCLKConfig                                  D:\STM32\stm32f030f4p6\build\lib\libSTM32F030F4P6.a(stm32f0xx_rcc.c.obj)
RCC_WaitForHSEStartUp                             D:\STM32\stm32f030f4p6\build\lib\libSTM32F030F4P6.a(stm32f0xx_rcc.c.obj)
RTC_IRQHandler                                    D:\STM32\stm32f030f4p6\build\lib\libSTM32F030F4P6.a(startup_stm32f030x6.s.obj)
Reset_Handler                                     D:\STM32\stm32f030f4p6\build\lib\libSTM32F030F4P6.a(startup_stm32f030x6.s.obj)
SPI1_IRQHandler                                   D:\STM32\stm32f030f4p6\build\lib\libSTM32F030F4P6.a(startup_stm32f030x6.s.obj)
SVC_Handler                                       D:\STM32\stm32f030f4p6\build\lib\libSTM32F030F4P6.a(portasm.c.obj)
                                                  D:\STM32\stm32f030f4p6\build\lib\libSTM32F030F4P6.a(startup_stm32f030x6.s.obj)
                                                  D:\STM32\stm32f030f4p6\build\lib\libSTM32F030F4P6.a(port.c.obj)
SysTick_CLKSourceConfig                           D:\STM32\stm32f030f4p6\build\lib\libSTM32F030F4P6.a(stm32f0xx_misc.c.obj)
                                                  CMakeFiles/STM32F030F4P6.elf.dir/main.c.obj
SysTick_Handler                                   D:\STM32\stm32f030f4p6\build\lib\libSTM32F030F4P6.a(port.c.obj)
                                                  D:\STM32\stm32f030f4p6\build\lib\libSTM32F030F4P6.a(startup_stm32f030x6.s.obj)
SystemCoreClock                                   D:\STM32\stm32f030f4p6\build\lib\libSTM32F030F4P6.a(system_stm32f0xx.c.obj)
                                                  CMakeFiles/STM32F030F4P6.elf.dir/main.c.obj
SystemCoreClockUpdate                             D:\STM32\stm32f030f4p6\build\lib\libSTM32F030F4P6.a(system_stm32f0xx.c.obj)
                                                  CMakeFiles/STM32F030F4P6.elf.dir/main.c.obj
SystemInit                                        D:\STM32\stm32f030f4p6\build\lib\libSTM32F030F4P6.a(system_stm32f0xx.c.obj)
                                                  D:\STM32\stm32f030f4p6\build\lib\libSTM32F030F4P6.a(startup_stm32f030x6.s.obj)
TIM14_IRQHandler                                  D:\STM32\stm32f030f4p6\build\lib\libSTM32F030F4P6.a(startup_stm32f030x6.s.obj)
TIM16_IRQHandler                                  D:\STM32\stm32f030f4p6\build\lib\libSTM32F030F4P6.a(startup_stm32f030x6.s.obj)
TIM17_IRQHandler                                  D:\STM32\stm32f030f4p6\build\lib\libSTM32F030F4P6.a(startup_stm32f030x6.s.obj)
TIM1_BRK_UP_TRG_COM_IRQHandler                    D:\STM32\stm32f030f4p6\build\lib\libSTM32F030F4P6.a(startup_stm32f030x6.s.obj)
TIM1_CC_IRQHandler                                D:\STM32\stm32f030f4p6\build\lib\libSTM32F030F4P6.a(startup_stm32f030x6.s.obj)
TIM3_IRQHandler                                   D:\STM32\stm32f030f4p6\build\lib\libSTM32F030F4P6.a(startup_stm32f030x6.s.obj)
USART1_IRQHandler                                 CMakeFiles/STM32F030F4P6.elf.dir/Source/uart.c.obj
USART_AddressDetectionConfig                      D:\STM32\stm32f030f4p6\build\lib\libSTM32F030F4P6.a(stm32f0xx_usart.c.obj)
USART_AutoBaudRateCmd                             D:\STM32\stm32f030f4p6\build\lib\libSTM32F030F4P6.a(stm32f0xx_usart.c.obj)
USART_AutoBaudRateConfig                          D:\STM32\stm32f030f4p6\build\lib\libSTM32F030F4P6.a(stm32f0xx_usart.c.obj)
USART_ClearFlag                                   D:\STM32\stm32f030f4p6\build\lib\libSTM32F030F4P6.a(stm32f0xx_usart.c.obj)
USART_ClearITPendingBit                           D:\STM32\stm32f030f4p6\build\lib\libSTM32F030F4P6.a(stm32f0xx_usart.c.obj)
                                                  CMakeFiles/STM32F030F4P6.elf.dir/Source/uart.c.obj
USART_ClockInit                                   D:\STM32\stm32f030f4p6\build\lib\libSTM32F030F4P6.a(stm32f0xx_usart.c.obj)
USART_ClockStructInit                             D:\STM32\stm32f030f4p6\build\lib\libSTM32F030F4P6.a(stm32f0xx_usart.c.obj)
USART_Cmd                                         D:\STM32\stm32f030f4p6\build\lib\libSTM32F030F4P6.a(stm32f0xx_usart.c.obj)
                                                  CMakeFiles/STM32F030F4P6.elf.dir/Source/uart.c.obj
USART_DECmd                                       D:\STM32\stm32f030f4p6\build\lib\libSTM32F030F4P6.a(stm32f0xx_usart.c.obj)
USART_DEPolarityConfig                            D:\STM32\stm32f030f4p6\build\lib\libSTM32F030F4P6.a(stm32f0xx_usart.c.obj)
USART_DMACmd                                      D:\STM32\stm32f030f4p6\build\lib\libSTM32F030F4P6.a(stm32f0xx_usart.c.obj)
USART_DMAReceptionErrorConfig                     D:\STM32\stm32f030f4p6\build\lib\libSTM32F030F4P6.a(stm32f0xx_usart.c.obj)
USART_DataInvCmd                                  D:\STM32\stm32f030f4p6\build\lib\libSTM32F030F4P6.a(stm32f0xx_usart.c.obj)
USART_DeInit                                      D:\STM32\stm32f030f4p6\build\lib\libSTM32F030F4P6.a(stm32f0xx_usart.c.obj)
                                                  CMakeFiles/STM32F030F4P6.elf.dir/Source/uart.c.obj
USART_DirectionModeCmd                            D:\STM32\stm32f030f4p6\build\lib\libSTM32F030F4P6.a(stm32f0xx_usart.c.obj)
USART_GetFlagStatus                               D:\STM32\stm32f030f4p6\build\lib\libSTM32F030F4P6.a(stm32f0xx_usart.c.obj)
USART_GetITStatus                                 D:\STM32\stm32f030f4p6\build\lib\libSTM32F030F4P6.a(stm32f0xx_usart.c.obj)
                                                  CMakeFiles/STM32F030F4P6.elf.dir/Source/uart.c.obj
USART_HalfDuplexCmd                               D:\STM32\stm32f030f4p6\build\lib\libSTM32F030F4P6.a(stm32f0xx_usart.c.obj)
USART_ITConfig                                    D:\STM32\stm32f030f4p6\build\lib\libSTM32F030F4P6.a(stm32f0xx_usart.c.obj)
                                                  CMakeFiles/STM32F030F4P6.elf.dir/Source/uart.c.obj
USART_Init                                        D:\STM32\stm32f030f4p6\build\lib\libSTM32F030F4P6.a(stm32f0xx_usart.c.obj)
                                                  CMakeFiles/STM32F030F4P6.elf.dir/Source/uart.c.obj
USART_InvPinCmd                                   D:\STM32\stm32f030f4p6\build\lib\libSTM32F030F4P6.a(stm32f0xx_usart.c.obj)
USART_IrDACmd                                     D:\STM32\stm32f030f4p6\build\lib\libSTM32F030F4P6.a(stm32f0xx_usart.c.obj)
USART_IrDAConfig                                  D:\STM32\stm32f030f4p6\build\lib\libSTM32F030F4P6.a(stm32f0xx_usart.c.obj)
USART_LINBreakDetectLengthConfig                  D:\STM32\stm32f030f4p6\build\lib\libSTM32F030F4P6.a(stm32f0xx_usart.c.obj)
USART_LINCmd                                      D:\STM32\stm32f030f4p6\build\lib\libSTM32F030F4P6.a(stm32f0xx_usart.c.obj)
USART_MSBFirstCmd                                 D:\STM32\stm32f030f4p6\build\lib\libSTM32F030F4P6.a(stm32f0xx_usart.c.obj)
USART_MuteModeCmd                                 D:\STM32\stm32f030f4p6\build\lib\libSTM32F030F4P6.a(stm32f0xx_usart.c.obj)
USART_MuteModeWakeUpConfig                        D:\STM32\stm32f030f4p6\build\lib\libSTM32F030F4P6.a(stm32f0xx_usart.c.obj)
USART_OneBitMethodCmd                             D:\STM32\stm32f030f4p6\build\lib\libSTM32F030F4P6.a(stm32f0xx_usart.c.obj)
USART_OverSampling8Cmd                            D:\STM32\stm32f030f4p6\build\lib\libSTM32F030F4P6.a(stm32f0xx_usart.c.obj)
USART_OverrunDetectionConfig                      D:\STM32\stm32f030f4p6\build\lib\libSTM32F030F4P6.a(stm32f0xx_usart.c.obj)
USART_ReceiveData                                 D:\STM32\stm32f030f4p6\build\lib\libSTM32F030F4P6.a(stm32f0xx_usart.c.obj)
                                                  CMakeFiles/STM32F030F4P6.elf.dir/Source/uart.c.obj
USART_ReceiverTimeOutCmd                          D:\STM32\stm32f030f4p6\build\lib\libSTM32F030F4P6.a(stm32f0xx_usart.c.obj)
USART_RequestCmd                                  D:\STM32\stm32f030f4p6\build\lib\libSTM32F030F4P6.a(stm32f0xx_usart.c.obj)
USART_STOPModeCmd                                 D:\STM32\stm32f030f4p6\build\lib\libSTM32F030F4P6.a(stm32f0xx_usart.c.obj)
USART_SWAPPinCmd                                  D:\STM32\stm32f030f4p6\build\lib\libSTM32F030F4P6.a(stm32f0xx_usart.c.obj)
USART_SendData                                    D:\STM32\stm32f030f4p6\build\lib\libSTM32F030F4P6.a(stm32f0xx_usart.c.obj)
                                                  CMakeFiles/STM32F030F4P6.elf.dir/Source/uart.c.obj
USART_SetAddress                                  D:\STM32\stm32f030f4p6\build\lib\libSTM32F030F4P6.a(stm32f0xx_usart.c.obj)
USART_SetAutoRetryCount                           D:\STM32\stm32f030f4p6\build\lib\libSTM32F030F4P6.a(stm32f0xx_usart.c.obj)
USART_SetBlockLength                              D:\STM32\stm32f030f4p6\build\lib\libSTM32F030F4P6.a(stm32f0xx_usart.c.obj)
USART_SetDEAssertionTime                          D:\STM32\stm32f030f4p6\build\lib\libSTM32F030F4P6.a(stm32f0xx_usart.c.obj)
USART_SetDEDeassertionTime                        D:\STM32\stm32f030f4p6\build\lib\libSTM32F030F4P6.a(stm32f0xx_usart.c.obj)
USART_SetGuardTime                                D:\STM32\stm32f030f4p6\build\lib\libSTM32F030F4P6.a(stm32f0xx_usart.c.obj)
USART_SetPrescaler                                D:\STM32\stm32f030f4p6\build\lib\libSTM32F030F4P6.a(stm32f0xx_usart.c.obj)
USART_SetReceiverTimeOut                          D:\STM32\stm32f030f4p6\build\lib\libSTM32F030F4P6.a(stm32f0xx_usart.c.obj)
USART_SmartCardCmd                                D:\STM32\stm32f030f4p6\build\lib\libSTM32F030F4P6.a(stm32f0xx_usart.c.obj)
USART_SmartCardNACKCmd                            D:\STM32\stm32f030f4p6\build\lib\libSTM32F030F4P6.a(stm32f0xx_usart.c.obj)
USART_StopModeWakeUpSourceConfig                  D:\STM32\stm32f030f4p6\build\lib\libSTM32F030F4P6.a(stm32f0xx_usart.c.obj)
USART_StructInit                                  D:\STM32\stm32f030f4p6\build\lib\libSTM32F030F4P6.a(stm32f0xx_usart.c.obj)
WWDG_IRQHandler                                   D:\STM32\stm32f030f4p6\build\lib\libSTM32F030F4P6.a(startup_stm32f030x6.s.obj)
__aeabi_idiv0                                     e:/10 2021.10/bin/../lib/gcc/arm-none-eabi/10.3.1/thumb/v6-m/nofp\libgcc.a(_dvmd_tls.o)
                                                  e:/10 2021.10/bin/../lib/gcc/arm-none-eabi/10.3.1/thumb/v6-m/nofp\libgcc.a(_udivsi3.o)
__aeabi_ldiv0                                     e:/10 2021.10/bin/../lib/gcc/arm-none-eabi/10.3.1/thumb/v6-m/nofp\libgcc.a(_dvmd_tls.o)
__aeabi_uidiv                                     e:/10 2021.10/bin/../lib/gcc/arm-none-eabi/10.3.1/thumb/v6-m/nofp\libgcc.a(_udivsi3.o)
                                                  D:\STM32\stm32f030f4p6\build\lib\libSTM32F030F4P6.a(stm32f0xx_usart.c.obj)
                                                  D:\STM32\stm32f030f4p6\build\lib\libSTM32F030F4P6.a(stm32f0xx_rcc.c.obj)
                                                  D:\STM32\stm32f030f4p6\build\lib\libSTM32F030F4P6.a(system_stm32f0xx.c.obj)
                                                  CMakeFiles/STM32F030F4P6.elf.dir/main.c.obj
__aeabi_uidivmod                                  e:/10 2021.10/bin/../lib/gcc/arm-none-eabi/10.3.1/thumb/v6-m/nofp\libgcc.a(_udivsi3.o)
                                                  D:\STM32\stm32f030f4p6\build\lib\libSTM32F030F4P6.a(stm32f0xx_usart.c.obj)
__bss_end__                                       e:/10 2021.10/bin/../lib/gcc/arm-none-eabi/10.3.1/../../../../arm-none-eabi/lib/thumb/v6-m/nofp/rdimon-crt0.o
__bss_start__                                     e:/10 2021.10/bin/../lib/gcc/arm-none-eabi/10.3.1/../../../../arm-none-eabi/lib/thumb/v6-m/nofp/rdimon-crt0.o
__call_exitprocs                                  e:/10 2021.10/bin/../lib/gcc/arm-none-eabi/10.3.1/../../../../arm-none-eabi/lib/thumb/v6-m/nofp\libg_nano.a(lib_a-exit.o)
__deregister_frame_info                           e:/10 2021.10/bin/../lib/gcc/arm-none-eabi/10.3.1/thumb/v6-m/nofp/crtbegin.o
__dso_handle                                      e:/10 2021.10/bin/../lib/gcc/arm-none-eabi/10.3.1/thumb/v6-m/nofp/crtbegin.o
__end__                                           e:/10 2021.10/bin/../lib/gcc/arm-none-eabi/10.3.1/../../../../arm-none-eabi/lib/thumb/v6-m/nofp/rdimon-crt0.o
__errno                                           e:/10 2021.10/bin/../lib/gcc/arm-none-eabi/10.3.1/../../../../arm-none-eabi/lib/thumb/v6-m/nofp\libc_nano.a(lib_a-errno.o)
                                                  e:/10 2021.10/bin/../lib/gcc/arm-none-eabi/10.3.1/../../../../arm-none-eabi/lib/thumb/v6-m/nofp\librdimon_nano.a(rdimon-syscalls.o)
__fp_lock_all                                     e:/10 2021.10/bin/../lib/gcc/arm-none-eabi/10.3.1/../../../../arm-none-eabi/lib/thumb/v6-m/nofp\libc_nano.a(lib_a-findfp.o)
__fp_unlock_all                                   e:/10 2021.10/bin/../lib/gcc/arm-none-eabi/10.3.1/../../../../arm-none-eabi/lib/thumb/v6-m/nofp\libc_nano.a(lib_a-findfp.o)
__heap_limit                                      e:/10 2021.10/bin/../lib/gcc/arm-none-eabi/10.3.1/../../../../arm-none-eabi/lib/thumb/v6-m/nofp\librdimon_nano.a(rdimon-syscalls.o)
                                                  e:/10 2021.10/bin/../lib/gcc/arm-none-eabi/10.3.1/../../../../arm-none-eabi/lib/thumb/v6-m/nofp/rdimon-crt0.o
__init_array_end                                  e:/10 2021.10/bin/../lib/gcc/arm-none-eabi/10.3.1/../../../../arm-none-eabi/lib/thumb/v6-m/nofp\libg_nano.a(lib_a-init.o)
__init_array_start                                e:/10 2021.10/bin/../lib/gcc/arm-none-eabi/10.3.1/../../../../arm-none-eabi/lib/thumb/v6-m/nofp\libg_nano.a(lib_a-init.o)
__libc_fini_array                                 e:/10 2021.10/bin/../lib/gcc/arm-none-eabi/10.3.1/../../../../arm-none-eabi/lib/thumb/v6-m/nofp/rdimon-crt0.o
__libc_init_array                                 e:/10 2021.10/bin/../lib/gcc/arm-none-eabi/10.3.1/../../../../arm-none-eabi/lib/thumb/v6-m/nofp\libg_nano.a(lib_a-init.o)
                                                  D:\STM32\stm32f030f4p6\build\lib\libSTM32F030F4P6.a(startup_stm32f030x6.s.obj)
                                                  e:/10 2021.10/bin/../lib/gcc/arm-none-eabi/10.3.1/../../../../arm-none-eabi/lib/thumb/v6-m/nofp/rdimon-crt0.o
__lock___arc4random_mutex                         e:/10 2021.10/bin/../lib/gcc/arm-none-eabi/10.3.1/../../../../arm-none-eabi/lib/thumb/v6-m/nofp\libc_nano.a(lib_a-lock.o)
__lock___at_quick_exit_mutex                      e:/10 2021.10/bin/../lib/gcc/arm-none-eabi/10.3.1/../../../../arm-none-eabi/lib/thumb/v6-m/nofp\libc_nano.a(lib_a-lock.o)
__lock___atexit_recursive_mutex                   e:/10 2021.10/bin/../lib/gcc/arm-none-eabi/10.3.1/../../../../arm-none-eabi/lib/thumb/v6-m/nofp\libc_nano.a(lib_a-lock.o)
__lock___dd_hash_mutex                            e:/10 2021.10/bin/../lib/gcc/arm-none-eabi/10.3.1/../../../../arm-none-eabi/lib/thumb/v6-m/nofp\libc_nano.a(lib_a-lock.o)
__lock___env_recursive_mutex                      e:/10 2021.10/bin/../lib/gcc/arm-none-eabi/10.3.1/../../../../arm-none-eabi/lib/thumb/v6-m/nofp\libc_nano.a(lib_a-lock.o)
__lock___malloc_recursive_mutex                   e:/10 2021.10/bin/../lib/gcc/arm-none-eabi/10.3.1/../../../../arm-none-eabi/lib/thumb/v6-m/nofp\libc_nano.a(lib_a-lock.o)
                                                  e:/10 2021.10/bin/../lib/gcc/arm-none-eabi/10.3.1/../../../../arm-none-eabi/lib/thumb/v6-m/nofp\libc_nano.a(lib_a-mlock.o)
__lock___sfp_recursive_mutex                      e:/10 2021.10/bin/../lib/gcc/arm-none-eabi/10.3.1/../../../../arm-none-eabi/lib/thumb/v6-m/nofp\libc_nano.a(lib_a-lock.o)
                                                  e:/10 2021.10/bin/../lib/gcc/arm-none-eabi/10.3.1/../../../../arm-none-eabi/lib/thumb/v6-m/nofp\libc_nano.a(lib_a-findfp.o)
__lock___sinit_recursive_mutex                    e:/10 2021.10/bin/../lib/gcc/arm-none-eabi/10.3.1/../../../../arm-none-eabi/lib/thumb/v6-m/nofp\libc_nano.a(lib_a-lock.o)
                                                  e:/10 2021.10/bin/../lib/gcc/arm-none-eabi/10.3.1/../../../../arm-none-eabi/lib/thumb/v6-m/nofp\libc_nano.a(lib_a-findfp.o)
__lock___tz_mutex                                 e:/10 2021.10/bin/../lib/gcc/arm-none-eabi/10.3.1/../../../../arm-none-eabi/lib/thumb/v6-m/nofp\libc_nano.a(lib_a-lock.o)
__malloc_free_list                                e:/10 2021.10/bin/../lib/gcc/arm-none-eabi/10.3.1/../../../../arm-none-eabi/lib/thumb/v6-m/nofp\libc_nano.a(lib_a-nano-mallocr.o)
                                                  e:/10 2021.10/bin/../lib/gcc/arm-none-eabi/10.3.1/../../../../arm-none-eabi/lib/thumb/v6-m/nofp\libc_nano.a(lib_a-nano-freer.o)
__malloc_lock                                     e:/10 2021.10/bin/../lib/gcc/arm-none-eabi/10.3.1/../../../../arm-none-eabi/lib/thumb/v6-m/nofp\libc_nano.a(lib_a-mlock.o)
                                                  e:/10 2021.10/bin/../lib/gcc/arm-none-eabi/10.3.1/../../../../arm-none-eabi/lib/thumb/v6-m/nofp\libc_nano.a(lib_a-nano-freer.o)
                                                  e:/10 2021.10/bin/../lib/gcc/arm-none-eabi/10.3.1/../../../../arm-none-eabi/lib/thumb/v6-m/nofp\libc_nano.a(lib_a-nano-mallocr.o)
__malloc_sbrk_start                               e:/10 2021.10/bin/../lib/gcc/arm-none-eabi/10.3.1/../../../../arm-none-eabi/lib/thumb/v6-m/nofp\libc_nano.a(lib_a-nano-mallocr.o)
__malloc_unlock                                   e:/10 2021.10/bin/../lib/gcc/arm-none-eabi/10.3.1/../../../../arm-none-eabi/lib/thumb/v6-m/nofp\libc_nano.a(lib_a-mlock.o)
                                                  e:/10 2021.10/bin/../lib/gcc/arm-none-eabi/10.3.1/../../../../arm-none-eabi/lib/thumb/v6-m/nofp\libc_nano.a(lib_a-nano-freer.o)
                                                  e:/10 2021.10/bin/../lib/gcc/arm-none-eabi/10.3.1/../../../../arm-none-eabi/lib/thumb/v6-m/nofp\libc_nano.a(lib_a-nano-mallocr.o)
__preinit_array_end                               e:/10 2021.10/bin/../lib/gcc/arm-none-eabi/10.3.1/../../../../arm-none-eabi/lib/thumb/v6-m/nofp\libg_nano.a(lib_a-init.o)
__preinit_array_start                             e:/10 2021.10/bin/../lib/gcc/arm-none-eabi/10.3.1/../../../../arm-none-eabi/lib/thumb/v6-m/nofp\libg_nano.a(lib_a-init.o)
__register_frame_info                             e:/10 2021.10/bin/../lib/gcc/arm-none-eabi/10.3.1/thumb/v6-m/nofp/crtbegin.o
__retarget_lock_acquire                           e:/10 2021.10/bin/../lib/gcc/arm-none-eabi/10.3.1/../../../../arm-none-eabi/lib/thumb/v6-m/nofp\libc_nano.a(lib_a-lock.o)
__retarget_lock_acquire_recursive                 e:/10 2021.10/bin/../lib/gcc/arm-none-eabi/10.3.1/../../../../arm-none-eabi/lib/thumb/v6-m/nofp\libc_nano.a(lib_a-lock.o)